10.0.0.50 - - [04/Oct/2025:21:06:24 +0000] "GET /index.html HTTP/1.1" 200 4493 "-" "Mozilla/5.0 (X11; Linux x86_64) AppleWebKit/537.36"
198.51.100.88 - - [04/Oct/2025:00:42:27 +0000] "GET /images/logo.png HTTP/1.1" 200 2058 "-" "python-requests/2.25.1"
198.51.100.88 - - [04/Oct/2025:22:56:10 +0000] "GET /images/logo.png HTTP/1.1" 200 5002 "-" "python-requests/2.25.1"
203.0.113.45 - - [04/Oct/2025:01:49:15 +0000] "GET /index.html HTTP/1.1" 200 3220 "-" "Mozilla/5.0 (Windows NT 10.0; Win64; x64) AppleWebKit/537.36"
172.16.5.20 - - [04/Oct/2025:15:35:16 +0000] "GET /static/js/app.js HTTP/1.1" 200 3693 "-" "curl/7.68.0"
192.168.1.100 - - [04/Oct/2025:06:11:08 +0000] "GET /index.html HTTP/1.1" 200 3222 "-" "Mozilla/5.0 (Windows NT 10.0; Win64; x64) AppleWebKit/537.36"
10.0.0.50 - - [04/Oct/2025:11:44:02 +0000] "GET /index.html HTTP/1.1" 200 5045 "-" "Mozilla/5.0 (Windows NT 10.0; Win64; x64) AppleWebKit/537.36"
198.51.100.88 - - [04/Oct/2025:05:04:48 +0000] "GET /api/users HTTP/1.1" 200 3834 "-" "Mozilla/5.0 (X11; Linux x86_64) AppleWebKit/537.36"
203.0.113.45 - - [04/Oct/2025:15:03:28 +0000] "GET /api/users HTTP/1.1" 200 1959 "-" "Mozilla/5.0 (Windows NT 10.0; Win64; x64) AppleWebKit/537.36"
192.168.1.100 - - [04/Oct/2025:07:50:38 +0000] "GET /about.html HTTP/1.1" 200 2856 "-" "Mozilla/5.0 (Macintosh; Intel Mac OS X 10_15_7)"
198.51.100.88 - - [04/Oct/2025:17:27:13 +0000] "GET /contact.html HTTP/1.1" 200 2292 "-" "Mozilla/5.0 (Windows NT 10.0; Win64; x64) AppleWebKit/537.36"
203.0.113.45 - - [04/Oct/2025:17:01:29 +0000] "GET /api/auth HTTP/1.1" 200 4827 "-" "Mozilla/5.0 (X11; Linux x86_64) AppleWebKit/537.36"
203.0.113.45 - - [04/Oct/2025:02:51:54 +0000] "GET /static/css/main.css HTTP/1.1" 200 1816 "-" "Mozilla/5.0 (Macintosh; Intel Mac OS X 10_15_7)"
172.16.5.20 - - [04/Oct/2025:16:58:14 +0000] "GET /about.html HTTP/1.1" 200 883 "-" "curl/7.68.0"
192.168.1.100 - - [04/Oct/2025:20:04:30 +0000] "GET /images/logo.png HTTP/1.1" 200 3405 "-" "curl/7.68.0"
172.16.5.20 - - [04/Oct/2025:10:12:59 +0000] "GET /api/auth HTTP/1.1" 200 5239 "-" "Mozilla/5.0 (X11; Linux x86_64) AppleWebKit/537.36"
192.168.1.100 - - [04/Oct/2025:12:32:59 +0000] "GET /api/users HTTP/1.1" 200 1081 "-" "Mozilla/5.0 (Macintosh; Intel Mac OS X 10_15_7)"
203.0.113.45 - - [04/Oct/2025:17:27:57 +0000] "GET /images/logo.png HTTP/1.1" 200 872 "-" "Mozilla/5.0 (Windows NT 10.0; Win64; x64) AppleWebKit/537.36"
10.0.0.50 - - [04/Oct/2025:22:25:29 +0000] "GET /api/auth HTTP/1.1" 200 5122 "-" "Mozilla/5.0 (Macintosh; Intel Mac OS X 10_15_7)"
198.51.100.88 - - [04/Oct/2025:16:46:46 +0000] "GET /images/logo.png HTTP/1.1" 200 2319 "-" "curl/7.68.0"
10.0.0.50 - - [04/Oct/2025:01:42:13 +0000] "GET /api/auth HTTP/1.1" 200 2743 "-" "curl/7.68.0"
172.16.5.20 - - [04/Oct/2025:09:17:39 +0000] "GET /images/logo.png HTTP/1.1" 200 3610 "-" "Mozilla/5.0 (Macintosh; Intel Mac OS X 10_15_7)"
10.0.0.50 - - [04/Oct/2025:07:34:36 +0000] "GET /api/auth HTTP/1.1" 200 3275 "-" "Mozilla/5.0 (X11; Linux x86_64) AppleWebKit/537.36"
192.168.1.100 - - [04/Oct/2025:23:30:33 +0000] "GET /static/css/main.css HTTP/1.1" 200 1411 "-" "Mozilla/5.0 (Windows NT 10.0; Win64; x64) AppleWebKit/537.36"
203.0.113.45 - - [04/Oct/2025:23:49:15 +0000] "GET /about.html HTTP/1.1" 200 2420 "-" "Mozilla/5.0 (X11; Linux x86_64) AppleWebKit/537.36"
10.0.0.50 - - [04/Oct/2025:03:21:50 +0000] "GET /static/css/main.css HTTP/1.1" 404 575 "-" "Mozilla/5.0 (Windows NT 10.0; Win64; x64) AppleWebKit/537.36"
10.0.0.50 - - [04/Oct/2025:10:38:17 +0000] "GET /api/users HTTP/1.1" 200 5013 "-" "Mozilla/5.0 (X11; Linux x86_64) AppleWebKit/537.36"
203.0.113.45 - - [04/Oct/2025:06:49:25 +0000] "GET /about.html HTTP/1.1" 200 3811 "-" "curl/7.68.0"
203.0.113.45 - - [04/Oct/2025:04:09:38 +0000] "GET /images/logo.png HTTP/1.1" 200 3224 "-" "python-requests/2.25.1"
198.51.100.88 - - [04/Oct/2025:06:31:23 +0000] "GET /images/logo.png HTTP/1.1" 200 1671 "-" "python-requests/2.25.1"
172.16.5.20 - - [04/Oct/2025:20:42:38 +0000] "GET /static/js/app.js HTTP/1.1" 200 566 "-" "Mozilla/5.0 (Windows NT 10.0; Win64; x64) AppleWebKit/537.36"
172.16.5.20 - - [04/Oct/2025:19:39:40 +0000] "GET /index.html HTTP/1.1" 200 4402 "-" "Mozilla/5.0 (X11; Linux x86_64) AppleWebKit/537.36"
192.168.1.100 - - [04/Oct/2025:09:05:58 +0000] "GET /contact.html HTTP/1.1" 200 4662 "-" "Mozilla/5.0 (Windows NT 10.0; Win64; x64) AppleWebKit/537.36"
203.0.113.45 - - [04/Oct/2025:07:19:40 +0000] "GET /index.html HTTP/1.1" 200 2790 "-" "Mozilla/5.0 (X11; Linux x86_64) AppleWebKit/537.36"
192.168.1.100 - - [04/Oct/2025:23:25:43 +0000] "GET /about.html HTTP/1.1" 200 1498 "-" "python-requests/2.25.1"
203.0.113.45 - - [04/Oct/2025:22:44:47 +0000] "GET /contact.html HTTP/1.1" 200 3615 "-" "Mozilla/5.0 (X11; Linux x86_64) AppleWebKit/537.36"
203.0.113.45 - - [04/Oct/2025:23:13:18 +0000] "GET /images/logo.png HTTP/1.1" 200 4047 "-" "Mozilla/5.0 (X11; Linux x86_64) AppleWebKit/537.36"
172.16.5.20 - - [04/Oct/2025:13:02:34 +0000] "GET /images/logo.png HTTP/1.1" 200 2298 "-" "Mozilla/5.0 (X11; Linux x86_64) AppleWebKit/537.36"
203.0.113.45 - - [04/Oct/2025:18:22:18 +0000] "GET /static/css/main.css HTTP/1.1" 200 2333 "-" "curl/7.68.0"
10.0.0.50 - - [04/Oct/2025:21:26:23 +0000] "GET /contact.html HTTP/1.1" 200 3628 "-" "python-requests/2.25.1"
192.168.1.100 - - [04/Oct/2025:09:23:16 +0000] "GET /api/auth HTTP/1.1" 200 2377 "-" "python-requests/2.25.1"
198.51.100.88 - - [04/Oct/2025:21:15:08 +0000] "GET /about.html HTTP/1.1" 200 5393 "-" "python-requests/2.25.1"
172.16.5.20 - - [04/Oct/2025:18:28:45 +0000] "GET /index.html HTTP/1.1" 200 1064 "-" "Mozilla/5.0 (Macintosh; Intel Mac OS X 10_15_7)"
198.51.100.88 - - [04/Oct/2025:00:32:52 +0000] "GET /images/logo.png HTTP/1.1" 200 3366 "-" "Mozilla/5.0 (X11; Linux x86_64) AppleWebKit/537.36"
172.16.5.20 - - [04/Oct/2025:19:45:45 +0000] "GET /about.html HTTP/1.1" 200 2774 "-" "curl/7.68.0"
172.16.5.20 - - [04/Oct/2025:06:36:54 +0000] "GET /contact.html HTTP/1.1" 200 5468 "-" "python-requests/2.25.1"
203.0.113.45 - - [04/Oct/2025:20:50:18 +0000] "GET /contact.html HTTP/1.1" 200 1670 "-" "Mozilla/5.0 (Macintosh; Intel Mac OS X 10_15_7)"
192.168.1.100 - - [04/Oct/2025:02:20:07 +0000] "GET /images/logo.png HTTP/1.1" 200 801 "-" "Mozilla/5.0 (Windows NT 10.0; Win64; x64) AppleWebKit/537.36"
192.168.1.100 - - [04/Oct/2025:19:19:14 +0000] "GET /index.html HTTP/1.1" 200 5092 "-" "Mozilla/5.0 (Windows NT 10.0; Win64; x64) AppleWebKit/537.36"
172.16.5.20 - - [04/Oct/2025:20:18:19 +0000] "GET /api/auth HTTP/1.1" 200 3282 "-" "curl/7.68.0"
203.0.113.45 - - [04/Oct/2025:19:20:36 +0000] "GET /api/auth HTTP/1.1" 200 1181 "-" "Mozilla/5.0 (Macintosh; Intel Mac OS X 10_15_7)"
172.16.5.20 - - [04/Oct/2025:05:39:38 +0000] "GET /static/css/main.css HTTP/1.1" 200 714 "-" "Mozilla/5.0 (X11; Linux x86_64) AppleWebKit/537.36"
198.51.100.88 - - [04/Oct/2025:02:45:25 +0000] "GET /api/users HTTP/1.1" 200 2473 "-" "python-requests/2.25.1"
192.168.1.100 - - [04/Oct/2025:09:02:15 +0000] "GET /index.html HTTP/1.1" 200 4323 "-" "curl/7.68.0"
10.0.0.50 - - [04/Oct/2025:07:51:23 +0000] "GET /static/css/main.css HTTP/1.1" 200 3039 "-" "curl/7.68.0"
192.168.1.100 - - [04/Oct/2025:23:14:14 +0000] "GET /static/js/app.js HTTP/1.1" 200 5280 "-" "curl/7.68.0"
172.16.5.20 - - [04/Oct/2025:21:20:02 +0000] "GET /static/css/main.css HTTP/1.1" 200 4622 "-" "Mozilla/5.0 (Windows NT 10.0; Win64; x64) AppleWebKit/537.36"
198.51.100.88 - - [04/Oct/2025:20:52:17 +0000] "GET /static/js/app.js HTTP/1.1" 200 5406 "-" "Mozilla/5.0 (Windows NT 10.0; Win64; x64) AppleWebKit/537.36"
192.168.1.100 - - [04/Oct/2025:17:00:39 +0000] "GET /index.html HTTP/1.1" 404 2756 "-" "python-requests/2.25.1"
10.0.0.50 - - [04/Oct/2025:03:22:00 +0000] "GET /index.html HTTP/1.1" 200 2452 "-" "Mozilla/5.0 (X11; Linux x86_64) AppleWebKit/537.36"
172.16.5.20 - - [04/Oct/2025:08:01:43 +0000] "GET /api/users HTTP/1.1" 200 1542 "-" "curl/7.68.0"
192.168.1.100 - - [04/Oct/2025:06:11:58 +0000] "GET /contact.html HTTP/1.1" 200 2017 "-" "python-requests/2.25.1"
203.0.113.45 - - [04/Oct/2025:07:11:33 +0000] "GET /images/logo.png HTTP/1.1" 200 4907 "-" "Mozilla/5.0 (Macintosh; Intel Mac OS X 10_15_7)"
203.0.113.45 - - [04/Oct/2025:05:34:14 +0000] "GET /api/users HTTP/1.1" 404 2550 "-" "python-requests/2.25.1"
198.51.100.88 - - [04/Oct/2025:03:03:50 +0000] "GET /static/css/main.css HTTP/1.1" 200 1247 "-" "Mozilla/5.0 (Macintosh; Intel Mac OS X 10_15_7)"
192.168.1.100 - - [04/Oct/2025:06:50:51 +0000] "GET /api/auth HTTP/1.1" 200 1918 "-" "python-requests/2.25.1"
198.51.100.88 - - [04/Oct/2025:15:07:07 +0000] "GET /static/css/main.css HTTP/1.1" 200 939 "-" "curl/7.68.0"
198.51.100.88 - - [04/Oct/2025:08:02:37 +0000] "GET /images/logo.png HTTP/1.1" 200 3947 "-" "Mozilla/5.0 (Macintosh; Intel Mac OS X 10_15_7)"
203.0.113.45 - - [04/Oct/2025:00:22:23 +0000] "GET /about.html HTTP/1.1" 200 5134 "-" "Mozilla/5.0 (Macintosh; Intel Mac OS X 10_15_7)"
172.16.5.20 - - [04/Oct/2025:04:51:30 +0000] "GET /index.html HTTP/1.1" 200 5378 "-" "python-requests/2.25.1"
192.168.1.100 - - [04/Oct/2025:08:05:14 +0000] "GET /index.html HTTP/1.1" 404 1115 "-" "Mozilla/5.0 (Macintosh; Intel Mac OS X 10_15_7)"
198.51.100.88 - - [04/Oct/2025:18:00:28 +0000] "GET /static/js/app.js HTTP/1.1" 200 655 "-" "python-requests/2.25.1"
10.0.0.50 - - [04/Oct/2025:20:46:22 +0000] "GET /index.html HTTP/1.1" 200 2037 "-" "Mozilla/5.0 (Macintosh; Intel Mac OS X 10_15_7)"
10.0.0.50 - - [04/Oct/2025:22:05:05 +0000] "GET /static/js/app.js HTTP/1.1" 200 2373 "-" "python-requests/2.25.1"
192.168.1.100 - - [04/Oct/2025:00:49:42 +0000] "GET /images/logo.png HTTP/1.1" 200 4006 "-" "Mozilla/5.0 (Macintosh; Intel Mac OS X 10_15_7)"
10.0.0.50 - - [04/Oct/2025:13:24:38 +0000] "GET /index.html HTTP/1.1" 200 5091 "-" "python-requests/2.25.1"
10.0.0.50 - - [04/Oct/2025:05:12:03 +0000] "GET /about.html HTTP/1.1" 200 1546 "-" "Mozilla/5.0 (Windows NT 10.0; Win64; x64) AppleWebKit/537.36"
10.0.0.50 - - [04/Oct/2025:21:04:21 +0000] "GET /contact.html HTTP/1.1" 200 3414 "-" "curl/7.68.0"
172.16.5.20 - - [04/Oct/2025:12:36:42 +0000] "GET /index.html HTTP/1.1" 200 3806 "-" "Mozilla/5.0 (X11; Linux x86_64) AppleWebKit/537.36"
198.51.100.88 - - [04/Oct/2025:19:27:22 +0000] "GET /api/auth HTTP/1.1" 200 4964 "-" "python-requests/2.25.1"
192.168.1.100 - - [04/Oct/2025:04:05:50 +0000] "GET /images/logo.png HTTP/1.1" 200 1520 "-" "curl/7.68.0"
203.0.113.45 - - [04/Oct/2025:15:50:53 +0000] "GET /api/users HTTP/1.1" 200 3356 "-" "curl/7.68.0"
10.0.0.50 - - [04/Oct/2025:21:00:33 +0000] "GET /images/logo.png HTTP/1.1" 200 2928 "-" "curl/7.68.0"
10.0.0.50 - - [04/Oct/2025:07:40:06 +0000] "GET /contact.html HTTP/1.1" 200 5128 "-" "curl/7.68.0"
172.16.5.20 - - [04/Oct/2025:14:48:59 +0000] "GET /static/css/main.css HTTP/1.1" 200 522 "-" "python-requests/2.25.1"
203.0.113.45 - - [04/Oct/2025:05:29:56 +0000] "GET /static/js/app.js HTTP/1.1" 200 932 "-" "curl/7.68.0"
198.51.100.88 - - [04/Oct/2025:19:42:56 +0000] "GET /index.html HTTP/1.1" 200 3535 "-" "Mozilla/5.0 (Macintosh; Intel Mac OS X 10_15_7)"
203.0.113.45 - - [04/Oct/2025:04:01:13 +0000] "GET /about.html HTTP/1.1" 200 571 "-" "Mozilla/5.0 (Macintosh; Intel Mac OS X 10_15_7)"
203.0.113.45 - - [04/Oct/2025:00:21:12 +0000] "GET /static/js/app.js HTTP/1.1" 200 1135 "-" "Mozilla/5.0 (Macintosh; Intel Mac OS X 10_15_7)"
172.16.5.20 - - [04/Oct/2025:21:06:19 +0000] "GET /static/js/app.js HTTP/1.1" 200 1303 "-" "python-requests/2.25.1"
172.16.5.20 - - [04/Oct/2025:16:24:46 +0000] "GET /images/logo.png HTTP/1.1" 200 1871 "-" "curl/7.68.0"
203.0.113.45 - - [04/Oct/2025:22:25:40 +0000] "GET /api/auth HTTP/1.1" 200 3620 "-" "Mozilla/5.0 (X11; Linux x86_64) AppleWebKit/537.36"
198.51.100.88 - - [04/Oct/2025:10:31:46 +0000] "GET /about.html HTTP/1.1" 200 1195 "-" "python-requests/2.25.1"
10.0.0.50 - - [04/Oct/2025:23:09:22 +0000] "GET /images/logo.png HTTP/1.1" 200 1517 "-" "python-requests/2.25.1"
198.51.100.88 - - [04/Oct/2025:03:41:25 +0000] "GET /static/css/main.css HTTP/1.1" 200 3264 "-" "Mozilla/5.0 (X11; Linux x86_64) AppleWebKit/537.36"
192.168.1.100 - - [04/Oct/2025:04:21:40 +0000] "GET /api/auth HTTP/1.1" 200 4044 "-" "Mozilla/5.0 (Macintosh; Intel Mac OS X 10_15_7)"
203.0.113.45 - - [04/Oct/2025:09:15:23 +0000] "GET /static/js/app.js HTTP/1.1" 200 5499 "-" "Mozilla/5.0 (Windows NT 10.0; Win64; x64) AppleWebKit/537.36"
192.168.1.100 - - [04/Oct/2025:18:14:24 +0000] "GET /api/auth HTTP/1.1" 200 4359 "-" "python-requests/2.25.1"
172.16.5.20 - - [04/Oct/2025:11:40:53 +0000] "GET /index.html HTTP/1.1" 200 4620 "-" "Mozilla/5.0 (Macintosh; Intel Mac OS X 10_15_7)"
172.16.5.20 - - [04/Oct/2025:09:52:47 +0000] "GET /contact.html HTTP/1.1" 200 1266 "-" "Mozilla/5.0 (Windows NT 10.0; Win64; x64) AppleWebKit/537.36"
203.0.113.45 - - [04/Oct/2025:03:54:19 +0000] "GET /images/logo.png HTTP/1.1" 200 3924 "-" "Mozilla/5.0 (Windows NT 10.0; Win64; x64) AppleWebKit/537.36"
172.16.5.20 - - [04/Oct/2025:17:51:16 +0000] "GET /index.html HTTP/1.1" 200 2576 "-" "python-requests/2.25.1"
203.0.113.45 - - [04/Oct/2025:15:53:00 +0000] "GET /api/auth HTTP/1.1" 200 2021 "-" "curl/7.68.0"
192.168.1.100 - - [04/Oct/2025:07:03:53 +0000] "GET /contact.html HTTP/1.1" 404 4849 "-" "Mozilla/5.0 (Macintosh; Intel Mac OS X 10_15_7)"
192.168.1.100 - - [04/Oct/2025:23:12:57 +0000] "GET /index.html HTTP/1.1" 200 1319 "-" "Mozilla/5.0 (Macintosh; Intel Mac OS X 10_15_7)"
192.168.1.100 - - [04/Oct/2025:07:32:22 +0000] "GET /static/js/app.js HTTP/1.1" 200 4114 "-" "Mozilla/5.0 (Macintosh; Intel Mac OS X 10_15_7)"
172.16.5.20 - - [04/Oct/2025:09:10:10 +0000] "GET /images/logo.png HTTP/1.1" 200 4758 "-" "python-requests/2.25.1"
203.0.113.45 - - [04/Oct/2025:17:22:18 +0000] "GET /static/css/main.css HTTP/1.1" 200 4262 "-" "Mozilla/5.0 (X11; Linux x86_64) AppleWebKit/537.36"
192.168.1.100 - - [04/Oct/2025:18:16:44 +0000] "GET /index.html HTTP/1.1" 200 3261 "-" "Mozilla/5.0 (Windows NT 10.0; Win64; x64) AppleWebKit/537.36"
10.0.0.50 - - [04/Oct/2025:22:17:58 +0000] "GET /static/js/app.js HTTP/1.1" 200 1326 "-" "curl/7.68.0"
172.16.5.20 - - [04/Oct/2025:06:29:25 +0000] "GET /api/users HTTP/1.1" 200 1216 "-" "Mozilla/5.0 (X11; Linux x86_64) AppleWebKit/537.36"
192.168.1.100 - - [04/Oct/2025:03:50:26 +0000] "GET /contact.html HTTP/1.1" 200 1556 "-" "curl/7.68.0"
10.0.0.50 - - [04/Oct/2025:17:56:07 +0000] "GET /api/auth HTTP/1.1" 404 2026 "-" "python-requests/2.25.1"
172.16.5.20 - - [04/Oct/2025:20:33:11 +0000] "GET /static/css/main.css HTTP/1.1" 200 5255 "-" "Mozilla/5.0 (Macintosh; Intel Mac OS X 10_15_7)"
10.0.0.50 - - [04/Oct/2025:06:37:27 +0000] "GET /static/css/main.css HTTP/1.1" 200 2619 "-" "python-requests/2.25.1"
172.16.5.20 - - [04/Oct/2025:10:21:45 +0000] "GET /api/users HTTP/1.1" 200 4491 "-" "Mozilla/5.0 (Windows NT 10.0; Win64; x64) AppleWebKit/537.36"
203.0.113.45 - - [04/Oct/2025:22:59:31 +0000] "GET /static/css/main.css HTTP/1.1" 200 3015 "-" "Mozilla/5.0 (X11; Linux x86_64) AppleWebKit/537.36"
172.16.5.20 - - [04/Oct/2025:20:48:37 +0000] "GET /images/logo.png HTTP/1.1" 200 4546 "-" "Mozilla/5.0 (Windows NT 10.0; Win64; x64) AppleWebKit/537.36"
192.168.1.100 - - [04/Oct/2025:22:36:42 +0000] "GET /index.html HTTP/1.1" 200 1005 "-" "Mozilla/5.0 (Macintosh; Intel Mac OS X 10_15_7)"
198.51.100.88 - - [04/Oct/2025:00:33:03 +0000] "GET /index.html HTTP/1.1" 200 600 "-" "python-requests/2.25.1"
203.0.113.45 - - [04/Oct/2025:03:21:14 +0000] "GET /static/css/main.css HTTP/1.1" 200 2930 "-" "Mozilla/5.0 (X11; Linux x86_64) AppleWebKit/537.36"
198.51.100.88 - - [04/Oct/2025:04:43:40 +0000] "GET /index.html HTTP/1.1" 200 2432 "-" "Mozilla/5.0 (Macintosh; Intel Mac OS X 10_15_7)"
198.51.100.88 - - [04/Oct/2025:18:03:24 +0000] "GET /api/users HTTP/1.1" 200 3015 "-" "Mozilla/5.0 (Macintosh; Intel Mac OS X 10_15_7)"
203.0.113.45 - - [04/Oct/2025:07:28:09 +0000] "GET /static/js/app.js HTTP/1.1" 200 4867 "-" "Mozilla/5.0 (Macintosh; Intel Mac OS X 10_15_7)"
192.168.1.100 - - [04/Oct/2025:09:54:43 +0000] "GET /images/logo.png HTTP/1.1" 200 1208 "-" "python-requests/2.25.1"
192.168.1.100 - - [04/Oct/2025:09:07:06 +0000] "GET /api/users HTTP/1.1" 200 3859 "-" "curl/7.68.0"
192.168.1.100 - - [04/Oct/2025:15:18:29 +0000] "GET /api/auth HTTP/1.1" 200 2622 "-" "Mozilla/5.0 (X11; Linux x86_64) AppleWebKit/537.36"
192.168.1.100 - - [04/Oct/2025:03:41:04 +0000] "GET /contact.html HTTP/1.1" 200 3700 "-" "Mozilla/5.0 (Macintosh; Intel Mac OS X 10_15_7)"
203.0.113.45 - - [04/Oct/2025:10:52:56 +0000] "GET /images/logo.png HTTP/1.1" 200 4664 "-" "python-requests/2.25.1"
192.168.1.100 - - [04/Oct/2025:12:19:48 +0000] "GET /index.html HTTP/1.1" 200 4570 "-" "python-requests/2.25.1"
192.168.1.100 - - [04/Oct/2025:22:55:35 +0000] "GET /api/auth HTTP/1.1" 200 634 "-" "python-requests/2.25.1"
192.168.1.100 - - [04/Oct/2025:10:21:19 +0000] "GET /api/auth HTTP/1.1" 200 2642 "-" "Mozilla/5.0 (Windows NT 10.0; Win64; x64) AppleWebKit/537.36"
192.168.1.100 - - [04/Oct/2025:00:17:19 +0000] "GET /api/users HTTP/1.1" 404 720 "-" "python-requests/2.25.1"
192.168.1.100 - - [04/Oct/2025:22:49:35 +0000] "GET /static/css/main.css HTTP/1.1" 200 5334 "-" "python-requests/2.25.1"
203.0.113.45 - - [04/Oct/2025:01:10:37 +0000] "GET /images/logo.png HTTP/1.1" 200 1628 "-" "Mozilla/5.0 (Macintosh; Intel Mac OS X 10_15_7)"
198.51.100.88 - - [04/Oct/2025:20:43:19 +0000] "GET /about.html HTTP/1.1" 200 1982 "-" "curl/7.68.0"
10.0.0.50 - - [04/Oct/2025:21:43:25 +0000] "GET /api/users HTTP/1.1" 200 3344 "-" "curl/7.68.0"
198.51.100.88 - - [04/Oct/2025:07:38:31 +0000] "GET /about.html HTTP/1.1" 404 1618 "-" "python-requests/2.25.1"
198.51.100.88 - - [04/Oct/2025:16:51:15 +0000] "GET /index.html HTTP/1.1" 200 3390 "-" "Mozilla/5.0 (Windows NT 10.0; Win64; x64) AppleWebKit/537.36"
203.0.113.45 - - [04/Oct/2025:13:34:15 +0000] "GET /static/css/main.css HTTP/1.1" 200 3028 "-" "Mozilla/5.0 (Windows NT 10.0; Win64; x64) AppleWebKit/537.36"
198.51.100.88 - - [04/Oct/2025:17:58:08 +0000] "GET /about.html HTTP/1.1" 200 4593 "-" "curl/7.68.0"
10.0.0.50 - - [04/Oct/2025:14:02:26 +0000] "GET /api/users HTTP/1.1" 200 557 "-" "Mozilla/5.0 (Windows NT 10.0; Win64; x64) AppleWebKit/537.36"
10.0.0.50 - - [04/Oct/2025:23:26:47 +0000] "GET /images/logo.png HTTP/1.1" 200 1705 "-" "Mozilla/5.0 (Macintosh; Intel Mac OS X 10_15_7)"
10.0.0.50 - - [04/Oct/2025:18:06:32 +0000] "GET /about.html HTTP/1.1" 200 3829 "-" "python-requests/2.25.1"
172.16.5.20 - - [04/Oct/2025:23:23:40 +0000] "GET /api/users HTTP/1.1" 200 5092 "-" "Mozilla/5.0 (Windows NT 10.0; Win64; x64) AppleWebKit/537.36"
192.168.1.100 - - [04/Oct/2025:19:24:38 +0000] "GET /static/css/main.css HTTP/1.1" 200 1089 "-" "Mozilla/5.0 (Windows NT 10.0; Win64; x64) AppleWebKit/537.36"
192.168.1.100 - - [04/Oct/2025:09:27:30 +0000] "GET /static/js/app.js HTTP/1.1" 200 2035 "-" "curl/7.68.0"
192.168.1.100 - - [04/Oct/2025:13:15:37 +0000] "GET /about.html HTTP/1.1" 200 1939 "-" "curl/7.68.0"
10.0.0.50 - - [04/Oct/2025:19:59:50 +0000] "GET /static/css/main.css HTTP/1.1" 200 2396 "-" "Mozilla/5.0 (Macintosh; Intel Mac OS X 10_15_7)"
192.168.1.100 - - [04/Oct/2025:22:06:52 +0000] "GET /api/auth HTTP/1.1" 200 3736 "-" "curl/7.68.0"
192.168.1.100 - - [04/Oct/2025:08:19:44 +0000] "GET /index.html HTTP/1.1" 200 1131 "-" "Mozilla/5.0 (X11; Linux x86_64) AppleWebKit/537.36"
10.0.0.50 - - [04/Oct/2025:21:18:30 +0000] "GET /api/auth HTTP/1.1" 200 3850 "-" "Mozilla/5.0 (Macintosh; Intel Mac OS X 10_15_7)"
10.0.0.50 - - [04/Oct/2025:01:58:05 +0000] "GET /api/users HTTP/1.1" 200 3002 "-" "Mozilla/5.0 (X11; Linux x86_64) AppleWebKit/537.36"
203.0.113.45 - - [04/Oct/2025:22:34:04 +0000] "GET /static/js/app.js HTTP/1.1" 200 4949 "-" "Mozilla/5.0 (Macintosh; Intel Mac OS X 10_15_7)"
198.51.100.88 - - [04/Oct/2025:13:35:42 +0000] "GET /about.html HTTP/1.1" 200 5095 "-" "Mozilla/5.0 (X11; Linux x86_64) AppleWebKit/537.36"
10.0.0.50 - - [04/Oct/2025:11:03:40 +0000] "GET /static/css/main.css HTTP/1.1" 200 3463 "-" "curl/7.68.0"
10.0.0.50 - - [04/Oct/2025:06:28:27 +0000] "GET /index.html HTTP/1.1" 200 5073 "-" "curl/7.68.0"
192.168.1.100 - - [04/Oct/2025:09:09:36 +0000] "GET /static/css/main.css HTTP/1.1" 200 3844 "-" "python-requests/2.25.1"
10.0.0.50 - - [04/Oct/2025:21:40:25 +0000] "GET /static/css/main.css HTTP/1.1" 200 845 "-" "Mozilla/5.0 (Windows NT 10.0; Win64; x64) AppleWebKit/537.36"
192.168.1.100 - - [04/Oct/2025:13:36:40 +0000] "GET /images/logo.png HTTP/1.1" 200 1923 "-" "curl/7.68.0"
10.0.0.50 - - [04/Oct/2025:12:37:43 +0000] "GET /index.html HTTP/1.1" 200 759 "-" "Mozilla/5.0 (Windows NT 10.0; Win64; x64) AppleWebKit/537.36"
10.0.0.50 - - [04/Oct/2025:18:27:19 +0000] "GET /index.html HTTP/1.1" 404 777 "-" "Mozilla/5.0 (Windows NT 10.0; Win64; x64) AppleWebKit/537.36"
203.0.113.45 - - [04/Oct/2025:05:14:44 +0000] "GET /about.html HTTP/1.1" 200 2275 "-" "Mozilla/5.0 (Macintosh; Intel Mac OS X 10_15_7)"
198.51.100.88 - - [04/Oct/2025:04:21:52 +0000] "GET /api/users HTTP/1.1" 200 3296 "-" "curl/7.68.0"
10.0.0.50 - - [04/Oct/2025:00:42:03 +0000] "GET /images/logo.png HTTP/1.1" 200 4058 "-" "curl/7.68.0"
198.51.100.88 - - [04/Oct/2025:14:30:38 +0000] "GET /static/css/main.css HTTP/1.1" 200 1132 "-" "Mozilla/5.0 (Windows NT 10.0; Win64; x64) AppleWebKit/537.36"
172.16.5.20 - - [04/Oct/2025:16:36:29 +0000] "GET /static/css/main.css HTTP/1.1" 200 3082 "-" "Mozilla/5.0 (Macintosh; Intel Mac OS X 10_15_7)"
192.168.1.100 - - [04/Oct/2025:22:51:44 +0000] "GET /index.html HTTP/1.1" 200 769 "-" "python-requests/2.25.1"
203.0.113.45 - - [04/Oct/2025:06:38:42 +0000] "GET /static/css/main.css HTTP/1.1" 200 3747 "-" "Mozilla/5.0 (Macintosh; Intel Mac OS X 10_15_7)"
198.51.100.88 - - [04/Oct/2025:14:31:09 +0000] "GET /images/logo.png HTTP/1.1" 200 4414 "-" "Mozilla/5.0 (Windows NT 10.0; Win64; x64) AppleWebKit/537.36"
203.0.113.45 - - [04/Oct/2025:12:01:34 +0000] "GET /api/users HTTP/1.1" 200 3126 "-" "Mozilla/5.0 (X11; Linux x86_64) AppleWebKit/537.36"
192.168.1.100 - - [04/Oct/2025:05:43:13 +0000] "GET /index.html HTTP/1.1" 200 970 "-" "Mozilla/5.0 (Windows NT 10.0; Win64; x64) AppleWebKit/537.36"
172.16.5.20 - - [04/Oct/2025:04:28:05 +0000] "GET /api/auth HTTP/1.1" 200 1271 "-" "Mozilla/5.0 (Windows NT 10.0; Win64; x64) AppleWebKit/537.36"
198.51.100.88 - - [04/Oct/2025:08:42:38 +0000] "GET /static/js/app.js HTTP/1.1" 200 3258 "-" "python-requests/2.25.1"
203.0.113.45 - - [04/Oct/2025:21:36:26 +0000] "GET /api/users HTTP/1.1" 200 1961 "-" "curl/7.68.0"
203.0.113.45 - - [04/Oct/2025:00:36:18 +0000] "GET /api/auth HTTP/1.1" 200 2429 "-" "Mozilla/5.0 (Windows NT 10.0; Win64; x64) AppleWebKit/537.36"
10.0.0.50 - - [04/Oct/2025:21:05:29 +0000] "GET /index.html HTTP/1.1" 200 2702 "-" "Mozilla/5.0 (Macintosh; Intel Mac OS X 10_15_7)"
172.16.5.20 - - [04/Oct/2025:17:28:03 +0000] "GET /static/css/main.css HTTP/1.1" 200 4703 "-" "Mozilla/5.0 (Windows NT 10.0; Win64; x64) AppleWebKit/537.36"
192.168.1.100 - - [04/Oct/2025:07:22:06 +0000] "GET /index.html HTTP/1.1" 200 1237 "-" "python-requests/2.25.1"
203.0.113.45 - - [04/Oct/2025:14:26:45 +0000] "GET /images/logo.png HTTP/1.1" 200 2290 "-" "python-requests/2.25.1"
198.51.100.88 - - [04/Oct/2025:18:50:50 +0000] "GET /index.html HTTP/1.1" 200 2485 "-" "Mozilla/5.0 (Windows NT 10.0; Win64; x64) AppleWebKit/537.36"
10.0.0.50 - - [04/Oct/2025:14:35:32 +0000] "GET /about.html HTTP/1.1" 200 2251 "-" "python-requests/2.25.1"
198.51.100.88 - - [04/Oct/2025:14:12:28 +0000] "GET /api/users HTTP/1.1" 200 4762 "-" "Mozilla/5.0 (X11; Linux x86_64) AppleWebKit/537.36"
172.16.5.20 - - [04/Oct/2025:21:08:04 +0000] "GET /api/auth HTTP/1.1" 200 1949 "-" "python-requests/2.25.1"
198.51.100.88 - - [04/Oct/2025:03:53:10 +0000] "GET /static/js/app.js HTTP/1.1" 200 2750 "-" "Mozilla/5.0 (Windows NT 10.0; Win64; x64) AppleWebKit/537.36"
192.168.1.100 - - [04/Oct/2025:01:25:11 +0000] "GET /images/logo.png HTTP/1.1" 200 3789 "-" "python-requests/2.25.1"
172.16.5.20 - - [04/Oct/2025:06:33:11 +0000] "GET /api/users HTTP/1.1" 200 3174 "-" "Mozilla/5.0 (X11; Linux x86_64) AppleWebKit/537.36"
192.168.1.100 - - [04/Oct/2025:23:32:00 +0000] "GET /images/logo.png HTTP/1.1" 200 4415 "-" "python-requests/2.25.1"
198.51.100.88 - - [04/Oct/2025:19:46:21 +0000] "GET /index.html HTTP/1.1" 200 1685 "-" "curl/7.68.0"
203.0.113.45 - - [04/Oct/2025:15:48:23 +0000] "GET /static/js/app.js HTTP/1.1" 200 4135 "-" "python-requests/2.25.1"
203.0.113.45 - - [04/Oct/2025:09:46:59 +0000] "GET /static/js/app.js HTTP/1.1" 200 3828 "-" "python-requests/2.25.1"
192.168.1.100 - - [04/Oct/2025:08:43:01 +0000] "GET /index.html HTTP/1.1" 404 2925 "-" "Mozilla/5.0 (Macintosh; Intel Mac OS X 10_15_7)"
172.16.5.20 - - [04/Oct/2025:23:51:32 +0000] "GET /about.html HTTP/1.1" 200 5431 "-" "Mozilla/5.0 (X11; Linux x86_64) AppleWebKit/537.36"
203.0.113.45 - - [04/Oct/2025:15:08:22 +0000] "GET /api/auth HTTP/1.1" 200 2801 "-" "Mozilla/5.0 (X11; Linux x86_64) AppleWebKit/537.36"
198.51.100.88 - - [04/Oct/2025:10:33:49 +0000] "GET /api/users HTTP/1.1" 200 2537 "-" "python-requests/2.25.1"
198.51.100.88 - - [04/Oct/2025:12:20:18 +0000] "GET /static/css/main.css HTTP/1.1" 200 4250 "-" "Mozilla/5.0 (Macintosh; Intel Mac OS X 10_15_7)"
10.0.0.50 - - [04/Oct/2025:19:19:38 +0000] "GET /static/js/app.js HTTP/1.1" 200 2980 "-" "python-requests/2.25.1"
172.16.5.20 - - [04/Oct/2025:18:11:07 +0000] "GET /static/css/main.css HTTP/1.1" 200 1697 "-" "Mozilla/5.0 (X11; Linux x86_64) AppleWebKit/537.36"
10.0.0.50 - - [04/Oct/2025:17:25:34 +0000] "GET /static/js/app.js HTTP/1.1" 200 2618 "-" "Mozilla/5.0 (Windows NT 10.0; Win64; x64) AppleWebKit/537.36"
203.0.113.45 - - [04/Oct/2025:05:49:39 +0000] "GET /static/css/main.css HTTP/1.1" 200 4156 "-" "python-requests/2.25.1"
198.51.100.88 - - [04/Oct/2025:13:26:26 +0000] "GET /contact.html HTTP/1.1" 200 1215 "-" "curl/7.68.0"
172.16.5.20 - - [04/Oct/2025:00:54:14 +0000] "GET /api/users HTTP/1.1" 200 3952 "-" "python-requests/2.25.1"
198.51.100.88 - - [04/Oct/2025:23:52:23 +0000] "GET /images/logo.png HTTP/1.1" 200 5065 "-" "python-requests/2.25.1"
198.51.100.88 - - [04/Oct/2025:11:08:14 +0000] "GET /static/css/main.css HTTP/1.1" 200 5010 "-" "Mozilla/5.0 (Macintosh; Intel Mac OS X 10_15_7)"
172.16.5.20 - - [04/Oct/2025:07:40:59 +0000] "GET /api/auth HTTP/1.1" 200 2725 "-" "Mozilla/5.0 (Macintosh; Intel Mac OS X 10_15_7)"
203.0.113.45 - - [04/Oct/2025:15:06:18 +0000] "GET /about.html HTTP/1.1" 200 4906 "-" "python-requests/2.25.1"
203.0.113.45 - - [04/Oct/2025:05:01:14 +0000] "GET /about.html HTTP/1.1" 200 4654 "-" "Mozilla/5.0 (X11; Linux x86_64) AppleWebKit/537.36"
10.0.0.50 - - [04/Oct/2025:04:25:24 +0000] "GET /api/auth HTTP/1.1" 200 3850 "-" "python-requests/2.25.1"
203.0.113.45 - - [04/Oct/2025:12:32:55 +0000] "GET /api/auth HTTP/1.1" 200 4171 "-" "curl/7.68.0"
203.0.113.45 - - [04/Oct/2025:06:56:04 +0000] "GET /api/users HTTP/1.1" 404 4055 "-" "Mozilla/5.0 (X11; Linux x86_64) AppleWebKit/537.36"
172.16.5.20 - - [04/Oct/2025:00:28:38 +0000] "GET /static/css/main.css HTTP/1.1" 404 2648 "-" "Mozilla/5.0 (Macintosh; Intel Mac OS X 10_15_7)"
172.16.5.20 - - [04/Oct/2025:03:05:44 +0000] "GET /static/css/main.css HTTP/1.1" 200 5356 "-" "curl/7.68.0"
10.0.0.50 - - [04/Oct/2025:13:58:37 +0000] "GET /static/js/app.js HTTP/1.1" 404 3674 "-" "Mozilla/5.0 (Windows NT 10.0; Win64; x64) AppleWebKit/537.36"
172.16.5.20 - - [04/Oct/2025:06:37:06 +0000] "GET /static/js/app.js HTTP/1.1" 404 623 "-" "Mozilla/5.0 (Macintosh; Intel Mac OS X 10_15_7)"
198.51.100.88 - - [04/Oct/2025:04:03:48 +0000] "GET /images/logo.png HTTP/1.1" 200 5073 "-" "python-requests/2.25.1"
192.168.1.100 - - [04/Oct/2025:07:20:31 +0000] "GET /static/js/app.js HTTP/1.1" 200 2271 "-" "Mozilla/5.0 (Windows NT 10.0; Win64; x64) AppleWebKit/537.36"
10.0.0.50 - - [04/Oct/2025:12:38:04 +0000] "GET /static/js/app.js HTTP/1.1" 200 1366 "-" "python-requests/2.25.1"
203.0.113.45 - - [04/Oct/2025:22:25:03 +0000] "GET /about.html HTTP/1.1" 200 1410 "-" "Mozilla/5.0 (Macintosh; Intel Mac OS X 10_15_7)"
198.51.100.88 - - [04/Oct/2025:08:46:56 +0000] "GET /contact.html HTTP/1.1" 200 5067 "-" "Mozilla/5.0 (Macintosh; Intel Mac OS X 10_15_7)"
192.168.1.100 - - [04/Oct/2025:15:31:20 +0000] "GET /static/css/main.css HTTP/1.1" 200 4791 "-" "curl/7.68.0"
203.0.113.45 - - [04/Oct/2025:17:40:48 +0000] "GET /api/users HTTP/1.1" 200 4807 "-" "Mozilla/5.0 (Windows NT 10.0; Win64; x64) AppleWebKit/537.36"
192.168.1.100 - - [04/Oct/2025:09:54:33 +0000] "GET /images/logo.png HTTP/1.1" 200 3908 "-" "Mozilla/5.0 (Windows NT 10.0; Win64; x64) AppleWebKit/537.36"
203.0.113.45 - - [04/Oct/2025:18:15:16 +0000] "GET /images/logo.png HTTP/1.1" 200 2739 "-" "python-requests/2.25.1"
10.0.0.50 - - [04/Oct/2025:23:15:31 +0000] "GET /api/users HTTP/1.1" 404 1901 "-" "Mozilla/5.0 (Windows NT 10.0; Win64; x64) AppleWebKit/537.36"
198.51.100.88 - - [04/Oct/2025:07:25:21 +0000] "GET /about.html HTTP/1.1" 200 1542 "-" "Mozilla/5.0 (Macintosh; Intel Mac OS X 10_15_7)"
198.51.100.88 - - [04/Oct/2025:11:25:41 +0000] "GET /static/js/app.js HTTP/1.1" 200 2256 "-" "Mozilla/5.0 (Macintosh; Intel Mac OS X 10_15_7)"
172.16.5.20 - - [04/Oct/2025:06:25:30 +0000] "GET /static/js/app.js HTTP/1.1" 200 4582 "-" "Mozilla/5.0 (Windows NT 10.0; Win64; x64) AppleWebKit/537.36"
10.0.0.50 - - [04/Oct/2025:04:47:46 +0000] "GET /api/auth HTTP/1.1" 200 3793 "-" "Mozilla/5.0 (Windows NT 10.0; Win64; x64) AppleWebKit/537.36"
198.51.100.88 - - [04/Oct/2025:21:38:46 +0000] "GET /api/users HTTP/1.1" 200 3916 "-" "curl/7.68.0"
192.168.1.100 - - [04/Oct/2025:20:33:05 +0000] "GET /contact.html HTTP/1.1" 200 2300 "-" "Mozilla/5.0 (X11; Linux x86_64) AppleWebKit/537.36"
198.51.100.88 - - [04/Oct/2025:00:40:42 +0000] "GET /static/js/app.js HTTP/1.1" 404 4537 "-" "Mozilla/5.0 (X11; Linux x86_64) AppleWebKit/537.36"
203.0.113.45 - - [04/Oct/2025:15:49:36 +0000] "GET /static/css/main.css HTTP/1.1" 200 5124 "-" "Mozilla/5.0 (X11; Linux x86_64) AppleWebKit/537.36"
10.0.0.50 - - [04/Oct/2025:08:40:37 +0000] "GET /contact.html HTTP/1.1" 200 2072 "-" "Mozilla/5.0 (Macintosh; Intel Mac OS X 10_15_7)"
172.16.5.20 - - [04/Oct/2025:03:12:37 +0000] "GET /api/auth HTTP/1.1" 200 1290 "-" "curl/7.68.0"
203.0.113.45 - - [04/Oct/2025:02:56:57 +0000] "GET /api/users HTTP/1.1" 200 2004 "-" "curl/7.68.0"
198.51.100.88 - - [04/Oct/2025:05:34:35 +0000] "GET /api/users HTTP/1.1" 200 5427 "-" "curl/7.68.0"
192.168.1.100 - - [04/Oct/2025:02:23:19 +0000] "GET /api/auth HTTP/1.1" 200 1589 "-" "python-requests/2.25.1"
172.16.5.20 - - [04/Oct/2025:10:22:53 +0000] "GET /contact.html HTTP/1.1" 404 1890 "-" "Mozilla/5.0 (Macintosh; Intel Mac OS X 10_15_7)"
198.51.100.88 - - [04/Oct/2025:09:17:38 +0000] "GET /static/js/app.js HTTP/1.1" 200 672 "-" "Mozilla/5.0 (X11; Linux x86_64) AppleWebKit/537.36"
172.16.5.20 - - [04/Oct/2025:21:55:35 +0000] "GET /index.html HTTP/1.1" 200 1179 "-" "curl/7.68.0"
172.16.5.20 - - [04/Oct/2025:19:35:19 +0000] "GET /api/users HTTP/1.1" 200 5283 "-" "Mozilla/5.0 (Macintosh; Intel Mac OS X 10_15_7)"
192.168.1.100 - - [04/Oct/2025:19:10:42 +0000] "GET /static/css/main.css HTTP/1.1" 200 3800 "-" "Mozilla/5.0 (Windows NT 10.0; Win64; x64) AppleWebKit/537.36"
198.51.100.88 - - [04/Oct/2025:18:54:16 +0000] "GET /static/css/main.css HTTP/1.1" 200 3059 "-" "Mozilla/5.0 (X11; Linux x86_64) AppleWebKit/537.36"
192.168.1.100 - - [04/Oct/2025:18:01:33 +0000] "GET /index.html HTTP/1.1" 200 1092 "-" "python-requests/2.25.1"
172.16.5.20 - - [04/Oct/2025:13:23:22 +0000] "GET /contact.html HTTP/1.1" 200 2865 "-" "Mozilla/5.0 (Macintosh; Intel Mac OS X 10_15_7)"
198.51.100.88 - - [04/Oct/2025:12:13:10 +0000] "GET /api/auth HTTP/1.1" 200 2390 "-" "Mozilla/5.0 (Macintosh; Intel Mac OS X 10_15_7)"
203.0.113.45 - - [04/Oct/2025:09:09:30 +0000] "GET /about.html HTTP/1.1" 200 4076 "-" "curl/7.68.0"
203.0.113.45 - - [04/Oct/2025:22:38:57 +0000] "GET /about.html HTTP/1.1" 200 784 "-" "Mozilla/5.0 (X11; Linux x86_64) AppleWebKit/537.36"
198.51.100.88 - - [04/Oct/2025:10:48:15 +0000] "GET /contact.html HTTP/1.1" 200 2873 "-" "curl/7.68.0"
198.51.100.88 - - [04/Oct/2025:03:42:06 +0000] "GET /static/js/app.js HTTP/1.1" 200 2518 "-" "Mozilla/5.0 (X11; Linux x86_64) AppleWebKit/537.36"
10.0.0.50 - - [04/Oct/2025:14:22:51 +0000] "GET /index.html HTTP/1.1" 200 2234 "-" "Mozilla/5.0 (Macintosh; Intel Mac OS X 10_15_7)"
172.16.5.20 - - [04/Oct/2025:12:37:29 +0000] "GET /api/auth HTTP/1.1" 200 2761 "-" "python-requests/2.25.1"
198.51.100.88 - - [04/Oct/2025:13:54:41 +0000] "GET /contact.html HTTP/1.1" 200 3755 "-" "python-requests/2.25.1"
198.51.100.88 - - [04/Oct/2025:16:14:15 +0000] "GET /static/css/main.css HTTP/1.1" 404 2483 "-" "Mozilla/5.0 (Macintosh; Intel Mac OS X 10_15_7)"
172.16.5.20 - - [04/Oct/2025:01:07:45 +0000] "GET /about.html HTTP/1.1" 200 5175 "-" "Mozilla/5.0 (Macintosh; Intel Mac OS X 10_15_7)"
172.16.5.20 - - [04/Oct/2025:11:05:52 +0000] "GET /images/logo.png HTTP/1.1" 200 2192 "-" "python-requests/2.25.1"
10.0.0.50 - - [04/Oct/2025:13:48:42 +0000] "GET /contact.html HTTP/1.1" 200 2103 "-" "Mozilla/5.0 (Macintosh; Intel Mac OS X 10_15_7)"
10.0.0.50 - - [04/Oct/2025:22:01:06 +0000] "GET /static/css/main.css HTTP/1.1" 200 2667 "-" "Mozilla/5.0 (Macintosh; Intel Mac OS X 10_15_7)"
172.16.5.20 - - [04/Oct/2025:20:31:43 +0000] "GET /api/auth HTTP/1.1" 200 1913 "-" "python-requests/2.25.1"
192.168.1.100 - - [04/Oct/2025:23:35:42 +0000] "GET /api/auth HTTP/1.1" 200 4559 "-" "Mozilla/5.0 (Macintosh; Intel Mac OS X 10_15_7)"
198.51.100.88 - - [04/Oct/2025:21:04:06 +0000] "GET /api/users HTTP/1.1" 200 3179 "-" "Mozilla/5.0 (Macintosh; Intel Mac OS X 10_15_7)"
198.51.100.88 - - [04/Oct/2025:01:38:20 +0000] "GET /about.html HTTP/1.1" 200 2818 "-" "curl/7.68.0"
198.51.100.88 - - [04/Oct/2025:20:20:20 +0000] "GET /static/js/app.js HTTP/1.1" 200 5343 "-" "Mozilla/5.0 (Macintosh; Intel Mac OS X 10_15_7)"
192.168.1.100 - - [04/Oct/2025:20:47:05 +0000] "GET /static/css/main.css HTTP/1.1" 200 5431 "-" "Mozilla/5.0 (X11; Linux x86_64) AppleWebKit/537.36"
172.16.5.20 - - [04/Oct/2025:10:12:18 +0000] "GET /api/users HTTP/1.1" 200 4089 "-" "curl/7.68.0"
172.16.5.20 - - [04/Oct/2025:02:33:45 +0000] "GET /contact.html HTTP/1.1" 200 2327 "-" "Mozilla/5.0 (Macintosh; Intel Mac OS X 10_15_7)"
203.0.113.45 - - [04/Oct/2025:13:00:13 +0000] "GET /contact.html HTTP/1.1" 200 4403 "-" "curl/7.68.0"
10.0.0.50 - - [04/Oct/2025:04:45:59 +0000] "GET /contact.html HTTP/1.1" 200 4377 "-" "curl/7.68.0"
192.168.1.100 - - [04/Oct/2025:05:26:39 +0000] "GET /api/users HTTP/1.1" 200 2993 "-" "curl/7.68.0"
172.16.5.20 - - [04/Oct/2025:05:20:30 +0000] "GET /static/css/main.css HTTP/1.1" 200 2629 "-" "Mozilla/5.0 (Macintosh; Intel Mac OS X 10_15_7)"
10.0.0.50 - - [04/Oct/2025:01:41:20 +0000] "GET /about.html HTTP/1.1" 200 1578 "-" "python-requests/2.25.1"
203.0.113.45 - - [04/Oct/2025:22:05:03 +0000] "GET /api/users HTTP/1.1" 200 3341 "-" "Mozilla/5.0 (Windows NT 10.0; Win64; x64) AppleWebKit/537.36"
198.51.100.88 - - [04/Oct/2025:05:14:10 +0000] "GET /static/css/main.css HTTP/1.1" 200 3515 "-" "Mozilla/5.0 (Windows NT 10.0; Win64; x64) AppleWebKit/537.36"
172.16.5.20 - - [04/Oct/2025:17:37:05 +0000] "GET /static/js/app.js HTTP/1.1" 200 2487 "-" "Mozilla/5.0 (Macintosh; Intel Mac OS X 10_15_7)"
203.0.113.45 - - [04/Oct/2025:05:43:08 +0000] "GET /contact.html HTTP/1.1" 200 3260 "-" "Mozilla/5.0 (Macintosh; Intel Mac OS X 10_15_7)"
192.168.1.100 - - [04/Oct/2025:07:04:57 +0000] "GET /static/css/main.css HTTP/1.1" 200 3830 "-" "Mozilla/5.0 (X11; Linux x86_64) AppleWebKit/537.36"
172.16.5.20 - - [04/Oct/2025:17:36:51 +0000] "GET /static/css/main.css HTTP/1.1" 200 3098 "-" "Mozilla/5.0 (Macintosh; Intel Mac OS X 10_15_7)"
10.0.0.50 - - [04/Oct/2025:14:13:54 +0000] "GET /about.html HTTP/1.1" 200 3488 "-" "Mozilla/5.0 (Windows NT 10.0; Win64; x64) AppleWebKit/537.36"
10.0.0.50 - - [04/Oct/2025:18:01:25 +0000] "GET /images/logo.png HTTP/1.1" 200 1088 "-" "Mozilla/5.0 (X11; Linux x86_64) AppleWebKit/537.36"
198.51.100.88 - - [04/Oct/2025:23:37:19 +0000] "GET /static/js/app.js HTTP/1.1" 200 1424 "-" "python-requests/2.25.1"
10.0.0.50 - - [04/Oct/2025:11:11:00 +0000] "GET /index.html HTTP/1.1" 200 1991 "-" "Mozilla/5.0 (Windows NT 10.0; Win64; x64) AppleWebKit/537.36"
172.16.5.20 - - [04/Oct/2025:10:52:02 +0000] "GET /contact.html HTTP/1.1" 404 1799 "-" "curl/7.68.0"
198.51.100.88 - - [04/Oct/2025:07:53:09 +0000] "GET /contact.html HTTP/1.1" 404 5068 "-" "Mozilla/5.0 (Macintosh; Intel Mac OS X 10_15_7)"
10.0.0.50 - - [04/Oct/2025:09:28:01 +0000] "GET /contact.html HTTP/1.1" 200 1987 "-" "curl/7.68.0"
10.0.0.50 - - [04/Oct/2025:14:28:20 +0000] "GET /about.html HTTP/1.1" 200 1924 "-" "python-requests/2.25.1"
192.168.1.100 - - [04/Oct/2025:01:13:43 +0000] "GET /static/css/main.css HTTP/1.1" 404 1474 "-" "Mozilla/5.0 (Windows NT 10.0; Win64; x64) AppleWebKit/537.36"
10.0.0.50 - - [04/Oct/2025:00:43:31 +0000] "GET /images/logo.png HTTP/1.1" 200 836 "-" "Mozilla/5.0 (X11; Linux x86_64) AppleWebKit/537.36"
10.0.0.50 - - [04/Oct/2025:09:36:10 +0000] "GET /static/css/main.css HTTP/1.1" 200 4296 "-" "curl/7.68.0"
172.16.5.20 - - [04/Oct/2025:10:21:41 +0000] "GET /static/js/app.js HTTP/1.1" 200 3497 "-" "python-requests/2.25.1"
10.0.0.50 - - [04/Oct/2025:23:14:12 +0000] "GET /images/logo.png HTTP/1.1" 200 5288 "-" "curl/7.68.0"
203.0.113.45 - - [04/Oct/2025:01:24:48 +0000] "GET /api/auth HTTP/1.1" 200 1514 "-" "Mozilla/5.0 (X11; Linux x86_64) AppleWebKit/537.36"
172.16.5.20 - - [04/Oct/2025:10:01:10 +0000] "GET /images/logo.png HTTP/1.1" 200 1815 "-" "Mozilla/5.0 (X11; Linux x86_64) AppleWebKit/537.36"
203.0.113.45 - - [04/Oct/2025:21:56:32 +0000] "GET /about.html HTTP/1.1" 404 3316 "-" "Mozilla/5.0 (X11; Linux x86_64) AppleWebKit/537.36"
203.0.113.45 - - [04/Oct/2025:22:56:23 +0000] "GET /api/users HTTP/1.1" 200 917 "-" "Mozilla/5.0 (Windows NT 10.0; Win64; x64) AppleWebKit/537.36"
192.168.1.100 - - [04/Oct/2025:16:37:17 +0000] "GET /about.html HTTP/1.1" 200 1264 "-" "Mozilla/5.0 (Macintosh; Intel Mac OS X 10_15_7)"
192.168.1.100 - - [04/Oct/2025:13:27:36 +0000] "GET /index.html HTTP/1.1" 200 2746 "-" "python-requests/2.25.1"
192.168.1.100 - - [04/Oct/2025:22:43:20 +0000] "GET /images/logo.png HTTP/1.1" 200 2446 "-" "Mozilla/5.0 (Windows NT 10.0; Win64; x64) AppleWebKit/537.36"
10.0.0.50 - - [04/Oct/2025:12:04:55 +0000] "GET /about.html HTTP/1.1" 200 1815 "-" "Mozilla/5.0 (Windows NT 10.0; Win64; x64) AppleWebKit/537.36"
172.16.5.20 - - [04/Oct/2025:04:05:28 +0000] "GET /about.html HTTP/1.1" 200 2522 "-" "Mozilla/5.0 (Windows NT 10.0; Win64; x64) AppleWebKit/537.36"
172.16.5.20 - - [04/Oct/2025:08:57:23 +0000] "GET /about.html HTTP/1.1" 200 615 "-" "curl/7.68.0"
10.0.0.50 - - [04/Oct/2025:21:45:31 +0000] "GET /index.html HTTP/1.1" 200 2720 "-" "Mozilla/5.0 (Windows NT 10.0; Win64; x64) AppleWebKit/537.36"
198.51.100.88 - - [04/Oct/2025:06:47:35 +0000] "GET /api/auth HTTP/1.1" 200 2046 "-" "Mozilla/5.0 (Windows NT 10.0; Win64; x64) AppleWebKit/537.36"
10.0.0.50 - - [04/Oct/2025:17:11:42 +0000] "GET /index.html HTTP/1.1" 200 2160 "-" "Mozilla/5.0 (Windows NT 10.0; Win64; x64) AppleWebKit/537.36"
203.0.113.45 - - [04/Oct/2025:01:36:29 +0000] "GET /static/css/main.css HTTP/1.1" 200 588 "-" "Mozilla/5.0 (X11; Linux x86_64) AppleWebKit/537.36"
10.0.0.50 - - [04/Oct/2025:15:09:21 +0000] "GET /images/logo.png HTTP/1.1" 200 3310 "-" "Mozilla/5.0 (Macintosh; Intel Mac OS X 10_15_7)"
198.51.100.88 - - [04/Oct/2025:07:39:18 +0000] "GET /static/js/app.js HTTP/1.1" 200 3758 "-" "python-requests/2.25.1"
172.16.5.20 - - [04/Oct/2025:08:23:19 +0000] "GET /api/auth HTTP/1.1" 200 2011 "-" "Mozilla/5.0 (Macintosh; Intel Mac OS X 10_15_7)"
198.51.100.88 - - [04/Oct/2025:12:20:02 +0000] "GET /images/logo.png HTTP/1.1" 200 5468 "-" "Mozilla/5.0 (Macintosh; Intel Mac OS X 10_15_7)"
10.0.0.50 - - [04/Oct/2025:22:59:28 +0000] "GET /about.html HTTP/1.1" 200 4266 "-" "Mozilla/5.0 (Macintosh; Intel Mac OS X 10_15_7)"
10.0.0.50 - - [04/Oct/2025:04:37:22 +0000] "GET /about.html HTTP/1.1" 200 4833 "-" "Mozilla/5.0 (Macintosh; Intel Mac OS X 10_15_7)"
10.0.0.50 - - [04/Oct/2025:10:36:48 +0000] "GET /api/auth HTTP/1.1" 200 4931 "-" "python-requests/2.25.1"
203.0.113.45 - - [04/Oct/2025:15:51:59 +0000] "GET /api/users HTTP/1.1" 200 5422 "-" "curl/7.68.0"
198.51.100.88 - - [04/Oct/2025:19:56:34 +0000] "GET /api/users HTTP/1.1" 200 3649 "-" "Mozilla/5.0 (Macintosh; Intel Mac OS X 10_15_7)"
192.168.1.100 - - [04/Oct/2025:22:06:45 +0000] "GET /about.html HTTP/1.1" 200 1853 "-" "curl/7.68.0"
198.51.100.88 - - [04/Oct/2025:08:42:31 +0000] "GET /api/users HTTP/1.1" 404 687 "-" "curl/7.68.0"
203.0.113.45 - - [04/Oct/2025:18:45:48 +0000] "GET /contact.html HTTP/1.1" 200 600 "-" "curl/7.68.0"
192.168.1.100 - - [04/Oct/2025:07:06:32 +0000] "GET /api/users HTTP/1.1" 200 2181 "-" "curl/7.68.0"
192.168.1.100 - - [04/Oct/2025:02:59:09 +0000] "GET /api/auth HTTP/1.1" 200 677 "-" "Mozilla/5.0 (Macintosh; Intel Mac OS X 10_15_7)"
198.51.100.88 - - [04/Oct/2025:19:45:49 +0000] "GET /static/js/app.js HTTP/1.1" 404 4168 "-" "curl/7.68.0"
203.0.113.45 - - [04/Oct/2025:11:42:55 +0000] "GET /static/js/app.js HTTP/1.1" 200 5151 "-" "Mozilla/5.0 (Windows NT 10.0; Win64; x64) AppleWebKit/537.36"
10.0.0.50 - - [04/Oct/2025:11:35:53 +0000] "GET /static/css/main.css HTTP/1.1" 200 1911 "-" "Mozilla/5.0 (Windows NT 10.0; Win64; x64) AppleWebKit/537.36"
203.0.113.45 - - [04/Oct/2025:12:14:16 +0000] "GET /api/users HTTP/1.1" 200 4618 "-" "Mozilla/5.0 (Macintosh; Intel Mac OS X 10_15_7)"
172.16.5.20 - - [04/Oct/2025:00:40:02 +0000] "GET /api/users HTTP/1.1" 200 2906 "-" "Mozilla/5.0 (Macintosh; Intel Mac OS X 10_15_7)"
198.51.100.88 - - [04/Oct/2025:05:58:30 +0000] "GET /api/users HTTP/1.1" 200 3272 "-" "Mozilla/5.0 (Macintosh; Intel Mac OS X 10_15_7)"
172.16.5.20 - - [04/Oct/2025:19:23:54 +0000] "GET /about.html HTTP/1.1" 200 974 "-" "Mozilla/5.0 (Windows NT 10.0; Win64; x64) AppleWebKit/537.36"
10.0.0.50 - - [04/Oct/2025:12:17:46 +0000] "GET /api/users HTTP/1.1" 200 2084 "-" "python-requests/2.25.1"
10.0.0.50 - - [04/Oct/2025:02:14:01 +0000] "GET /api/auth HTTP/1.1" 200 3437 "-" "python-requests/2.25.1"
203.0.113.45 - - [04/Oct/2025:22:03:21 +0000] "GET /about.html HTTP/1.1" 200 5131 "-" "curl/7.68.0"
203.0.113.45 - - [04/Oct/2025:14:10:31 +0000] "GET /static/js/app.js HTTP/1.1" 200 3889 "-" "Mozilla/5.0 (Windows NT 10.0; Win64; x64) AppleWebKit/537.36"
198.51.100.88 - - [04/Oct/2025:08:53:53 +0000] "GET /index.html HTTP/1.1" 200 3990 "-" "Mozilla/5.0 (Macintosh; Intel Mac OS X 10_15_7)"
198.51.100.88 - - [04/Oct/2025:15:24:24 +0000] "GET /api/auth HTTP/1.1" 200 2328 "-" "Mozilla/5.0 (Macintosh; Intel Mac OS X 10_15_7)"
198.51.100.88 - - [04/Oct/2025:21:34:09 +0000] "GET /api/auth HTTP/1.1" 200 2691 "-" "Mozilla/5.0 (X11; Linux x86_64) AppleWebKit/537.36"
203.0.113.45 - - [04/Oct/2025:03:20:32 +0000] "GET /images/logo.png HTTP/1.1" 200 3824 "-" "Mozilla/5.0 (Windows NT 10.0; Win64; x64) AppleWebKit/537.36"
203.0.113.45 - - [04/Oct/2025:14:30:04 +0000] "GET /static/js/app.js HTTP/1.1" 200 3370 "-" "Mozilla/5.0 (Macintosh; Intel Mac OS X 10_15_7)"
10.0.0.50 - - [04/Oct/2025:06:51:25 +0000] "GET /contact.html HTTP/1.1" 200 707 "-" "python-requests/2.25.1"
10.0.0.50 - - [04/Oct/2025:09:14:50 +0000] "GET /index.html HTTP/1.1" 200 3672 "-" "Mozilla/5.0 (X11; Linux x86_64) AppleWebKit/537.36"
192.168.1.100 - - [04/Oct/2025:05:32:32 +0000] "GET /about.html HTTP/1.1" 200 4306 "-" "Mozilla/5.0 (X11; Linux x86_64) AppleWebKit/537.36"
198.51.100.88 - - [04/Oct/2025:23:42:53 +0000] "GET /static/css/main.css HTTP/1.1" 200 3891 "-" "curl/7.68.0"
10.0.0.50 - - [04/Oct/2025:03:43:15 +0000] "GET /contact.html HTTP/1.1" 200 3350 "-" "Mozilla/5.0 (Macintosh; Intel Mac OS X 10_15_7)"
192.168.1.100 - - [04/Oct/2025:16:21:31 +0000] "GET /static/js/app.js HTTP/1.1" 200 2917 "-" "curl/7.68.0"
198.51.100.88 - - [04/Oct/2025:10:43:54 +0000] "GET /contact.html HTTP/1.1" 200 1286 "-" "Mozilla/5.0 (X11; Linux x86_64) AppleWebKit/537.36"
198.51.100.88 - - [04/Oct/2025:12:11:46 +0000] "GET /api/auth HTTP/1.1" 200 932 "-" "Mozilla/5.0 (X11; Linux x86_64) AppleWebKit/537.36"
198.51.100.88 - - [04/Oct/2025:07:25:04 +0000] "GET /images/logo.png HTTP/1.1" 200 2459 "-" "Mozilla/5.0 (Windows NT 10.0; Win64; x64) AppleWebKit/537.36"
192.168.1.100 - - [04/Oct/2025:03:26:11 +0000] "GET /contact.html HTTP/1.1" 200 2870 "-" "curl/7.68.0"
198.51.100.88 - - [04/Oct/2025:22:55:32 +0000] "GET /static/css/main.css HTTP/1.1" 200 1617 "-" "Mozilla/5.0 (Macintosh; Intel Mac OS X 10_15_7)"
192.168.1.100 - - [04/Oct/2025:00:19:49 +0000] "GET /images/logo.png HTTP/1.1" 200 778 "-" "curl/7.68.0"
203.0.113.45 - - [04/Oct/2025:14:20:28 +0000] "GET /about.html HTTP/1.1" 200 1335 "-" "python-requests/2.25.1"
198.51.100.88 - - [04/Oct/2025:07:22:53 +0000] "GET /api/users HTTP/1.1" 200 3434 "-" "Mozilla/5.0 (X11; Linux x86_64) AppleWebKit/537.36"
203.0.113.45 - - [04/Oct/2025:22:12:02 +0000] "GET /contact.html HTTP/1.1" 200 4819 "-" "Mozilla/5.0 (Macintosh; Intel Mac OS X 10_15_7)"
172.16.5.20 - - [04/Oct/2025:23:07:40 +0000] "GET /api/users HTTP/1.1" 200 3810 "-" "curl/7.68.0"
203.0.113.45 - - [04/Oct/2025:19:51:57 +0000] "GET /static/css/main.css HTTP/1.1" 200 2062 "-" "Mozilla/5.0 (Windows NT 10.0; Win64; x64) AppleWebKit/537.36"
172.16.5.20 - - [04/Oct/2025:22:59:17 +0000] "GET /api/users HTTP/1.1" 200 1365 "-" "Mozilla/5.0 (Macintosh; Intel Mac OS X 10_15_7)"
10.0.0.50 - - [04/Oct/2025:23:51:12 +0000] "GET /index.html HTTP/1.1" 200 1550 "-" "Mozilla/5.0 (Windows NT 10.0; Win64; x64) AppleWebKit/537.36"
192.168.1.100 - - [04/Oct/2025:23:07:46 +0000] "GET /static/js/app.js HTTP/1.1" 200 3723 "-" "python-requests/2.25.1"
10.0.0.50 - - [04/Oct/2025:03:12:21 +0000] "GET /contact.html HTTP/1.1" 200 3983 "-" "Mozilla/5.0 (Macintosh; Intel Mac OS X 10_15_7)"
192.168.1.100 - - [04/Oct/2025:07:57:13 +0000] "GET /images/logo.png HTTP/1.1" 200 4313 "-" "Mozilla/5.0 (Windows NT 10.0; Win64; x64) AppleWebKit/537.36"
198.51.100.88 - - [04/Oct/2025:09:06:37 +0000] "GET /about.html HTTP/1.1" 200 3112 "-" "curl/7.68.0"
10.0.0.50 - - [04/Oct/2025:01:03:33 +0000] "GET /api/users HTTP/1.1" 200 2242 "-" "Mozilla/5.0 (Windows NT 10.0; Win64; x64) AppleWebKit/537.36"
203.0.113.45 - - [04/Oct/2025:20:26:44 +0000] "GET /about.html HTTP/1.1" 200 1515 "-" "Mozilla/5.0 (X11; Linux x86_64) AppleWebKit/537.36"
10.0.0.50 - - [04/Oct/2025:10:49:33 +0000] "GET /about.html HTTP/1.1" 200 3455 "-" "Mozilla/5.0 (Windows NT 10.0; Win64; x64) AppleWebKit/537.36"
192.168.1.100 - - [04/Oct/2025:04:07:26 +0000] "GET /images/logo.png HTTP/1.1" 200 554 "-" "python-requests/2.25.1"
198.51.100.88 - - [04/Oct/2025:04:40:55 +0000] "GET /api/auth HTTP/1.1" 200 2379 "-" "Mozilla/5.0 (Macintosh; Intel Mac OS X 10_15_7)"
192.168.1.100 - - [04/Oct/2025:04:02:22 +0000] "GET /images/logo.png HTTP/1.1" 200 1905 "-" "Mozilla/5.0 (Macintosh; Intel Mac OS X 10_15_7)"
203.0.113.45 - - [04/Oct/2025:04:10:01 +0000] "GET /about.html HTTP/1.1" 404 4557 "-" "Mozilla/5.0 (Windows NT 10.0; Win64; x64) AppleWebKit/537.36"
172.16.5.20 - - [04/Oct/2025:05:53:08 +0000] "GET /static/css/main.css HTTP/1.1" 404 5118 "-" "python-requests/2.25.1"
172.16.5.20 - - [04/Oct/2025:12:48:24 +0000] "GET /static/js/app.js HTTP/1.1" 200 5077 "-" "curl/7.68.0"
10.0.0.50 - - [04/Oct/2025:23:02:28 +0000] "GET /static/js/app.js HTTP/1.1" 200 2585 "-" "python-requests/2.25.1"
172.16.5.20 - - [04/Oct/2025:08:42:10 +0000] "GET /images/logo.png HTTP/1.1" 200 1046 "-" "python-requests/2.25.1"
10.0.0.50 - - [04/Oct/2025:08:24:25 +0000] "GET /contact.html HTTP/1.1" 200 2775 "-" "curl/7.68.0"
192.168.1.100 - - [04/Oct/2025:07:32:29 +0000] "GET /api/auth HTTP/1.1" 200 2389 "-" "python-requests/2.25.1"
198.51.100.88 - - [04/Oct/2025:16:01:28 +0000] "GET /index.html HTTP/1.1" 200 2297 "-" "Mozilla/5.0 (Macintosh; Intel Mac OS X 10_15_7)"
198.51.100.88 - - [04/Oct/2025:12:12:33 +0000] "GET /images/logo.png HTTP/1.1" 200 5274 "-" "curl/7.68.0"
192.168.1.100 - - [04/Oct/2025:22:13:06 +0000] "GET /contact.html HTTP/1.1" 404 3151 "-" "Mozilla/5.0 (Macintosh; Intel Mac OS X 10_15_7)"
203.0.113.45 - - [04/Oct/2025:00:58:07 +0000] "GET /images/logo.png HTTP/1.1" 200 1721 "-" "curl/7.68.0"
203.0.113.45 - - [04/Oct/2025:07:49:47 +0000] "GET /api/users HTTP/1.1" 200 629 "-" "python-requests/2.25.1"
192.168.1.100 - - [04/Oct/2025:19:42:06 +0000] "GET /about.html HTTP/1.1" 200 4456 "-" "curl/7.68.0"
203.0.113.45 - - [04/Oct/2025:00:28:30 +0000] "GET /api/users HTTP/1.1" 200 3609 "-" "Mozilla/5.0 (Windows NT 10.0; Win64; x64) AppleWebKit/537.36"
192.168.1.100 - - [04/Oct/2025:06:45:20 +0000] "GET /api/users HTTP/1.1" 200 1777 "-" "Mozilla/5.0 (Macintosh; Intel Mac OS X 10_15_7)"
172.16.5.20 - - [04/Oct/2025:07:38:09 +0000] "GET /api/auth HTTP/1.1" 200 2984 "-" "Mozilla/5.0 (X11; Linux x86_64) AppleWebKit/537.36"
10.0.0.50 - - [04/Oct/2025:06:02:43 +0000] "GET /images/logo.png HTTP/1.1" 200 4357 "-" "curl/7.68.0"
203.0.113.45 - - [04/Oct/2025:16:28:50 +0000] "GET /api/auth HTTP/1.1" 404 5387 "-" "python-requests/2.25.1"
198.51.100.88 - - [04/Oct/2025:16:41:09 +0000] "GET /index.html HTTP/1.1" 200 2775 "-" "python-requests/2.25.1"
192.168.1.100 - - [04/Oct/2025:19:48:50 +0000] "GET /about.html HTTP/1.1" 200 1194 "-" "python-requests/2.25.1"
10.0.0.50 - - [04/Oct/2025:22:57:03 +0000] "GET /index.html HTTP/1.1" 200 5323 "-" "Mozilla/5.0 (X11; Linux x86_64) AppleWebKit/537.36"
203.0.113.45 - - [04/Oct/2025:00:50:29 +0000] "GET /api/users HTTP/1.1" 200 5277 "-" "Mozilla/5.0 (X11; Linux x86_64) AppleWebKit/537.36"
10.0.0.50 - - [04/Oct/2025:05:27:56 +0000] "GET /api/auth HTTP/1.1" 200 4155 "-" "Mozilla/5.0 (Windows NT 10.0; Win64; x64) AppleWebKit/537.36"
192.168.1.100 - - [04/Oct/2025:06:57:31 +0000] "GET /images/logo.png HTTP/1.1" 404 4952 "-" "python-requests/2.25.1"
203.0.113.45 - - [04/Oct/2025:14:29:26 +0000] "GET /api/users HTTP/1.1" 404 4312 "-" "Mozilla/5.0 (Windows NT 10.0; Win64; x64) AppleWebKit/537.36"
198.51.100.88 - - [04/Oct/2025:00:57:18 +0000] "GET /images/logo.png HTTP/1.1" 200 5199 "-" "Mozilla/5.0 (X11; Linux x86_64) AppleWebKit/537.36"
172.16.5.20 - - [04/Oct/2025:18:59:00 +0000] "GET /images/logo.png HTTP/1.1" 200 1123 "-" "Mozilla/5.0 (Windows NT 10.0; Win64; x64) AppleWebKit/537.36"
