192.168.1.100 - - [04/Oct/2025:04:19:40 +0000] "GET /static/js/app.js HTTP/1.1" 200 3344 "-" "curl/7.68.0"
10.0.0.50 - - [04/Oct/2025:01:09:08 +0000] "GET /contact.html HTTP/1.1" 200 763 "-" "curl/7.68.0"
192.168.1.100 - - [04/Oct/2025:21:45:51 +0000] "GET /api/users HTTP/1.1" 200 3814 "-" "Mozilla/5.0 (Windows NT 10.0; Win64; x64) AppleWebKit/537.36"
192.168.1.100 - - [04/Oct/2025:09:46:08 +0000] "GET /index.html HTTP/1.1" 200 4490 "-" "Mozilla/5.0 (Macintosh; Intel Mac OS X 10_15_7)"
192.168.1.100 - - [04/Oct/2025:18:22:18 +0000] "GET /about.html HTTP/1.1" 200 4713 "-" "curl/7.68.0"
172.16.5.20 - - [04/Oct/2025:00:40:39 +0000] "GET /api/auth HTTP/1.1" 200 2334 "-" "Mozilla/5.0 (Windows NT 10.0; Win64; x64) AppleWebKit/537.36"
203.0.113.45 - - [04/Oct/2025:18:39:16 +0000] "GET /api/users HTTP/1.1" 200 3415 "-" "Mozilla/5.0 (Windows NT 10.0; Win64; x64) AppleWebKit/537.36"
172.16.5.20 - - [04/Oct/2025:10:17:44 +0000] "GET /api/users HTTP/1.1" 200 1101 "-" "Mozilla/5.0 (Windows NT 10.0; Win64; x64) AppleWebKit/537.36"
198.51.100.88 - - [04/Oct/2025:15:17:56 +0000] "GET /api/auth HTTP/1.1" 200 2220 "-" "python-requests/2.25.1"
192.168.1.100 - - [04/Oct/2025:01:18:13 +0000] "GET /contact.html HTTP/1.1" 200 2687 "-" "Mozilla/5.0 (X11; Linux x86_64) AppleWebKit/537.36"
203.0.113.45 - - [04/Oct/2025:20:44:58 +0000] "GET /images/logo.png HTTP/1.1" 200 4002 "-" "Mozilla/5.0 (X11; Linux x86_64) AppleWebKit/537.36"
203.0.113.45 - - [04/Oct/2025:04:58:57 +0000] "GET /static/js/app.js HTTP/1.1" 200 2009 "-" "curl/7.68.0"
10.0.0.50 - - [04/Oct/2025:13:35:47 +0000] "GET /api/users HTTP/1.1" 200 2242 "-" "Mozilla/5.0 (Windows NT 10.0; Win64; x64) AppleWebKit/537.36"
10.0.0.50 - - [04/Oct/2025:18:05:37 +0000] "GET /index.html HTTP/1.1" 200 3594 "-" "curl/7.68.0"
198.51.100.88 - - [04/Oct/2025:13:26:50 +0000] "GET /static/css/main.css HTTP/1.1" 200 1051 "-" "python-requests/2.25.1"
172.16.5.20 - - [04/Oct/2025:01:49:45 +0000] "GET /api/auth HTTP/1.1" 200 975 "-" "Mozilla/5.0 (Macintosh; Intel Mac OS X 10_15_7)"
172.16.5.20 - - [04/Oct/2025:15:08:32 +0000] "GET /about.html HTTP/1.1" 200 4815 "-" "curl/7.68.0"
172.16.5.20 - - [04/Oct/2025:12:40:10 +0000] "GET /about.html HTTP/1.1" 200 652 "-" "python-requests/2.25.1"
172.16.5.20 - - [04/Oct/2025:01:20:34 +0000] "GET /api/users HTTP/1.1" 404 1076 "-" "Mozilla/5.0 (Windows NT 10.0; Win64; x64) AppleWebKit/537.36"
10.0.0.50 - - [04/Oct/2025:12:49:53 +0000] "GET /images/logo.png HTTP/1.1" 200 3033 "-" "python-requests/2.25.1"
10.0.0.50 - - [04/Oct/2025:22:57:30 +0000] "GET /api/users HTTP/1.1" 200 644 "-" "Mozilla/5.0 (Windows NT 10.0; Win64; x64) AppleWebKit/537.36"
198.51.100.88 - - [04/Oct/2025:19:01:01 +0000] "GET /static/css/main.css HTTP/1.1" 200 2646 "-" "Mozilla/5.0 (Macintosh; Intel Mac OS X 10_15_7)"
10.0.0.50 - - [04/Oct/2025:17:03:30 +0000] "GET /api/auth HTTP/1.1" 200 4847 "-" "Mozilla/5.0 (X11; Linux x86_64) AppleWebKit/537.36"
198.51.100.88 - - [04/Oct/2025:06:36:49 +0000] "GET /static/js/app.js HTTP/1.1" 404 4439 "-" "Mozilla/5.0 (Windows NT 10.0; Win64; x64) AppleWebKit/537.36"
172.16.5.20 - - [04/Oct/2025:02:38:57 +0000] "GET /static/js/app.js HTTP/1.1" 200 1983 "-" "Mozilla/5.0 (Macintosh; Intel Mac OS X 10_15_7)"
192.168.1.100 - - [04/Oct/2025:09:34:02 +0000] "GET /images/logo.png HTTP/1.1" 200 5172 "-" "curl/7.68.0"
172.16.5.20 - - [04/Oct/2025:09:21:23 +0000] "GET /static/css/main.css HTTP/1.1" 200 1707 "-" "python-requests/2.25.1"
203.0.113.45 - - [04/Oct/2025:00:29:42 +0000] "GET /about.html HTTP/1.1" 200 5498 "-" "Mozilla/5.0 (Macintosh; Intel Mac OS X 10_15_7)"
198.51.100.88 - - [04/Oct/2025:14:35:13 +0000] "GET /api/users HTTP/1.1" 200 1847 "-" "Mozilla/5.0 (Windows NT 10.0; Win64; x64) AppleWebKit/537.36"
10.0.0.50 - - [04/Oct/2025:05:23:27 +0000] "GET /contact.html HTTP/1.1" 200 791 "-" "Mozilla/5.0 (Macintosh; Intel Mac OS X 10_15_7)"
192.168.1.100 - - [04/Oct/2025:08:56:36 +0000] "GET /static/js/app.js HTTP/1.1" 200 2795 "-" "Mozilla/5.0 (Windows NT 10.0; Win64; x64) AppleWebKit/537.36"
203.0.113.45 - - [04/Oct/2025:23:07:55 +0000] "GET /contact.html HTTP/1.1" 200 2765 "-" "Mozilla/5.0 (X11; Linux x86_64) AppleWebKit/537.36"
198.51.100.88 - - [04/Oct/2025:18:53:34 +0000] "GET /index.html HTTP/1.1" 200 5474 "-" "python-requests/2.25.1"
198.51.100.88 - - [04/Oct/2025:10:21:19 +0000] "GET /static/js/app.js HTTP/1.1" 200 4663 "-" "Mozilla/5.0 (X11; Linux x86_64) AppleWebKit/537.36"
198.51.100.88 - - [04/Oct/2025:21:41:50 +0000] "GET /contact.html HTTP/1.1" 200 2528 "-" "Mozilla/5.0 (Windows NT 10.0; Win64; x64) AppleWebKit/537.36"
192.168.1.100 - - [04/Oct/2025:11:06:39 +0000] "GET /api/users HTTP/1.1" 200 2190 "-" "Mozilla/5.0 (Windows NT 10.0; Win64; x64) AppleWebKit/537.36"
203.0.113.45 - - [04/Oct/2025:08:24:32 +0000] "GET /api/users HTTP/1.1" 200 923 "-" "Mozilla/5.0 (Windows NT 10.0; Win64; x64) AppleWebKit/537.36"
172.16.5.20 - - [04/Oct/2025:17:43:36 +0000] "GET /about.html HTTP/1.1" 200 4401 "-" "curl/7.68.0"
10.0.0.50 - - [04/Oct/2025:00:39:40 +0000] "GET /static/css/main.css HTTP/1.1" 200 3501 "-" "Mozilla/5.0 (Windows NT 10.0; Win64; x64) AppleWebKit/537.36"
192.168.1.100 - - [04/Oct/2025:21:32:39 +0000] "GET /static/js/app.js HTTP/1.1" 200 2353 "-" "Mozilla/5.0 (Windows NT 10.0; Win64; x64) AppleWebKit/537.36"
198.51.100.88 - - [04/Oct/2025:16:44:03 +0000] "GET /contact.html HTTP/1.1" 200 1621 "-" "Mozilla/5.0 (Windows NT 10.0; Win64; x64) AppleWebKit/537.36"
203.0.113.45 - - [04/Oct/2025:23:43:57 +0000] "GET /index.html HTTP/1.1" 200 2457 "-" "Mozilla/5.0 (Macintosh; Intel Mac OS X 10_15_7)"
192.168.1.100 - - [04/Oct/2025:13:56:09 +0000] "GET /index.html HTTP/1.1" 200 1950 "-" "python-requests/2.25.1"
198.51.100.88 - - [04/Oct/2025:04:15:33 +0000] "GET /index.html HTTP/1.1" 200 3307 "-" "Mozilla/5.0 (Windows NT 10.0; Win64; x64) AppleWebKit/537.36"
203.0.113.45 - - [04/Oct/2025:11:33:46 +0000] "GET /api/auth HTTP/1.1" 200 2717 "-" "Mozilla/5.0 (Macintosh; Intel Mac OS X 10_15_7)"
198.51.100.88 - - [04/Oct/2025:20:51:55 +0000] "GET /static/css/main.css HTTP/1.1" 200 2910 "-" "Mozilla/5.0 (Macintosh; Intel Mac OS X 10_15_7)"
198.51.100.88 - - [04/Oct/2025:06:26:45 +0000] "GET /api/users HTTP/1.1" 200 2383 "-" "Mozilla/5.0 (X11; Linux x86_64) AppleWebKit/537.36"
198.51.100.88 - - [04/Oct/2025:09:19:14 +0000] "GET /about.html HTTP/1.1" 200 1070 "-" "python-requests/2.25.1"
203.0.113.45 - - [04/Oct/2025:06:44:34 +0000] "GET /api/users HTTP/1.1" 200 704 "-" "python-requests/2.25.1"
172.16.5.20 - - [04/Oct/2025:01:43:19 +0000] "GET /static/js/app.js HTTP/1.1" 200 882 "-" "python-requests/2.25.1"
172.16.5.20 - - [04/Oct/2025:10:50:40 +0000] "GET /static/css/main.css HTTP/1.1" 200 4032 "-" "curl/7.68.0"
203.0.113.45 - - [04/Oct/2025:09:31:33 +0000] "GET /index.html HTTP/1.1" 200 1398 "-" "Mozilla/5.0 (X11; Linux x86_64) AppleWebKit/537.36"
10.0.0.50 - - [04/Oct/2025:17:36:59 +0000] "GET /images/logo.png HTTP/1.1" 200 1627 "-" "Mozilla/5.0 (X11; Linux x86_64) AppleWebKit/537.36"
198.51.100.88 - - [04/Oct/2025:00:20:31 +0000] "GET /static/js/app.js HTTP/1.1" 200 3700 "-" "curl/7.68.0"
198.51.100.88 - - [04/Oct/2025:22:00:31 +0000] "GET /about.html HTTP/1.1" 200 1344 "-" "curl/7.68.0"
203.0.113.45 - - [04/Oct/2025:23:33:51 +0000] "GET /about.html HTTP/1.1" 200 2995 "-" "python-requests/2.25.1"
172.16.5.20 - - [04/Oct/2025:22:17:42 +0000] "GET /api/users HTTP/1.1" 404 3735 "-" "Mozilla/5.0 (Windows NT 10.0; Win64; x64) AppleWebKit/537.36"
192.168.1.100 - - [04/Oct/2025:14:03:51 +0000] "GET /static/css/main.css HTTP/1.1" 200 3516 "-" "Mozilla/5.0 (Macintosh; Intel Mac OS X 10_15_7)"
198.51.100.88 - - [04/Oct/2025:22:34:50 +0000] "GET /static/css/main.css HTTP/1.1" 200 4839 "-" "curl/7.68.0"
192.168.1.100 - - [04/Oct/2025:08:33:06 +0000] "GET /api/auth HTTP/1.1" 200 726 "-" "curl/7.68.0"
172.16.5.20 - - [04/Oct/2025:14:00:55 +0000] "GET /contact.html HTTP/1.1" 200 2854 "-" "curl/7.68.0"
203.0.113.45 - - [04/Oct/2025:22:00:41 +0000] "GET /static/css/main.css HTTP/1.1" 200 3766 "-" "curl/7.68.0"
192.168.1.100 - - [04/Oct/2025:08:54:58 +0000] "GET /api/users HTTP/1.1" 200 5195 "-" "Mozilla/5.0 (X11; Linux x86_64) AppleWebKit/537.36"
198.51.100.88 - - [04/Oct/2025:02:17:34 +0000] "GET /index.html HTTP/1.1" 200 5011 "-" "python-requests/2.25.1"
203.0.113.45 - - [04/Oct/2025:16:07:15 +0000] "GET /images/logo.png HTTP/1.1" 200 2317 "-" "Mozilla/5.0 (Windows NT 10.0; Win64; x64) AppleWebKit/537.36"
172.16.5.20 - - [04/Oct/2025:00:39:10 +0000] "GET /images/logo.png HTTP/1.1" 200 3159 "-" "Mozilla/5.0 (X11; Linux x86_64) AppleWebKit/537.36"
10.0.0.50 - - [04/Oct/2025:06:07:05 +0000] "GET /api/users HTTP/1.1" 200 1595 "-" "Mozilla/5.0 (X11; Linux x86_64) AppleWebKit/537.36"
10.0.0.50 - - [04/Oct/2025:22:59:32 +0000] "GET /api/users HTTP/1.1" 200 4157 "-" "Mozilla/5.0 (X11; Linux x86_64) AppleWebKit/537.36"
198.51.100.88 - - [04/Oct/2025:15:37:33 +0000] "GET /static/css/main.css HTTP/1.1" 200 2817 "-" "Mozilla/5.0 (Windows NT 10.0; Win64; x64) AppleWebKit/537.36"
192.168.1.100 - - [04/Oct/2025:22:35:26 +0000] "GET /static/css/main.css HTTP/1.1" 200 3706 "-" "Mozilla/5.0 (Windows NT 10.0; Win64; x64) AppleWebKit/537.36"
192.168.1.100 - - [04/Oct/2025:23:15:11 +0000] "GET /api/auth HTTP/1.1" 200 4387 "-" "python-requests/2.25.1"
198.51.100.88 - - [04/Oct/2025:03:12:02 +0000] "GET /index.html HTTP/1.1" 200 3770 "-" "Mozilla/5.0 (X11; Linux x86_64) AppleWebKit/537.36"
192.168.1.100 - - [04/Oct/2025:17:55:14 +0000] "GET /static/js/app.js HTTP/1.1" 200 4185 "-" "python-requests/2.25.1"
203.0.113.45 - - [04/Oct/2025:00:51:46 +0000] "GET /api/users HTTP/1.1" 200 4902 "-" "Mozilla/5.0 (Windows NT 10.0; Win64; x64) AppleWebKit/537.36"
198.51.100.88 - - [04/Oct/2025:17:13:29 +0000] "GET /images/logo.png HTTP/1.1" 200 5196 "-" "Mozilla/5.0 (Macintosh; Intel Mac OS X 10_15_7)"
10.0.0.50 - - [04/Oct/2025:02:31:45 +0000] "GET /contact.html HTTP/1.1" 200 2165 "-" "Mozilla/5.0 (Windows NT 10.0; Win64; x64) AppleWebKit/537.36"
10.0.0.50 - - [04/Oct/2025:04:14:49 +0000] "GET /images/logo.png HTTP/1.1" 200 4445 "-" "python-requests/2.25.1"
10.0.0.50 - - [04/Oct/2025:09:14:21 +0000] "GET /about.html HTTP/1.1" 200 5013 "-" "curl/7.68.0"
198.51.100.88 - - [04/Oct/2025:16:53:12 +0000] "GET /about.html HTTP/1.1" 200 2119 "-" "Mozilla/5.0 (X11; Linux x86_64) AppleWebKit/537.36"
10.0.0.50 - - [04/Oct/2025:10:56:54 +0000] "GET /index.html HTTP/1.1" 200 1503 "-" "python-requests/2.25.1"
172.16.5.20 - - [04/Oct/2025:02:36:12 +0000] "GET /static/js/app.js HTTP/1.1" 200 1173 "-" "Mozilla/5.0 (X11; Linux x86_64) AppleWebKit/537.36"
198.51.100.88 - - [04/Oct/2025:05:55:58 +0000] "GET /index.html HTTP/1.1" 200 4364 "-" "Mozilla/5.0 (Windows NT 10.0; Win64; x64) AppleWebKit/537.36"
198.51.100.88 - - [04/Oct/2025:02:20:57 +0000] "GET /images/logo.png HTTP/1.1" 200 4922 "-" "Mozilla/5.0 (Macintosh; Intel Mac OS X 10_15_7)"
10.0.0.50 - - [04/Oct/2025:17:34:55 +0000] "GET /about.html HTTP/1.1" 200 5069 "-" "Mozilla/5.0 (Macintosh; Intel Mac OS X 10_15_7)"
192.168.1.100 - - [04/Oct/2025:20:40:02 +0000] "GET /static/js/app.js HTTP/1.1" 404 2434 "-" "Mozilla/5.0 (Macintosh; Intel Mac OS X 10_15_7)"
203.0.113.45 - - [04/Oct/2025:16:30:57 +0000] "GET /images/logo.png HTTP/1.1" 200 2202 "-" "curl/7.68.0"
10.0.0.50 - - [04/Oct/2025:23:23:50 +0000] "GET /contact.html HTTP/1.1" 200 5434 "-" "curl/7.68.0"
192.168.1.100 - - [04/Oct/2025:02:08:31 +0000] "GET /api/auth HTTP/1.1" 200 1934 "-" "Mozilla/5.0 (Windows NT 10.0; Win64; x64) AppleWebKit/537.36"
192.168.1.100 - - [04/Oct/2025:04:16:00 +0000] "GET /static/css/main.css HTTP/1.1" 200 3864 "-" "curl/7.68.0"
192.168.1.100 - - [04/Oct/2025:12:14:22 +0000] "GET /index.html HTTP/1.1" 200 4061 "-" "curl/7.68.0"
198.51.100.88 - - [04/Oct/2025:03:24:28 +0000] "GET /contact.html HTTP/1.1" 200 1218 "-" "Mozilla/5.0 (X11; Linux x86_64) AppleWebKit/537.36"
172.16.5.20 - - [04/Oct/2025:00:18:12 +0000] "GET /contact.html HTTP/1.1" 200 2441 "-" "python-requests/2.25.1"
10.0.0.50 - - [04/Oct/2025:00:20:22 +0000] "GET /about.html HTTP/1.1" 200 813 "-" "Mozilla/5.0 (X11; Linux x86_64) AppleWebKit/537.36"
10.0.0.50 - - [04/Oct/2025:10:44:52 +0000] "GET /api/auth HTTP/1.1" 200 5018 "-" "Mozilla/5.0 (X11; Linux x86_64) AppleWebKit/537.36"
198.51.100.88 - - [04/Oct/2025:18:00:43 +0000] "GET /static/js/app.js HTTP/1.1" 200 2286 "-" "Mozilla/5.0 (X11; Linux x86_64) AppleWebKit/537.36"
203.0.113.45 - - [04/Oct/2025:10:43:17 +0000] "GET /images/logo.png HTTP/1.1" 200 2548 "-" "curl/7.68.0"
198.51.100.88 - - [04/Oct/2025:17:30:46 +0000] "GET /api/users HTTP/1.1" 200 4034 "-" "Mozilla/5.0 (Macintosh; Intel Mac OS X 10_15_7)"
198.51.100.88 - - [04/Oct/2025:19:20:14 +0000] "GET /index.html HTTP/1.1" 200 4049 "-" "Mozilla/5.0 (Macintosh; Intel Mac OS X 10_15_7)"
192.168.1.100 - - [04/Oct/2025:16:56:48 +0000] "GET /about.html HTTP/1.1" 200 1121 "-" "Mozilla/5.0 (Macintosh; Intel Mac OS X 10_15_7)"
198.51.100.88 - - [04/Oct/2025:19:57:52 +0000] "GET /static/css/main.css HTTP/1.1" 200 5039 "-" "curl/7.68.0"
10.0.0.50 - - [04/Oct/2025:18:37:41 +0000] "GET /api/users HTTP/1.1" 200 1306 "-" "Mozilla/5.0 (Macintosh; Intel Mac OS X 10_15_7)"
172.16.5.20 - - [04/Oct/2025:04:07:52 +0000] "GET /static/css/main.css HTTP/1.1" 200 658 "-" "Mozilla/5.0 (Macintosh; Intel Mac OS X 10_15_7)"
172.16.5.20 - - [04/Oct/2025:03:33:36 +0000] "GET /static/css/main.css HTTP/1.1" 200 2185 "-" "Mozilla/5.0 (Windows NT 10.0; Win64; x64) AppleWebKit/537.36"
10.0.0.50 - - [04/Oct/2025:03:27:23 +0000] "GET /images/logo.png HTTP/1.1" 404 3254 "-" "Mozilla/5.0 (Macintosh; Intel Mac OS X 10_15_7)"
203.0.113.45 - - [04/Oct/2025:21:15:01 +0000] "GET /api/users HTTP/1.1" 200 1185 "-" "Mozilla/5.0 (Windows NT 10.0; Win64; x64) AppleWebKit/537.36"
172.16.5.20 - - [04/Oct/2025:22:28:36 +0000] "GET /static/js/app.js HTTP/1.1" 200 1356 "-" "curl/7.68.0"
203.0.113.45 - - [04/Oct/2025:17:28:06 +0000] "GET /static/css/main.css HTTP/1.1" 200 3297 "-" "Mozilla/5.0 (Macintosh; Intel Mac OS X 10_15_7)"
172.16.5.20 - - [04/Oct/2025:08:21:16 +0000] "GET /api/users HTTP/1.1" 200 1006 "-" "python-requests/2.25.1"
172.16.5.20 - - [04/Oct/2025:00:40:05 +0000] "GET /static/js/app.js HTTP/1.1" 404 3319 "-" "Mozilla/5.0 (X11; Linux x86_64) AppleWebKit/537.36"
203.0.113.45 - - [04/Oct/2025:23:25:20 +0000] "GET /images/logo.png HTTP/1.1" 200 2575 "-" "curl/7.68.0"
198.51.100.88 - - [04/Oct/2025:03:12:01 +0000] "GET /api/auth HTTP/1.1" 200 909 "-" "Mozilla/5.0 (Windows NT 10.0; Win64; x64) AppleWebKit/537.36"
198.51.100.88 - - [04/Oct/2025:23:22:40 +0000] "GET /contact.html HTTP/1.1" 200 2969 "-" "Mozilla/5.0 (Windows NT 10.0; Win64; x64) AppleWebKit/537.36"
172.16.5.20 - - [04/Oct/2025:17:25:00 +0000] "GET /api/users HTTP/1.1" 200 4799 "-" "Mozilla/5.0 (Windows NT 10.0; Win64; x64) AppleWebKit/537.36"
203.0.113.45 - - [04/Oct/2025:03:53:58 +0000] "GET /api/auth HTTP/1.1" 200 5428 "-" "python-requests/2.25.1"
10.0.0.50 - - [04/Oct/2025:03:00:08 +0000] "GET /api/users HTTP/1.1" 200 2202 "-" "Mozilla/5.0 (Windows NT 10.0; Win64; x64) AppleWebKit/537.36"
203.0.113.45 - - [04/Oct/2025:14:30:15 +0000] "GET /static/js/app.js HTTP/1.1" 200 5317 "-" "python-requests/2.25.1"
192.168.1.100 - - [04/Oct/2025:20:32:09 +0000] "GET /about.html HTTP/1.1" 200 5158 "-" "python-requests/2.25.1"
203.0.113.45 - - [04/Oct/2025:12:05:43 +0000] "GET /index.html HTTP/1.1" 200 523 "-" "python-requests/2.25.1"
203.0.113.45 - - [04/Oct/2025:22:00:43 +0000] "GET /static/js/app.js HTTP/1.1" 200 3536 "-" "curl/7.68.0"
203.0.113.45 - - [04/Oct/2025:20:18:22 +0000] "GET /images/logo.png HTTP/1.1" 404 2749 "-" "curl/7.68.0"
10.0.0.50 - - [04/Oct/2025:20:15:57 +0000] "GET /static/css/main.css HTTP/1.1" 200 2646 "-" "Mozilla/5.0 (X11; Linux x86_64) AppleWebKit/537.36"
192.168.1.100 - - [04/Oct/2025:00:48:34 +0000] "GET /static/css/main.css HTTP/1.1" 200 4408 "-" "curl/7.68.0"
10.0.0.50 - - [04/Oct/2025:16:37:11 +0000] "GET /api/users HTTP/1.1" 200 2291 "-" "curl/7.68.0"
203.0.113.45 - - [04/Oct/2025:20:57:52 +0000] "GET /api/users HTTP/1.1" 200 4105 "-" "Mozilla/5.0 (Windows NT 10.0; Win64; x64) AppleWebKit/537.36"
192.168.1.100 - - [04/Oct/2025:22:26:17 +0000] "GET /static/css/main.css HTTP/1.1" 200 5378 "-" "curl/7.68.0"
10.0.0.50 - - [04/Oct/2025:19:14:09 +0000] "GET /static/js/app.js HTTP/1.1" 200 3186 "-" "Mozilla/5.0 (Macintosh; Intel Mac OS X 10_15_7)"
10.0.0.50 - - [04/Oct/2025:07:34:59 +0000] "GET /static/js/app.js HTTP/1.1" 200 2130 "-" "Mozilla/5.0 (X11; Linux x86_64) AppleWebKit/537.36"
172.16.5.20 - - [04/Oct/2025:00:22:14 +0000] "GET /static/js/app.js HTTP/1.1" 200 3045 "-" "Mozilla/5.0 (X11; Linux x86_64) AppleWebKit/537.36"
198.51.100.88 - - [04/Oct/2025:10:06:07 +0000] "GET /about.html HTTP/1.1" 200 2778 "-" "Mozilla/5.0 (X11; Linux x86_64) AppleWebKit/537.36"
203.0.113.45 - - [04/Oct/2025:05:33:41 +0000] "GET /static/js/app.js HTTP/1.1" 404 5436 "-" "curl/7.68.0"
192.168.1.100 - - [04/Oct/2025:22:04:15 +0000] "GET /index.html HTTP/1.1" 200 5279 "-" "Mozilla/5.0 (X11; Linux x86_64) AppleWebKit/537.36"
198.51.100.88 - - [04/Oct/2025:20:48:07 +0000] "GET /api/users HTTP/1.1" 200 3598 "-" "Mozilla/5.0 (Macintosh; Intel Mac OS X 10_15_7)"
172.16.5.20 - - [04/Oct/2025:06:42:27 +0000] "GET /about.html HTTP/1.1" 200 3244 "-" "Mozilla/5.0 (Macintosh; Intel Mac OS X 10_15_7)"
192.168.1.100 - - [04/Oct/2025:20:16:21 +0000] "GET /api/auth HTTP/1.1" 404 3363 "-" "Mozilla/5.0 (X11; Linux x86_64) AppleWebKit/537.36"
192.168.1.100 - - [04/Oct/2025:01:05:38 +0000] "GET /contact.html HTTP/1.1" 200 1618 "-" "python-requests/2.25.1"
172.16.5.20 - - [04/Oct/2025:23:36:43 +0000] "GET /static/js/app.js HTTP/1.1" 200 2635 "-" "python-requests/2.25.1"
192.168.1.100 - - [04/Oct/2025:11:04:41 +0000] "GET /contact.html HTTP/1.1" 200 2720 "-" "Mozilla/5.0 (Macintosh; Intel Mac OS X 10_15_7)"
10.0.0.50 - - [04/Oct/2025:13:08:52 +0000] "GET /index.html HTTP/1.1" 200 622 "-" "python-requests/2.25.1"
203.0.113.45 - - [04/Oct/2025:17:22:26 +0000] "GET /static/js/app.js HTTP/1.1" 200 2312 "-" "Mozilla/5.0 (Macintosh; Intel Mac OS X 10_15_7)"
172.16.5.20 - - [04/Oct/2025:08:08:05 +0000] "GET /api/users HTTP/1.1" 200 4819 "-" "Mozilla/5.0 (X11; Linux x86_64) AppleWebKit/537.36"
198.51.100.88 - - [04/Oct/2025:12:34:55 +0000] "GET /api/users HTTP/1.1" 404 2696 "-" "curl/7.68.0"
198.51.100.88 - - [04/Oct/2025:18:43:08 +0000] "GET /images/logo.png HTTP/1.1" 200 2385 "-" "Mozilla/5.0 (Macintosh; Intel Mac OS X 10_15_7)"
172.16.5.20 - - [04/Oct/2025:01:32:25 +0000] "GET /contact.html HTTP/1.1" 200 5448 "-" "Mozilla/5.0 (X11; Linux x86_64) AppleWebKit/537.36"
198.51.100.88 - - [04/Oct/2025:10:07:54 +0000] "GET /index.html HTTP/1.1" 200 2729 "-" "Mozilla/5.0 (Windows NT 10.0; Win64; x64) AppleWebKit/537.36"
192.168.1.100 - - [04/Oct/2025:15:17:15 +0000] "GET /static/js/app.js HTTP/1.1" 200 2654 "-" "Mozilla/5.0 (Windows NT 10.0; Win64; x64) AppleWebKit/537.36"
10.0.0.50 - - [04/Oct/2025:13:13:29 +0000] "GET /images/logo.png HTTP/1.1" 404 690 "-" "Mozilla/5.0 (X11; Linux x86_64) AppleWebKit/537.36"
198.51.100.88 - - [04/Oct/2025:03:18:17 +0000] "GET /static/css/main.css HTTP/1.1" 200 3215 "-" "Mozilla/5.0 (X11; Linux x86_64) AppleWebKit/537.36"
198.51.100.88 - - [04/Oct/2025:14:21:13 +0000] "GET /images/logo.png HTTP/1.1" 200 3498 "-" "python-requests/2.25.1"
10.0.0.50 - - [04/Oct/2025:05:40:17 +0000] "GET /images/logo.png HTTP/1.1" 200 4136 "-" "Mozilla/5.0 (X11; Linux x86_64) AppleWebKit/537.36"
192.168.1.100 - - [04/Oct/2025:08:11:17 +0000] "GET /index.html HTTP/1.1" 200 3306 "-" "curl/7.68.0"
10.0.0.50 - - [04/Oct/2025:23:48:34 +0000] "GET /api/users HTTP/1.1" 404 2500 "-" "Mozilla/5.0 (Macintosh; Intel Mac OS X 10_15_7)"
203.0.113.45 - - [04/Oct/2025:18:19:59 +0000] "GET /api/users HTTP/1.1" 404 4303 "-" "Mozilla/5.0 (X11; Linux x86_64) AppleWebKit/537.36"
203.0.113.45 - - [04/Oct/2025:22:10:23 +0000] "GET /static/js/app.js HTTP/1.1" 200 1716 "-" "Mozilla/5.0 (Macintosh; Intel Mac OS X 10_15_7)"
172.16.5.20 - - [04/Oct/2025:05:42:44 +0000] "GET /static/js/app.js HTTP/1.1" 200 1576 "-" "python-requests/2.25.1"
192.168.1.100 - - [04/Oct/2025:11:04:23 +0000] "GET /static/js/app.js HTTP/1.1" 200 3496 "-" "python-requests/2.25.1"
198.51.100.88 - - [04/Oct/2025:20:19:23 +0000] "GET /api/users HTTP/1.1" 200 4475 "-" "Mozilla/5.0 (X11; Linux x86_64) AppleWebKit/537.36"
10.0.0.50 - - [04/Oct/2025:21:24:53 +0000] "GET /static/js/app.js HTTP/1.1" 200 1620 "-" "Mozilla/5.0 (Macintosh; Intel Mac OS X 10_15_7)"
203.0.113.45 - - [04/Oct/2025:21:33:21 +0000] "GET /static/css/main.css HTTP/1.1" 200 1487 "-" "python-requests/2.25.1"
172.16.5.20 - - [04/Oct/2025:23:36:34 +0000] "GET /index.html HTTP/1.1" 200 2873 "-" "Mozilla/5.0 (X11; Linux x86_64) AppleWebKit/537.36"
198.51.100.88 - - [04/Oct/2025:00:28:42 +0000] "GET /static/js/app.js HTTP/1.1" 200 4257 "-" "Mozilla/5.0 (Macintosh; Intel Mac OS X 10_15_7)"
198.51.100.88 - - [04/Oct/2025:01:40:06 +0000] "GET /api/users HTTP/1.1" 404 3662 "-" "Mozilla/5.0 (Windows NT 10.0; Win64; x64) AppleWebKit/537.36"
198.51.100.88 - - [04/Oct/2025:10:44:19 +0000] "GET /index.html HTTP/1.1" 200 760 "-" "Mozilla/5.0 (Macintosh; Intel Mac OS X 10_15_7)"
192.168.1.100 - - [04/Oct/2025:19:03:51 +0000] "GET /images/logo.png HTTP/1.1" 200 997 "-" "Mozilla/5.0 (Macintosh; Intel Mac OS X 10_15_7)"
198.51.100.88 - - [04/Oct/2025:11:05:08 +0000] "GET /api/auth HTTP/1.1" 200 2060 "-" "Mozilla/5.0 (Windows NT 10.0; Win64; x64) AppleWebKit/537.36"
203.0.113.45 - - [04/Oct/2025:18:24:44 +0000] "GET /index.html HTTP/1.1" 200 3026 "-" "python-requests/2.25.1"
192.168.1.100 - - [04/Oct/2025:07:36:50 +0000] "GET /api/auth HTTP/1.1" 200 4836 "-" "curl/7.68.0"
10.0.0.50 - - [04/Oct/2025:16:41:41 +0000] "GET /about.html HTTP/1.1" 200 5059 "-" "Mozilla/5.0 (X11; Linux x86_64) AppleWebKit/537.36"
203.0.113.45 - - [04/Oct/2025:09:46:38 +0000] "GET /static/css/main.css HTTP/1.1" 200 4519 "-" "Mozilla/5.0 (X11; Linux x86_64) AppleWebKit/537.36"
198.51.100.88 - - [04/Oct/2025:09:17:22 +0000] "GET /api/users HTTP/1.1" 200 4879 "-" "python-requests/2.25.1"
10.0.0.50 - - [04/Oct/2025:21:29:23 +0000] "GET /images/logo.png HTTP/1.1" 200 2876 "-" "curl/7.68.0"
192.168.1.100 - - [04/Oct/2025:09:09:29 +0000] "GET /static/css/main.css HTTP/1.1" 200 5159 "-" "python-requests/2.25.1"
203.0.113.45 - - [04/Oct/2025:04:31:33 +0000] "GET /api/auth HTTP/1.1" 200 2700 "-" "Mozilla/5.0 (Macintosh; Intel Mac OS X 10_15_7)"
198.51.100.88 - - [04/Oct/2025:00:49:33 +0000] "GET /images/logo.png HTTP/1.1" 200 2204 "-" "python-requests/2.25.1"
203.0.113.45 - - [04/Oct/2025:05:35:21 +0000] "GET /api/users HTTP/1.1" 200 4465 "-" "python-requests/2.25.1"
10.0.0.50 - - [04/Oct/2025:05:37:52 +0000] "GET /about.html HTTP/1.1" 200 4512 "-" "curl/7.68.0"
203.0.113.45 - - [04/Oct/2025:09:29:50 +0000] "GET /about.html HTTP/1.1" 200 4998 "-" "python-requests/2.25.1"
172.16.5.20 - - [04/Oct/2025:01:49:56 +0000] "GET /about.html HTTP/1.1" 200 999 "-" "python-requests/2.25.1"
172.16.5.20 - - [04/Oct/2025:14:25:28 +0000] "GET /api/users HTTP/1.1" 404 3230 "-" "Mozilla/5.0 (Macintosh; Intel Mac OS X 10_15_7)"
10.0.0.50 - - [04/Oct/2025:08:32:25 +0000] "GET /images/logo.png HTTP/1.1" 404 2111 "-" "Mozilla/5.0 (Macintosh; Intel Mac OS X 10_15_7)"
198.51.100.88 - - [04/Oct/2025:05:22:51 +0000] "GET /api/auth HTTP/1.1" 200 1906 "-" "Mozilla/5.0 (Macintosh; Intel Mac OS X 10_15_7)"
10.0.0.50 - - [04/Oct/2025:09:40:20 +0000] "GET /contact.html HTTP/1.1" 404 5271 "-" "Mozilla/5.0 (Windows NT 10.0; Win64; x64) AppleWebKit/537.36"
198.51.100.88 - - [04/Oct/2025:05:31:44 +0000] "GET /index.html HTTP/1.1" 200 1122 "-" "python-requests/2.25.1"
192.168.1.100 - - [04/Oct/2025:11:59:50 +0000] "GET /static/js/app.js HTTP/1.1" 404 1788 "-" "python-requests/2.25.1"
10.0.0.50 - - [04/Oct/2025:23:21:01 +0000] "GET /images/logo.png HTTP/1.1" 200 2032 "-" "curl/7.68.0"
198.51.100.88 - - [04/Oct/2025:00:04:34 +0000] "GET /images/logo.png HTTP/1.1" 200 2749 "-" "Mozilla/5.0 (X11; Linux x86_64) AppleWebKit/537.36"
203.0.113.45 - - [04/Oct/2025:20:16:15 +0000] "GET /contact.html HTTP/1.1" 200 757 "-" "Mozilla/5.0 (Windows NT 10.0; Win64; x64) AppleWebKit/537.36"
172.16.5.20 - - [04/Oct/2025:12:20:37 +0000] "GET /static/js/app.js HTTP/1.1" 200 1732 "-" "Mozilla/5.0 (Windows NT 10.0; Win64; x64) AppleWebKit/537.36"
203.0.113.45 - - [04/Oct/2025:18:14:34 +0000] "GET /index.html HTTP/1.1" 200 699 "-" "curl/7.68.0"
10.0.0.50 - - [04/Oct/2025:09:26:56 +0000] "GET /api/users HTTP/1.1" 200 2096 "-" "Mozilla/5.0 (Macintosh; Intel Mac OS X 10_15_7)"
192.168.1.100 - - [04/Oct/2025:09:15:48 +0000] "GET /contact.html HTTP/1.1" 200 2956 "-" "python-requests/2.25.1"
172.16.5.20 - - [04/Oct/2025:05:19:55 +0000] "GET /api/users HTTP/1.1" 200 4391 "-" "python-requests/2.25.1"
203.0.113.45 - - [04/Oct/2025:13:23:00 +0000] "GET /contact.html HTTP/1.1" 200 2154 "-" "Mozilla/5.0 (Windows NT 10.0; Win64; x64) AppleWebKit/537.36"
10.0.0.50 - - [04/Oct/2025:09:37:16 +0000] "GET /index.html HTTP/1.1" 200 2852 "-" "Mozilla/5.0 (Macintosh; Intel Mac OS X 10_15_7)"
203.0.113.45 - - [04/Oct/2025:19:39:27 +0000] "GET /api/auth HTTP/1.1" 200 1445 "-" "Mozilla/5.0 (Windows NT 10.0; Win64; x64) AppleWebKit/537.36"
172.16.5.20 - - [04/Oct/2025:04:40:54 +0000] "GET /contact.html HTTP/1.1" 200 4979 "-" "Mozilla/5.0 (X11; Linux x86_64) AppleWebKit/537.36"
172.16.5.20 - - [04/Oct/2025:22:56:31 +0000] "GET /api/users HTTP/1.1" 200 1575 "-" "Mozilla/5.0 (Macintosh; Intel Mac OS X 10_15_7)"
203.0.113.45 - - [04/Oct/2025:12:09:40 +0000] "GET /about.html HTTP/1.1" 200 1548 "-" "Mozilla/5.0 (Macintosh; Intel Mac OS X 10_15_7)"
10.0.0.50 - - [04/Oct/2025:12:32:38 +0000] "GET /api/users HTTP/1.1" 200 1564 "-" "python-requests/2.25.1"
10.0.0.50 - - [04/Oct/2025:16:43:38 +0000] "GET /contact.html HTTP/1.1" 200 4718 "-" "curl/7.68.0"
10.0.0.50 - - [04/Oct/2025:15:40:56 +0000] "GET /static/js/app.js HTTP/1.1" 200 2775 "-" "Mozilla/5.0 (Macintosh; Intel Mac OS X 10_15_7)"
198.51.100.88 - - [04/Oct/2025:12:37:00 +0000] "GET /index.html HTTP/1.1" 200 1161 "-" "Mozilla/5.0 (X11; Linux x86_64) AppleWebKit/537.36"
198.51.100.88 - - [04/Oct/2025:23:44:12 +0000] "GET /index.html HTTP/1.1" 200 4678 "-" "python-requests/2.25.1"
198.51.100.88 - - [04/Oct/2025:03:48:41 +0000] "GET /api/auth HTTP/1.1" 200 3743 "-" "Mozilla/5.0 (Windows NT 10.0; Win64; x64) AppleWebKit/537.36"
172.16.5.20 - - [04/Oct/2025:13:04:51 +0000] "GET /index.html HTTP/1.1" 200 2174 "-" "Mozilla/5.0 (Macintosh; Intel Mac OS X 10_15_7)"
192.168.1.100 - - [04/Oct/2025:03:44:22 +0000] "GET /static/js/app.js HTTP/1.1" 200 4304 "-" "Mozilla/5.0 (X11; Linux x86_64) AppleWebKit/537.36"
172.16.5.20 - - [04/Oct/2025:13:57:20 +0000] "GET /index.html HTTP/1.1" 200 3859 "-" "Mozilla/5.0 (Windows NT 10.0; Win64; x64) AppleWebKit/537.36"
198.51.100.88 - - [04/Oct/2025:12:32:11 +0000] "GET /api/users HTTP/1.1" 200 2004 "-" "Mozilla/5.0 (Windows NT 10.0; Win64; x64) AppleWebKit/537.36"
172.16.5.20 - - [04/Oct/2025:09:32:29 +0000] "GET /static/css/main.css HTTP/1.1" 200 2964 "-" "Mozilla/5.0 (Macintosh; Intel Mac OS X 10_15_7)"
172.16.5.20 - - [04/Oct/2025:04:28:43 +0000] "GET /api/users HTTP/1.1" 404 3241 "-" "python-requests/2.25.1"
203.0.113.45 - - [04/Oct/2025:22:42:15 +0000] "GET /index.html HTTP/1.1" 200 5189 "-" "Mozilla/5.0 (X11; Linux x86_64) AppleWebKit/537.36"
10.0.0.50 - - [04/Oct/2025:05:07:26 +0000] "GET /static/js/app.js HTTP/1.1" 200 3641 "-" "python-requests/2.25.1"
203.0.113.45 - - [04/Oct/2025:21:25:23 +0000] "GET /static/js/app.js HTTP/1.1" 200 4790 "-" "Mozilla/5.0 (X11; Linux x86_64) AppleWebKit/537.36"
203.0.113.45 - - [04/Oct/2025:17:29:06 +0000] "GET /static/css/main.css HTTP/1.1" 404 3479 "-" "Mozilla/5.0 (Windows NT 10.0; Win64; x64) AppleWebKit/537.36"
172.16.5.20 - - [04/Oct/2025:07:46:07 +0000] "GET /contact.html HTTP/1.1" 200 4240 "-" "python-requests/2.25.1"
203.0.113.45 - - [04/Oct/2025:03:03:45 +0000] "GET /about.html HTTP/1.1" 200 2361 "-" "python-requests/2.25.1"
172.16.5.20 - - [04/Oct/2025:22:30:40 +0000] "GET /contact.html HTTP/1.1" 200 5130 "-" "Mozilla/5.0 (Windows NT 10.0; Win64; x64) AppleWebKit/537.36"
10.0.0.50 - - [04/Oct/2025:15:42:54 +0000] "GET /images/logo.png HTTP/1.1" 200 3809 "-" "python-requests/2.25.1"
203.0.113.45 - - [04/Oct/2025:22:36:01 +0000] "GET /static/js/app.js HTTP/1.1" 404 4656 "-" "python-requests/2.25.1"
10.0.0.50 - - [04/Oct/2025:18:08:35 +0000] "GET /api/auth HTTP/1.1" 200 661 "-" "curl/7.68.0"
198.51.100.88 - - [04/Oct/2025:08:03:33 +0000] "GET /static/css/main.css HTTP/1.1" 200 3536 "-" "python-requests/2.25.1"
203.0.113.45 - - [04/Oct/2025:09:47:45 +0000] "GET /contact.html HTTP/1.1" 200 3155 "-" "curl/7.68.0"
203.0.113.45 - - [04/Oct/2025:17:30:29 +0000] "GET /images/logo.png HTTP/1.1" 200 1350 "-" "curl/7.68.0"
172.16.5.20 - - [04/Oct/2025:20:29:57 +0000] "GET /static/css/main.css HTTP/1.1" 200 4984 "-" "Mozilla/5.0 (Macintosh; Intel Mac OS X 10_15_7)"
172.16.5.20 - - [04/Oct/2025:19:23:02 +0000] "GET /about.html HTTP/1.1" 200 4949 "-" "Mozilla/5.0 (Windows NT 10.0; Win64; x64) AppleWebKit/537.36"
192.168.1.100 - - [04/Oct/2025:20:14:45 +0000] "GET /images/logo.png HTTP/1.1" 404 4922 "-" "curl/7.68.0"
10.0.0.50 - - [04/Oct/2025:09:08:15 +0000] "GET /api/users HTTP/1.1" 200 1956 "-" "Mozilla/5.0 (Macintosh; Intel Mac OS X 10_15_7)"
198.51.100.88 - - [04/Oct/2025:18:08:17 +0000] "GET /static/js/app.js HTTP/1.1" 200 765 "-" "curl/7.68.0"
172.16.5.20 - - [04/Oct/2025:01:32:56 +0000] "GET /contact.html HTTP/1.1" 200 2670 "-" "Mozilla/5.0 (X11; Linux x86_64) AppleWebKit/537.36"
172.16.5.20 - - [04/Oct/2025:12:07:31 +0000] "GET /static/js/app.js HTTP/1.1" 200 4466 "-" "python-requests/2.25.1"
192.168.1.100 - - [04/Oct/2025:19:30:23 +0000] "GET /index.html HTTP/1.1" 200 4728 "-" "Mozilla/5.0 (Macintosh; Intel Mac OS X 10_15_7)"
172.16.5.20 - - [04/Oct/2025:08:35:52 +0000] "GET /api/users HTTP/1.1" 200 1457 "-" "Mozilla/5.0 (Windows NT 10.0; Win64; x64) AppleWebKit/537.36"
198.51.100.88 - - [04/Oct/2025:02:38:01 +0000] "GET /api/users HTTP/1.1" 200 934 "-" "Mozilla/5.0 (Windows NT 10.0; Win64; x64) AppleWebKit/537.36"
192.168.1.100 - - [04/Oct/2025:19:06:22 +0000] "GET /api/users HTTP/1.1" 200 3194 "-" "Mozilla/5.0 (X11; Linux x86_64) AppleWebKit/537.36"
192.168.1.100 - - [04/Oct/2025:01:10:47 +0000] "GET /about.html HTTP/1.1" 200 4985 "-" "Mozilla/5.0 (X11; Linux x86_64) AppleWebKit/537.36"
172.16.5.20 - - [04/Oct/2025:16:12:39 +0000] "GET /images/logo.png HTTP/1.1" 200 5080 "-" "python-requests/2.25.1"
198.51.100.88 - - [04/Oct/2025:08:12:19 +0000] "GET /about.html HTTP/1.1" 404 626 "-" "curl/7.68.0"
192.168.1.100 - - [04/Oct/2025:01:32:29 +0000] "GET /static/js/app.js HTTP/1.1" 200 1868 "-" "Mozilla/5.0 (Macintosh; Intel Mac OS X 10_15_7)"
172.16.5.20 - - [04/Oct/2025:21:01:33 +0000] "GET /api/auth HTTP/1.1" 200 2735 "-" "Mozilla/5.0 (Windows NT 10.0; Win64; x64) AppleWebKit/537.36"
203.0.113.45 - - [04/Oct/2025:20:06:30 +0000] "GET /api/users HTTP/1.1" 200 1331 "-" "curl/7.68.0"
203.0.113.45 - - [04/Oct/2025:04:34:49 +0000] "GET /images/logo.png HTTP/1.1" 200 5350 "-" "curl/7.68.0"
198.51.100.88 - - [04/Oct/2025:07:17:16 +0000] "GET /static/js/app.js HTTP/1.1" 200 994 "-" "python-requests/2.25.1"
192.168.1.100 - - [04/Oct/2025:08:02:32 +0000] "GET /about.html HTTP/1.1" 200 2123 "-" "Mozilla/5.0 (X11; Linux x86_64) AppleWebKit/537.36"
198.51.100.88 - - [04/Oct/2025:11:42:45 +0000] "GET /static/js/app.js HTTP/1.1" 200 741 "-" "Mozilla/5.0 (X11; Linux x86_64) AppleWebKit/537.36"
198.51.100.88 - - [04/Oct/2025:06:26:31 +0000] "GET /index.html HTTP/1.1" 200 3938 "-" "Mozilla/5.0 (Macintosh; Intel Mac OS X 10_15_7)"
10.0.0.50 - - [04/Oct/2025:11:13:25 +0000] "GET /images/logo.png HTTP/1.1" 404 644 "-" "Mozilla/5.0 (Windows NT 10.0; Win64; x64) AppleWebKit/537.36"
192.168.1.100 - - [04/Oct/2025:06:08:49 +0000] "GET /api/auth HTTP/1.1" 200 1296 "-" "curl/7.68.0"
203.0.113.45 - - [04/Oct/2025:23:32:08 +0000] "GET /images/logo.png HTTP/1.1" 404 5324 "-" "python-requests/2.25.1"
10.0.0.50 - - [04/Oct/2025:00:50:33 +0000] "GET /images/logo.png HTTP/1.1" 404 4969 "-" "Mozilla/5.0 (Macintosh; Intel Mac OS X 10_15_7)"
203.0.113.45 - - [04/Oct/2025:02:54:44 +0000] "GET /api/users HTTP/1.1" 200 2262 "-" "Mozilla/5.0 (Windows NT 10.0; Win64; x64) AppleWebKit/537.36"
203.0.113.45 - - [04/Oct/2025:03:12:26 +0000] "GET /api/auth HTTP/1.1" 404 884 "-" "Mozilla/5.0 (X11; Linux x86_64) AppleWebKit/537.36"
10.0.0.50 - - [04/Oct/2025:21:02:55 +0000] "GET /index.html HTTP/1.1" 200 3293 "-" "curl/7.68.0"
10.0.0.50 - - [04/Oct/2025:16:53:20 +0000] "GET /about.html HTTP/1.1" 200 3796 "-" "Mozilla/5.0 (Macintosh; Intel Mac OS X 10_15_7)"
198.51.100.88 - - [04/Oct/2025:15:18:38 +0000] "GET /static/css/main.css HTTP/1.1" 200 1140 "-" "Mozilla/5.0 (Windows NT 10.0; Win64; x64) AppleWebKit/537.36"
10.0.0.50 - - [04/Oct/2025:02:20:35 +0000] "GET /api/users HTTP/1.1" 200 1864 "-" "curl/7.68.0"
192.168.1.100 - - [04/Oct/2025:07:29:13 +0000] "GET /contact.html HTTP/1.1" 200 3044 "-" "Mozilla/5.0 (Windows NT 10.0; Win64; x64) AppleWebKit/537.36"
192.168.1.100 - - [04/Oct/2025:22:44:41 +0000] "GET /contact.html HTTP/1.1" 404 2793 "-" "Mozilla/5.0 (X11; Linux x86_64) AppleWebKit/537.36"
203.0.113.45 - - [04/Oct/2025:17:16:13 +0000] "GET /static/css/main.css HTTP/1.1" 200 3375 "-" "curl/7.68.0"
10.0.0.50 - - [04/Oct/2025:20:55:51 +0000] "GET /static/css/main.css HTTP/1.1" 200 1885 "-" "curl/7.68.0"
192.168.1.100 - - [04/Oct/2025:22:31:34 +0000] "GET /static/css/main.css HTTP/1.1" 200 3240 "-" "Mozilla/5.0 (Windows NT 10.0; Win64; x64) AppleWebKit/537.36"
198.51.100.88 - - [04/Oct/2025:09:21:50 +0000] "GET /index.html HTTP/1.1" 200 4846 "-" "Mozilla/5.0 (Windows NT 10.0; Win64; x64) AppleWebKit/537.36"
10.0.0.50 - - [04/Oct/2025:02:26:24 +0000] "GET /static/css/main.css HTTP/1.1" 200 1452 "-" "Mozilla/5.0 (Macintosh; Intel Mac OS X 10_15_7)"
203.0.113.45 - - [04/Oct/2025:23:35:09 +0000] "GET /api/auth HTTP/1.1" 200 3316 "-" "curl/7.68.0"
10.0.0.50 - - [04/Oct/2025:21:42:16 +0000] "GET /api/users HTTP/1.1" 200 1834 "-" "Mozilla/5.0 (Macintosh; Intel Mac OS X 10_15_7)"
198.51.100.88 - - [04/Oct/2025:07:22:14 +0000] "GET /api/auth HTTP/1.1" 200 4066 "-" "python-requests/2.25.1"
172.16.5.20 - - [04/Oct/2025:12:44:37 +0000] "GET /api/users HTTP/1.1" 200 3370 "-" "Mozilla/5.0 (Macintosh; Intel Mac OS X 10_15_7)"
203.0.113.45 - - [04/Oct/2025:02:32:43 +0000] "GET /static/js/app.js HTTP/1.1" 200 1150 "-" "curl/7.68.0"
203.0.113.45 - - [04/Oct/2025:23:01:45 +0000] "GET /about.html HTTP/1.1" 200 2427 "-" "python-requests/2.25.1"
10.0.0.50 - - [04/Oct/2025:22:44:06 +0000] "GET /api/auth HTTP/1.1" 200 3058 "-" "python-requests/2.25.1"
203.0.113.45 - - [04/Oct/2025:20:32:00 +0000] "GET /contact.html HTTP/1.1" 200 962 "-" "Mozilla/5.0 (Windows NT 10.0; Win64; x64) AppleWebKit/537.36"
203.0.113.45 - - [04/Oct/2025:10:40:00 +0000] "GET /static/js/app.js HTTP/1.1" 200 3973 "-" "Mozilla/5.0 (Macintosh; Intel Mac OS X 10_15_7)"
203.0.113.45 - - [04/Oct/2025:11:28:52 +0000] "GET /static/css/main.css HTTP/1.1" 200 2662 "-" "curl/7.68.0"
192.168.1.100 - - [04/Oct/2025:17:19:42 +0000] "GET /api/users HTTP/1.1" 200 3726 "-" "python-requests/2.25.1"
192.168.1.100 - - [04/Oct/2025:03:04:24 +0000] "GET /api/auth HTTP/1.1" 200 1060 "-" "python-requests/2.25.1"
10.0.0.50 - - [04/Oct/2025:18:19:47 +0000] "GET /images/logo.png HTTP/1.1" 200 3626 "-" "Mozilla/5.0 (Macintosh; Intel Mac OS X 10_15_7)"
203.0.113.45 - - [04/Oct/2025:08:32:57 +0000] "GET /index.html HTTP/1.1" 200 5407 "-" "curl/7.68.0"
192.168.1.100 - - [04/Oct/2025:09:39:43 +0000] "GET /index.html HTTP/1.1" 200 1515 "-" "Mozilla/5.0 (X11; Linux x86_64) AppleWebKit/537.36"
203.0.113.45 - - [04/Oct/2025:11:45:31 +0000] "GET /contact.html HTTP/1.1" 200 1131 "-" "Mozilla/5.0 (Windows NT 10.0; Win64; x64) AppleWebKit/537.36"
203.0.113.45 - - [04/Oct/2025:04:35:13 +0000] "GET /api/users HTTP/1.1" 200 4239 "-" "Mozilla/5.0 (Macintosh; Intel Mac OS X 10_15_7)"
172.16.5.20 - - [04/Oct/2025:21:36:34 +0000] "GET /about.html HTTP/1.1" 200 4410 "-" "Mozilla/5.0 (Windows NT 10.0; Win64; x64) AppleWebKit/537.36"
198.51.100.88 - - [04/Oct/2025:18:53:01 +0000] "GET /contact.html HTTP/1.1" 200 2230 "-" "Mozilla/5.0 (Windows NT 10.0; Win64; x64) AppleWebKit/537.36"
172.16.5.20 - - [04/Oct/2025:05:56:49 +0000] "GET /static/css/main.css HTTP/1.1" 200 4522 "-" "Mozilla/5.0 (X11; Linux x86_64) AppleWebKit/537.36"
203.0.113.45 - - [04/Oct/2025:10:16:42 +0000] "GET /api/users HTTP/1.1" 200 2662 "-" "Mozilla/5.0 (X11; Linux x86_64) AppleWebKit/537.36"
172.16.5.20 - - [04/Oct/2025:22:26:01 +0000] "GET /static/js/app.js HTTP/1.1" 200 3185 "-" "curl/7.68.0"
192.168.1.100 - - [04/Oct/2025:05:45:17 +0000] "GET /static/css/main.css HTTP/1.1" 200 4725 "-" "python-requests/2.25.1"
172.16.5.20 - - [04/Oct/2025:21:53:09 +0000] "GET /static/js/app.js HTTP/1.1" 200 4679 "-" "curl/7.68.0"
198.51.100.88 - - [04/Oct/2025:13:16:45 +0000] "GET /static/css/main.css HTTP/1.1" 200 3343 "-" "curl/7.68.0"
198.51.100.88 - - [04/Oct/2025:10:29:50 +0000] "GET /contact.html HTTP/1.1" 200 4566 "-" "python-requests/2.25.1"
192.168.1.100 - - [04/Oct/2025:08:28:14 +0000] "GET /index.html HTTP/1.1" 200 3308 "-" "Mozilla/5.0 (X11; Linux x86_64) AppleWebKit/537.36"
172.16.5.20 - - [04/Oct/2025:22:12:27 +0000] "GET /static/css/main.css HTTP/1.1" 404 2628 "-" "python-requests/2.25.1"
10.0.0.50 - - [04/Oct/2025:06:51:18 +0000] "GET /static/css/main.css HTTP/1.1" 200 3554 "-" "Mozilla/5.0 (Windows NT 10.0; Win64; x64) AppleWebKit/537.36"
10.0.0.50 - - [04/Oct/2025:18:44:21 +0000] "GET /api/auth HTTP/1.1" 200 1784 "-" "python-requests/2.25.1"
198.51.100.88 - - [04/Oct/2025:20:46:04 +0000] "GET /contact.html HTTP/1.1" 404 3266 "-" "Mozilla/5.0 (X11; Linux x86_64) AppleWebKit/537.36"
172.16.5.20 - - [04/Oct/2025:18:17:25 +0000] "GET /index.html HTTP/1.1" 200 4712 "-" "Mozilla/5.0 (Windows NT 10.0; Win64; x64) AppleWebKit/537.36"
172.16.5.20 - - [04/Oct/2025:19:17:45 +0000] "GET /about.html HTTP/1.1" 200 2638 "-" "Mozilla/5.0 (Macintosh; Intel Mac OS X 10_15_7)"
172.16.5.20 - - [04/Oct/2025:19:00:14 +0000] "GET /images/logo.png HTTP/1.1" 200 4819 "-" "Mozilla/5.0 (Macintosh; Intel Mac OS X 10_15_7)"
192.168.1.100 - - [04/Oct/2025:12:38:22 +0000] "GET /static/js/app.js HTTP/1.1" 200 1735 "-" "Mozilla/5.0 (Windows NT 10.0; Win64; x64) AppleWebKit/537.36"
10.0.0.50 - - [04/Oct/2025:18:14:58 +0000] "GET /api/users HTTP/1.1" 404 2741 "-" "Mozilla/5.0 (Macintosh; Intel Mac OS X 10_15_7)"
203.0.113.45 - - [04/Oct/2025:08:40:10 +0000] "GET /images/logo.png HTTP/1.1" 200 2004 "-" "curl/7.68.0"
198.51.100.88 - - [04/Oct/2025:19:57:33 +0000] "GET /about.html HTTP/1.1" 200 2976 "-" "Mozilla/5.0 (Windows NT 10.0; Win64; x64) AppleWebKit/537.36"
203.0.113.45 - - [04/Oct/2025:08:59:51 +0000] "GET /contact.html HTTP/1.1" 200 832 "-" "Mozilla/5.0 (X11; Linux x86_64) AppleWebKit/537.36"
198.51.100.88 - - [04/Oct/2025:01:02:25 +0000] "GET /api/users HTTP/1.1" 200 4487 "-" "Mozilla/5.0 (Windows NT 10.0; Win64; x64) AppleWebKit/537.36"
172.16.5.20 - - [04/Oct/2025:15:08:50 +0000] "GET /index.html HTTP/1.1" 200 4340 "-" "Mozilla/5.0 (Windows NT 10.0; Win64; x64) AppleWebKit/537.36"
172.16.5.20 - - [04/Oct/2025:01:25:21 +0000] "GET /about.html HTTP/1.1" 200 4613 "-" "python-requests/2.25.1"
10.0.0.50 - - [04/Oct/2025:07:22:49 +0000] "GET /about.html HTTP/1.1" 200 1232 "-" "Mozilla/5.0 (Macintosh; Intel Mac OS X 10_15_7)"
203.0.113.45 - - [04/Oct/2025:02:37:35 +0000] "GET /static/css/main.css HTTP/1.1" 200 4475 "-" "Mozilla/5.0 (Windows NT 10.0; Win64; x64) AppleWebKit/537.36"
10.0.0.50 - - [04/Oct/2025:13:37:57 +0000] "GET /contact.html HTTP/1.1" 404 4700 "-" "python-requests/2.25.1"
203.0.113.45 - - [04/Oct/2025:17:43:48 +0000] "GET /index.html HTTP/1.1" 404 1952 "-" "Mozilla/5.0 (Windows NT 10.0; Win64; x64) AppleWebKit/537.36"
198.51.100.88 - - [04/Oct/2025:03:08:43 +0000] "GET /static/css/main.css HTTP/1.1" 200 3253 "-" "Mozilla/5.0 (X11; Linux x86_64) AppleWebKit/537.36"
192.168.1.100 - - [04/Oct/2025:05:58:36 +0000] "GET /about.html HTTP/1.1" 200 1060 "-" "curl/7.68.0"
10.0.0.50 - - [04/Oct/2025:07:53:15 +0000] "GET /images/logo.png HTTP/1.1" 200 755 "-" "curl/7.68.0"
192.168.1.100 - - [04/Oct/2025:04:12:10 +0000] "GET /api/auth HTTP/1.1" 200 4443 "-" "Mozilla/5.0 (Macintosh; Intel Mac OS X 10_15_7)"
198.51.100.88 - - [04/Oct/2025:15:26:33 +0000] "GET /static/css/main.css HTTP/1.1" 200 3298 "-" "curl/7.68.0"
10.0.0.50 - - [04/Oct/2025:03:30:28 +0000] "GET /index.html HTTP/1.1" 200 2310 "-" "curl/7.68.0"
192.168.1.100 - - [04/Oct/2025:05:58:18 +0000] "GET /api/auth HTTP/1.1" 200 1327 "-" "curl/7.68.0"
203.0.113.45 - - [04/Oct/2025:09:09:22 +0000] "GET /static/js/app.js HTTP/1.1" 200 3400 "-" "curl/7.68.0"
203.0.113.45 - - [04/Oct/2025:14:32:34 +0000] "GET /about.html HTTP/1.1" 200 1543 "-" "Mozilla/5.0 (Macintosh; Intel Mac OS X 10_15_7)"
192.168.1.100 - - [04/Oct/2025:04:53:58 +0000] "GET /api/users HTTP/1.1" 200 3625 "-" "Mozilla/5.0 (Macintosh; Intel Mac OS X 10_15_7)"
10.0.0.50 - - [04/Oct/2025:13:01:09 +0000] "GET /about.html HTTP/1.1" 200 2842 "-" "python-requests/2.25.1"
10.0.0.50 - - [04/Oct/2025:14:04:22 +0000] "GET /contact.html HTTP/1.1" 200 2810 "-" "python-requests/2.25.1"
10.0.0.50 - - [04/Oct/2025:22:18:25 +0000] "GET /static/js/app.js HTTP/1.1" 200 2256 "-" "Mozilla/5.0 (Windows NT 10.0; Win64; x64) AppleWebKit/537.36"
198.51.100.88 - - [04/Oct/2025:18:54:41 +0000] "GET /api/users HTTP/1.1" 200 1762 "-" "Mozilla/5.0 (X11; Linux x86_64) AppleWebKit/537.36"
192.168.1.100 - - [04/Oct/2025:15:24:08 +0000] "GET /images/logo.png HTTP/1.1" 200 1711 "-" "Mozilla/5.0 (Macintosh; Intel Mac OS X 10_15_7)"
198.51.100.88 - - [04/Oct/2025:02:12:47 +0000] "GET /index.html HTTP/1.1" 404 5003 "-" "Mozilla/5.0 (Windows NT 10.0; Win64; x64) AppleWebKit/537.36"
198.51.100.88 - - [04/Oct/2025:12:40:38 +0000] "GET /contact.html HTTP/1.1" 200 605 "-" "Mozilla/5.0 (Macintosh; Intel Mac OS X 10_15_7)"
192.168.1.100 - - [04/Oct/2025:07:37:15 +0000] "GET /about.html HTTP/1.1" 200 2764 "-" "curl/7.68.0"
203.0.113.45 - - [04/Oct/2025:17:31:03 +0000] "GET /api/users HTTP/1.1" 200 4687 "-" "Mozilla/5.0 (Windows NT 10.0; Win64; x64) AppleWebKit/537.36"
192.168.1.100 - - [04/Oct/2025:06:34:17 +0000] "GET /about.html HTTP/1.1" 200 3219 "-" "Mozilla/5.0 (Windows NT 10.0; Win64; x64) AppleWebKit/537.36"
203.0.113.45 - - [04/Oct/2025:04:06:55 +0000] "GET /contact.html HTTP/1.1" 404 1124 "-" "Mozilla/5.0 (Windows NT 10.0; Win64; x64) AppleWebKit/537.36"
198.51.100.88 - - [04/Oct/2025:14:09:00 +0000] "GET /images/logo.png HTTP/1.1" 200 2807 "-" "Mozilla/5.0 (X11; Linux x86_64) AppleWebKit/537.36"
192.168.1.100 - - [04/Oct/2025:17:49:19 +0000] "GET /static/css/main.css HTTP/1.1" 200 1563 "-" "Mozilla/5.0 (X11; Linux x86_64) AppleWebKit/537.36"
192.168.1.100 - - [04/Oct/2025:01:58:13 +0000] "GET /images/logo.png HTTP/1.1" 200 815 "-" "Mozilla/5.0 (X11; Linux x86_64) AppleWebKit/537.36"
192.168.1.100 - - [04/Oct/2025:17:24:22 +0000] "GET /api/auth HTTP/1.1" 200 2419 "-" "python-requests/2.25.1"
203.0.113.45 - - [04/Oct/2025:11:19:26 +0000] "GET /index.html HTTP/1.1" 200 2469 "-" "curl/7.68.0"
10.0.0.50 - - [04/Oct/2025:14:49:42 +0000] "GET /about.html HTTP/1.1" 404 638 "-" "Mozilla/5.0 (Macintosh; Intel Mac OS X 10_15_7)"
172.16.5.20 - - [04/Oct/2025:14:35:20 +0000] "GET /about.html HTTP/1.1" 200 1497 "-" "curl/7.68.0"
198.51.100.88 - - [04/Oct/2025:05:16:30 +0000] "GET /contact.html HTTP/1.1" 200 553 "-" "curl/7.68.0"
192.168.1.100 - - [04/Oct/2025:04:09:24 +0000] "GET /index.html HTTP/1.1" 404 1293 "-" "curl/7.68.0"
172.16.5.20 - - [04/Oct/2025:07:26:52 +0000] "GET /contact.html HTTP/1.1" 200 3470 "-" "Mozilla/5.0 (Macintosh; Intel Mac OS X 10_15_7)"
203.0.113.45 - - [04/Oct/2025:18:30:59 +0000] "GET /api/users HTTP/1.1" 200 1786 "-" "Mozilla/5.0 (Macintosh; Intel Mac OS X 10_15_7)"
203.0.113.45 - - [04/Oct/2025:23:08:18 +0000] "GET /api/users HTTP/1.1" 404 2130 "-" "Mozilla/5.0 (X11; Linux x86_64) AppleWebKit/537.36"
10.0.0.50 - - [04/Oct/2025:00:43:54 +0000] "GET /static/js/app.js HTTP/1.1" 200 2651 "-" "Mozilla/5.0 (X11; Linux x86_64) AppleWebKit/537.36"
10.0.0.50 - - [04/Oct/2025:18:51:40 +0000] "GET /images/logo.png HTTP/1.1" 200 2901 "-" "Mozilla/5.0 (X11; Linux x86_64) AppleWebKit/537.36"
192.168.1.100 - - [04/Oct/2025:04:12:52 +0000] "GET /about.html HTTP/1.1" 200 3863 "-" "Mozilla/5.0 (X11; Linux x86_64) AppleWebKit/537.36"
10.0.0.50 - - [04/Oct/2025:17:21:24 +0000] "GET /static/js/app.js HTTP/1.1" 200 5324 "-" "python-requests/2.25.1"
10.0.0.50 - - [04/Oct/2025:19:33:24 +0000] "GET /api/users HTTP/1.1" 200 2939 "-" "python-requests/2.25.1"
10.0.0.50 - - [04/Oct/2025:13:56:26 +0000] "GET /api/users HTTP/1.1" 200 4823 "-" "curl/7.68.0"
198.51.100.88 - - [04/Oct/2025:12:41:09 +0000] "GET /about.html HTTP/1.1" 200 5108 "-" "Mozilla/5.0 (Windows NT 10.0; Win64; x64) AppleWebKit/537.36"
203.0.113.45 - - [04/Oct/2025:10:43:23 +0000] "GET /static/js/app.js HTTP/1.1" 200 3362 "-" "Mozilla/5.0 (Macintosh; Intel Mac OS X 10_15_7)"
10.0.0.50 - - [04/Oct/2025:02:32:59 +0000] "GET /static/js/app.js HTTP/1.1" 200 2824 "-" "Mozilla/5.0 (Macintosh; Intel Mac OS X 10_15_7)"
192.168.1.100 - - [04/Oct/2025:20:45:33 +0000] "GET /about.html HTTP/1.1" 200 830 "-" "python-requests/2.25.1"
192.168.1.100 - - [04/Oct/2025:07:04:11 +0000] "GET /about.html HTTP/1.1" 200 3356 "-" "curl/7.68.0"
10.0.0.50 - - [04/Oct/2025:12:45:45 +0000] "GET /index.html HTTP/1.1" 200 1624 "-" "Mozilla/5.0 (Windows NT 10.0; Win64; x64) AppleWebKit/537.36"
203.0.113.45 - - [04/Oct/2025:06:05:53 +0000] "GET /index.html HTTP/1.1" 200 5426 "-" "Mozilla/5.0 (Macintosh; Intel Mac OS X 10_15_7)"
172.16.5.20 - - [04/Oct/2025:19:02:21 +0000] "GET /static/css/main.css HTTP/1.1" 200 4284 "-" "python-requests/2.25.1"
192.168.1.100 - - [04/Oct/2025:03:11:57 +0000] "GET /index.html HTTP/1.1" 200 1429 "-" "Mozilla/5.0 (X11; Linux x86_64) AppleWebKit/537.36"
203.0.113.45 - - [04/Oct/2025:14:02:35 +0000] "GET /images/logo.png HTTP/1.1" 404 3826 "-" "Mozilla/5.0 (Macintosh; Intel Mac OS X 10_15_7)"
192.168.1.100 - - [04/Oct/2025:03:22:18 +0000] "GET /api/users HTTP/1.1" 404 2549 "-" "Mozilla/5.0 (Macintosh; Intel Mac OS X 10_15_7)"
198.51.100.88 - - [04/Oct/2025:13:09:37 +0000] "GET /about.html HTTP/1.1" 200 3448 "-" "Mozilla/5.0 (X11; Linux x86_64) AppleWebKit/537.36"
172.16.5.20 - - [04/Oct/2025:20:24:28 +0000] "GET /api/auth HTTP/1.1" 200 1859 "-" "Mozilla/5.0 (X11; Linux x86_64) AppleWebKit/537.36"
203.0.113.45 - - [04/Oct/2025:13:25:26 +0000] "GET /api/users HTTP/1.1" 404 1857 "-" "Mozilla/5.0 (Macintosh; Intel Mac OS X 10_15_7)"
10.0.0.50 - - [04/Oct/2025:12:46:41 +0000] "GET /static/js/app.js HTTP/1.1" 200 4501 "-" "Mozilla/5.0 (Macintosh; Intel Mac OS X 10_15_7)"
198.51.100.88 - - [04/Oct/2025:03:34:32 +0000] "GET /static/js/app.js HTTP/1.1" 200 2540 "-" "Mozilla/5.0 (X11; Linux x86_64) AppleWebKit/537.36"
10.0.0.50 - - [04/Oct/2025:17:23:04 +0000] "GET /api/auth HTTP/1.1" 200 994 "-" "Mozilla/5.0 (X11; Linux x86_64) AppleWebKit/537.36"
203.0.113.45 - - [04/Oct/2025:15:57:34 +0000] "GET /index.html HTTP/1.1" 200 3265 "-" "python-requests/2.25.1"
192.168.1.100 - - [04/Oct/2025:23:59:51 +0000] "GET /about.html HTTP/1.1" 200 5445 "-" "python-requests/2.25.1"
172.16.5.20 - - [04/Oct/2025:11:29:18 +0000] "GET /api/auth HTTP/1.1" 200 2651 "-" "python-requests/2.25.1"
192.168.1.100 - - [04/Oct/2025:04:39:11 +0000] "GET /static/css/main.css HTTP/1.1" 200 1297 "-" "Mozilla/5.0 (Windows NT 10.0; Win64; x64) AppleWebKit/537.36"
10.0.0.50 - - [04/Oct/2025:02:01:16 +0000] "GET /contact.html HTTP/1.1" 200 1050 "-" "Mozilla/5.0 (Macintosh; Intel Mac OS X 10_15_7)"
203.0.113.45 - - [04/Oct/2025:00:21:55 +0000] "GET /contact.html HTTP/1.1" 404 3910 "-" "curl/7.68.0"
192.168.1.100 - - [04/Oct/2025:02:53:26 +0000] "GET /static/css/main.css HTTP/1.1" 200 2787 "-" "curl/7.68.0"
10.0.0.50 - - [04/Oct/2025:14:56:43 +0000] "GET /contact.html HTTP/1.1" 200 3015 "-" "Mozilla/5.0 (Windows NT 10.0; Win64; x64) AppleWebKit/537.36"
10.0.0.50 - - [04/Oct/2025:11:30:38 +0000] "GET /api/auth HTTP/1.1" 200 3061 "-" "python-requests/2.25.1"
192.168.1.100 - - [04/Oct/2025:17:36:12 +0000] "GET /images/logo.png HTTP/1.1" 200 2980 "-" "curl/7.68.0"
10.0.0.50 - - [04/Oct/2025:02:34:58 +0000] "GET /api/auth HTTP/1.1" 200 4181 "-" "Mozilla/5.0 (Macintosh; Intel Mac OS X 10_15_7)"
10.0.0.50 - - [04/Oct/2025:09:25:20 +0000] "GET /about.html HTTP/1.1" 200 1194 "-" "Mozilla/5.0 (Macintosh; Intel Mac OS X 10_15_7)"
198.51.100.88 - - [04/Oct/2025:20:30:37 +0000] "GET /index.html HTTP/1.1" 200 1593 "-" "python-requests/2.25.1"
10.0.0.50 - - [04/Oct/2025:08:56:24 +0000] "GET /images/logo.png HTTP/1.1" 200 731 "-" "curl/7.68.0"
172.16.5.20 - - [04/Oct/2025:16:57:31 +0000] "GET /images/logo.png HTTP/1.1" 200 5336 "-" "Mozilla/5.0 (Windows NT 10.0; Win64; x64) AppleWebKit/537.36"
192.168.1.100 - - [04/Oct/2025:03:56:00 +0000] "GET /api/users HTTP/1.1" 200 1433 "-" "Mozilla/5.0 (Windows NT 10.0; Win64; x64) AppleWebKit/537.36"
203.0.113.45 - - [04/Oct/2025:04:28:38 +0000] "GET /index.html HTTP/1.1" 200 4375 "-" "curl/7.68.0"
198.51.100.88 - - [04/Oct/2025:14:26:39 +0000] "GET /static/css/main.css HTTP/1.1" 404 1421 "-" "Mozilla/5.0 (X11; Linux x86_64) AppleWebKit/537.36"
10.0.0.50 - - [04/Oct/2025:12:51:07 +0000] "GET /static/js/app.js HTTP/1.1" 200 3771 "-" "Mozilla/5.0 (Macintosh; Intel Mac OS X 10_15_7)"
192.168.1.100 - - [04/Oct/2025:07:47:44 +0000] "GET /api/users HTTP/1.1" 404 1277 "-" "Mozilla/5.0 (X11; Linux x86_64) AppleWebKit/537.36"
203.0.113.45 - - [04/Oct/2025:11:47:58 +0000] "GET /contact.html HTTP/1.1" 200 3386 "-" "python-requests/2.25.1"
203.0.113.45 - - [04/Oct/2025:06:25:43 +0000] "GET /api/auth HTTP/1.1" 200 2653 "-" "python-requests/2.25.1"
10.0.0.50 - - [04/Oct/2025:08:38:58 +0000] "GET /static/js/app.js HTTP/1.1" 200 4341 "-" "Mozilla/5.0 (X11; Linux x86_64) AppleWebKit/537.36"
203.0.113.45 - - [04/Oct/2025:19:38:46 +0000] "GET /index.html HTTP/1.1" 200 4438 "-" "Mozilla/5.0 (X11; Linux x86_64) AppleWebKit/537.36"
