192.168.1.100 - - [04/Oct/2025:18:12:02 +0000] "GET /static/js/app.js HTTP/1.1" 200 5430 "-" "Mozilla/5.0 (Macintosh; Intel Mac OS X 10_15_7)"
192.168.1.100 - - [04/Oct/2025:04:16:05 +0000] "GET /images/logo.png HTTP/1.1" 200 1399 "-" "curl/7.68.0"
192.168.1.100 - - [04/Oct/2025:10:41:07 +0000] "GET /index.html HTTP/1.1" 200 678 "-" "Mozilla/5.0 (X11; Linux x86_64) AppleWebKit/537.36"
203.0.113.45 - - [04/Oct/2025:07:18:32 +0000] "GET /images/logo.png HTTP/1.1" 200 5137 "-" "Mozilla/5.0 (X11; Linux x86_64) AppleWebKit/537.36"
10.0.0.50 - - [04/Oct/2025:10:16:30 +0000] "GET /about.html HTTP/1.1" 200 701 "-" "python-requests/2.25.1"
172.16.5.20 - - [04/Oct/2025:12:13:47 +0000] "GET /about.html HTTP/1.1" 200 2701 "-" "Mozilla/5.0 (Macintosh; Intel Mac OS X 10_15_7)"
192.168.1.100 - - [04/Oct/2025:09:10:09 +0000] "GET /api/users HTTP/1.1" 200 1802 "-" "python-requests/2.25.1"
198.51.100.88 - - [04/Oct/2025:11:04:43 +0000] "GET /contact.html HTTP/1.1" 200 2830 "-" "curl/7.68.0"
10.0.0.50 - - [04/Oct/2025:20:24:23 +0000] "GET /api/auth HTTP/1.1" 200 1515 "-" "Mozilla/5.0 (Windows NT 10.0; Win64; x64) AppleWebKit/537.36"
203.0.113.45 - - [04/Oct/2025:05:26:00 +0000] "GET /about.html HTTP/1.1" 200 2763 "-" "python-requests/2.25.1"
10.0.0.50 - - [04/Oct/2025:16:21:21 +0000] "GET /index.html HTTP/1.1" 200 1295 "-" "python-requests/2.25.1"
10.0.0.50 - - [04/Oct/2025:22:15:10 +0000] "GET /index.html HTTP/1.1" 200 566 "-" "python-requests/2.25.1"
172.16.5.20 - - [04/Oct/2025:14:09:15 +0000] "GET /images/logo.png HTTP/1.1" 200 1931 "-" "Mozilla/5.0 (Windows NT 10.0; Win64; x64) AppleWebKit/537.36"
198.51.100.88 - - [04/Oct/2025:20:15:53 +0000] "GET /images/logo.png HTTP/1.1" 200 1282 "-" "Mozilla/5.0 (Macintosh; Intel Mac OS X 10_15_7)"
198.51.100.88 - - [04/Oct/2025:14:26:31 +0000] "GET /api/auth HTTP/1.1" 200 5450 "-" "curl/7.68.0"
198.51.100.88 - - [04/Oct/2025:14:53:18 +0000] "GET /static/js/app.js HTTP/1.1" 200 4065 "-" "curl/7.68.0"
198.51.100.88 - - [04/Oct/2025:20:03:40 +0000] "GET /api/auth HTTP/1.1" 404 4763 "-" "Mozilla/5.0 (Macintosh; Intel Mac OS X 10_15_7)"
172.16.5.20 - - [04/Oct/2025:00:52:10 +0000] "GET /api/users HTTP/1.1" 200 687 "-" "curl/7.68.0"
203.0.113.45 - - [04/Oct/2025:20:52:17 +0000] "GET /api/auth HTTP/1.1" 200 3659 "-" "python-requests/2.25.1"
192.168.1.100 - - [04/Oct/2025:00:13:20 +0000] "GET /static/js/app.js HTTP/1.1" 200 1704 "-" "Mozilla/5.0 (Macintosh; Intel Mac OS X 10_15_7)"
203.0.113.45 - - [04/Oct/2025:04:07:32 +0000] "GET /contact.html HTTP/1.1" 200 2621 "-" "Mozilla/5.0 (Windows NT 10.0; Win64; x64) AppleWebKit/537.36"
198.51.100.88 - - [04/Oct/2025:20:32:06 +0000] "GET /images/logo.png HTTP/1.1" 200 4808 "-" "python-requests/2.25.1"
192.168.1.100 - - [04/Oct/2025:20:50:13 +0000] "GET /api/users HTTP/1.1" 200 4528 "-" "python-requests/2.25.1"
192.168.1.100 - - [04/Oct/2025:15:12:14 +0000] "GET /api/users HTTP/1.1" 200 2152 "-" "Mozilla/5.0 (Macintosh; Intel Mac OS X 10_15_7)"
172.16.5.20 - - [04/Oct/2025:17:14:01 +0000] "GET /api/auth HTTP/1.1" 200 5120 "-" "Mozilla/5.0 (Macintosh; Intel Mac OS X 10_15_7)"
192.168.1.100 - - [04/Oct/2025:17:43:58 +0000] "GET /index.html HTTP/1.1" 200 4743 "-" "Mozilla/5.0 (X11; Linux x86_64) AppleWebKit/537.36"
172.16.5.20 - - [04/Oct/2025:21:44:47 +0000] "GET /api/users HTTP/1.1" 200 2149 "-" "python-requests/2.25.1"
192.168.1.100 - - [04/Oct/2025:19:17:33 +0000] "GET /contact.html HTTP/1.1" 200 5367 "-" "Mozilla/5.0 (Windows NT 10.0; Win64; x64) AppleWebKit/537.36"
192.168.1.100 - - [04/Oct/2025:11:24:01 +0000] "GET /static/css/main.css HTTP/1.1" 200 5223 "-" "Mozilla/5.0 (Windows NT 10.0; Win64; x64) AppleWebKit/537.36"
10.0.0.50 - - [04/Oct/2025:00:58:27 +0000] "GET /api/auth HTTP/1.1" 200 5130 "-" "Mozilla/5.0 (Macintosh; Intel Mac OS X 10_15_7)"
203.0.113.45 - - [04/Oct/2025:00:00:57 +0000] "GET /about.html HTTP/1.1" 200 2239 "-" "Mozilla/5.0 (Windows NT 10.0; Win64; x64) AppleWebKit/537.36"
192.168.1.100 - - [04/Oct/2025:16:08:35 +0000] "GET /static/css/main.css HTTP/1.1" 200 4390 "-" "Mozilla/5.0 (Windows NT 10.0; Win64; x64) AppleWebKit/537.36"
198.51.100.88 - - [04/Oct/2025:15:57:32 +0000] "GET /api/auth HTTP/1.1" 404 2793 "-" "Mozilla/5.0 (Macintosh; Intel Mac OS X 10_15_7)"
203.0.113.45 - - [04/Oct/2025:12:19:19 +0000] "GET /images/logo.png HTTP/1.1" 200 4995 "-" "Mozilla/5.0 (X11; Linux x86_64) AppleWebKit/537.36"
172.16.5.20 - - [04/Oct/2025:00:27:37 +0000] "GET /images/logo.png HTTP/1.1" 200 4561 "-" "python-requests/2.25.1"
172.16.5.20 - - [04/Oct/2025:08:47:00 +0000] "GET /images/logo.png HTTP/1.1" 200 2836 "-" "python-requests/2.25.1"
10.0.0.50 - - [04/Oct/2025:16:39:22 +0000] "GET /index.html HTTP/1.1" 200 1489 "-" "curl/7.68.0"
172.16.5.20 - - [04/Oct/2025:21:26:42 +0000] "GET /images/logo.png HTTP/1.1" 200 985 "-" "Mozilla/5.0 (Macintosh; Intel Mac OS X 10_15_7)"
203.0.113.45 - - [04/Oct/2025:18:30:59 +0000] "GET /contact.html HTTP/1.1" 200 5121 "-" "Mozilla/5.0 (Macintosh; Intel Mac OS X 10_15_7)"
172.16.5.20 - - [04/Oct/2025:05:51:49 +0000] "GET /contact.html HTTP/1.1" 200 3390 "-" "Mozilla/5.0 (Macintosh; Intel Mac OS X 10_15_7)"
10.0.0.50 - - [04/Oct/2025:07:05:50 +0000] "GET /static/js/app.js HTTP/1.1" 200 3190 "-" "curl/7.68.0"
10.0.0.50 - - [04/Oct/2025:20:06:48 +0000] "GET /index.html HTTP/1.1" 200 3778 "-" "Mozilla/5.0 (X11; Linux x86_64) AppleWebKit/537.36"
172.16.5.20 - - [04/Oct/2025:12:18:49 +0000] "GET /api/auth HTTP/1.1" 200 680 "-" "Mozilla/5.0 (X11; Linux x86_64) AppleWebKit/537.36"
192.168.1.100 - - [04/Oct/2025:04:11:51 +0000] "GET /api/users HTTP/1.1" 200 1527 "-" "curl/7.68.0"
192.168.1.100 - - [04/Oct/2025:16:02:40 +0000] "GET /index.html HTTP/1.1" 404 3001 "-" "python-requests/2.25.1"
192.168.1.100 - - [04/Oct/2025:05:13:06 +0000] "GET /images/logo.png HTTP/1.1" 200 3646 "-" "Mozilla/5.0 (X11; Linux x86_64) AppleWebKit/537.36"
10.0.0.50 - - [04/Oct/2025:01:25:46 +0000] "GET /api/users HTTP/1.1" 404 4847 "-" "Mozilla/5.0 (X11; Linux x86_64) AppleWebKit/537.36"
203.0.113.45 - - [04/Oct/2025:00:34:53 +0000] "GET /about.html HTTP/1.1" 404 1660 "-" "Mozilla/5.0 (Macintosh; Intel Mac OS X 10_15_7)"
10.0.0.50 - - [04/Oct/2025:23:18:51 +0000] "GET /contact.html HTTP/1.1" 200 3705 "-" "python-requests/2.25.1"
192.168.1.100 - - [04/Oct/2025:02:22:50 +0000] "GET /contact.html HTTP/1.1" 200 622 "-" "curl/7.68.0"
10.0.0.50 - - [04/Oct/2025:22:38:38 +0000] "GET /index.html HTTP/1.1" 200 2384 "-" "Mozilla/5.0 (Macintosh; Intel Mac OS X 10_15_7)"
203.0.113.45 - - [04/Oct/2025:08:37:55 +0000] "GET /about.html HTTP/1.1" 404 753 "-" "Mozilla/5.0 (X11; Linux x86_64) AppleWebKit/537.36"
172.16.5.20 - - [04/Oct/2025:10:39:41 +0000] "GET /about.html HTTP/1.1" 200 1609 "-" "python-requests/2.25.1"
192.168.1.100 - - [04/Oct/2025:18:44:52 +0000] "GET /static/css/main.css HTTP/1.1" 200 2527 "-" "Mozilla/5.0 (Macintosh; Intel Mac OS X 10_15_7)"
203.0.113.45 - - [04/Oct/2025:08:48:02 +0000] "GET /api/users HTTP/1.1" 200 3117 "-" "curl/7.68.0"
203.0.113.45 - - [04/Oct/2025:13:21:18 +0000] "GET /static/js/app.js HTTP/1.1" 200 4290 "-" "Mozilla/5.0 (Macintosh; Intel Mac OS X 10_15_7)"
203.0.113.45 - - [04/Oct/2025:09:23:26 +0000] "GET /api/users HTTP/1.1" 200 1235 "-" "Mozilla/5.0 (Windows NT 10.0; Win64; x64) AppleWebKit/537.36"
192.168.1.100 - - [04/Oct/2025:15:15:06 +0000] "GET /contact.html HTTP/1.1" 200 5029 "-" "curl/7.68.0"
203.0.113.45 - - [04/Oct/2025:18:01:15 +0000] "GET /about.html HTTP/1.1" 200 5187 "-" "curl/7.68.0"
172.16.5.20 - - [04/Oct/2025:21:04:36 +0000] "GET /contact.html HTTP/1.1" 200 878 "-" "Mozilla/5.0 (X11; Linux x86_64) AppleWebKit/537.36"
198.51.100.88 - - [04/Oct/2025:23:04:54 +0000] "GET /index.html HTTP/1.1" 200 1484 "-" "Mozilla/5.0 (Windows NT 10.0; Win64; x64) AppleWebKit/537.36"
172.16.5.20 - - [04/Oct/2025:03:51:02 +0000] "GET /api/users HTTP/1.1" 404 3708 "-" "Mozilla/5.0 (Windows NT 10.0; Win64; x64) AppleWebKit/537.36"
10.0.0.50 - - [04/Oct/2025:21:29:47 +0000] "GET /api/auth HTTP/1.1" 200 1827 "-" "Mozilla/5.0 (Windows NT 10.0; Win64; x64) AppleWebKit/537.36"
10.0.0.50 - - [04/Oct/2025:09:56:22 +0000] "GET /api/auth HTTP/1.1" 200 1251 "-" "curl/7.68.0"
172.16.5.20 - - [04/Oct/2025:20:38:22 +0000] "GET /about.html HTTP/1.1" 200 2368 "-" "Mozilla/5.0 (Windows NT 10.0; Win64; x64) AppleWebKit/537.36"
192.168.1.100 - - [04/Oct/2025:23:25:34 +0000] "GET /api/users HTTP/1.1" 404 3230 "-" "Mozilla/5.0 (Windows NT 10.0; Win64; x64) AppleWebKit/537.36"
198.51.100.88 - - [04/Oct/2025:11:00:08 +0000] "GET /static/css/main.css HTTP/1.1" 200 3561 "-" "curl/7.68.0"
203.0.113.45 - - [04/Oct/2025:04:13:27 +0000] "GET /images/logo.png HTTP/1.1" 200 1910 "-" "Mozilla/5.0 (Macintosh; Intel Mac OS X 10_15_7)"
10.0.0.50 - - [04/Oct/2025:16:57:13 +0000] "GET /static/css/main.css HTTP/1.1" 200 1148 "-" "python-requests/2.25.1"
203.0.113.45 - - [04/Oct/2025:22:44:09 +0000] "GET /static/css/main.css HTTP/1.1" 200 2236 "-" "Mozilla/5.0 (X11; Linux x86_64) AppleWebKit/537.36"
10.0.0.50 - - [04/Oct/2025:00:44:11 +0000] "GET /static/js/app.js HTTP/1.1" 200 5427 "-" "Mozilla/5.0 (Windows NT 10.0; Win64; x64) AppleWebKit/537.36"
172.16.5.20 - - [04/Oct/2025:18:59:20 +0000] "GET /about.html HTTP/1.1" 200 3815 "-" "Mozilla/5.0 (X11; Linux x86_64) AppleWebKit/537.36"
10.0.0.50 - - [04/Oct/2025:10:06:35 +0000] "GET /api/auth HTTP/1.1" 200 4942 "-" "curl/7.68.0"
172.16.5.20 - - [04/Oct/2025:14:07:02 +0000] "GET /about.html HTTP/1.1" 200 2218 "-" "Mozilla/5.0 (Macintosh; Intel Mac OS X 10_15_7)"
172.16.5.20 - - [04/Oct/2025:07:54:47 +0000] "GET /static/js/app.js HTTP/1.1" 200 1032 "-" "Mozilla/5.0 (X11; Linux x86_64) AppleWebKit/537.36"
192.168.1.100 - - [04/Oct/2025:15:06:50 +0000] "GET /static/js/app.js HTTP/1.1" 200 1309 "-" "python-requests/2.25.1"
198.51.100.88 - - [04/Oct/2025:16:18:43 +0000] "GET /api/users HTTP/1.1" 200 908 "-" "Mozilla/5.0 (Macintosh; Intel Mac OS X 10_15_7)"
203.0.113.45 - - [04/Oct/2025:02:00:47 +0000] "GET /index.html HTTP/1.1" 404 1632 "-" "Mozilla/5.0 (X11; Linux x86_64) AppleWebKit/537.36"
198.51.100.88 - - [04/Oct/2025:02:32:27 +0000] "GET /contact.html HTTP/1.1" 200 2781 "-" "Mozilla/5.0 (X11; Linux x86_64) AppleWebKit/537.36"
172.16.5.20 - - [04/Oct/2025:19:45:16 +0000] "GET /index.html HTTP/1.1" 200 1033 "-" "python-requests/2.25.1"
172.16.5.20 - - [04/Oct/2025:07:19:03 +0000] "GET /index.html HTTP/1.1" 404 5201 "-" "Mozilla/5.0 (Macintosh; Intel Mac OS X 10_15_7)"
203.0.113.45 - - [04/Oct/2025:00:44:04 +0000] "GET /about.html HTTP/1.1" 200 775 "-" "python-requests/2.25.1"
198.51.100.88 - - [04/Oct/2025:18:44:39 +0000] "GET /api/users HTTP/1.1" 200 3766 "-" "curl/7.68.0"
172.16.5.20 - - [04/Oct/2025:10:29:36 +0000] "GET /static/css/main.css HTTP/1.1" 200 4228 "-" "curl/7.68.0"
10.0.0.50 - - [04/Oct/2025:18:34:20 +0000] "GET /api/users HTTP/1.1" 200 2120 "-" "Mozilla/5.0 (Macintosh; Intel Mac OS X 10_15_7)"
198.51.100.88 - - [04/Oct/2025:12:13:31 +0000] "GET /images/logo.png HTTP/1.1" 200 875 "-" "curl/7.68.0"
172.16.5.20 - - [04/Oct/2025:05:19:25 +0000] "GET /about.html HTTP/1.1" 200 1093 "-" "Mozilla/5.0 (X11; Linux x86_64) AppleWebKit/537.36"
198.51.100.88 - - [04/Oct/2025:07:44:59 +0000] "GET /api/auth HTTP/1.1" 200 4525 "-" "curl/7.68.0"
192.168.1.100 - - [04/Oct/2025:16:05:12 +0000] "GET /static/css/main.css HTTP/1.1" 200 2134 "-" "curl/7.68.0"
172.16.5.20 - - [04/Oct/2025:23:21:48 +0000] "GET /api/users HTTP/1.1" 200 4661 "-" "Mozilla/5.0 (X11; Linux x86_64) AppleWebKit/537.36"
192.168.1.100 - - [04/Oct/2025:15:00:20 +0000] "GET /images/logo.png HTTP/1.1" 200 3916 "-" "curl/7.68.0"
192.168.1.100 - - [04/Oct/2025:03:33:52 +0000] "GET /contact.html HTTP/1.1" 200 4337 "-" "Mozilla/5.0 (Windows NT 10.0; Win64; x64) AppleWebKit/537.36"
198.51.100.88 - - [04/Oct/2025:20:57:40 +0000] "GET /contact.html HTTP/1.1" 200 3170 "-" "python-requests/2.25.1"
192.168.1.100 - - [04/Oct/2025:02:36:23 +0000] "GET /about.html HTTP/1.1" 200 1555 "-" "Mozilla/5.0 (Windows NT 10.0; Win64; x64) AppleWebKit/537.36"
198.51.100.88 - - [04/Oct/2025:02:31:25 +0000] "GET /api/auth HTTP/1.1" 200 962 "-" "curl/7.68.0"
203.0.113.45 - - [04/Oct/2025:17:34:07 +0000] "GET /api/auth HTTP/1.1" 200 4728 "-" "Mozilla/5.0 (Windows NT 10.0; Win64; x64) AppleWebKit/537.36"
192.168.1.100 - - [04/Oct/2025:03:52:28 +0000] "GET /static/css/main.css HTTP/1.1" 200 829 "-" "python-requests/2.25.1"
192.168.1.100 - - [04/Oct/2025:08:07:04 +0000] "GET /api/users HTTP/1.1" 200 1519 "-" "python-requests/2.25.1"
172.16.5.20 - - [04/Oct/2025:20:56:29 +0000] "GET /static/js/app.js HTTP/1.1" 200 1724 "-" "Mozilla/5.0 (Macintosh; Intel Mac OS X 10_15_7)"
172.16.5.20 - - [04/Oct/2025:01:30:31 +0000] "GET /api/users HTTP/1.1" 200 1017 "-" "Mozilla/5.0 (Windows NT 10.0; Win64; x64) AppleWebKit/537.36"
198.51.100.88 - - [04/Oct/2025:05:30:38 +0000] "GET /images/logo.png HTTP/1.1" 200 3014 "-" "python-requests/2.25.1"
203.0.113.45 - - [04/Oct/2025:11:45:56 +0000] "GET /static/css/main.css HTTP/1.1" 200 1442 "-" "Mozilla/5.0 (X11; Linux x86_64) AppleWebKit/537.36"
172.16.5.20 - - [04/Oct/2025:11:25:28 +0000] "GET /api/users HTTP/1.1" 200 4774 "-" "python-requests/2.25.1"
198.51.100.88 - - [04/Oct/2025:11:20:03 +0000] "GET /about.html HTTP/1.1" 200 1939 "-" "Mozilla/5.0 (Windows NT 10.0; Win64; x64) AppleWebKit/537.36"
203.0.113.45 - - [04/Oct/2025:23:49:25 +0000] "GET /static/js/app.js HTTP/1.1" 404 1589 "-" "Mozilla/5.0 (Macintosh; Intel Mac OS X 10_15_7)"
172.16.5.20 - - [04/Oct/2025:03:25:15 +0000] "GET /contact.html HTTP/1.1" 200 3627 "-" "Mozilla/5.0 (Macintosh; Intel Mac OS X 10_15_7)"
172.16.5.20 - - [04/Oct/2025:13:45:17 +0000] "GET /static/css/main.css HTTP/1.1" 200 3648 "-" "Mozilla/5.0 (Windows NT 10.0; Win64; x64) AppleWebKit/537.36"
10.0.0.50 - - [04/Oct/2025:20:03:55 +0000] "GET /contact.html HTTP/1.1" 200 591 "-" "python-requests/2.25.1"
203.0.113.45 - - [04/Oct/2025:23:33:17 +0000] "GET /about.html HTTP/1.1" 200 4421 "-" "Mozilla/5.0 (Macintosh; Intel Mac OS X 10_15_7)"
172.16.5.20 - - [04/Oct/2025:11:15:56 +0000] "GET /about.html HTTP/1.1" 200 743 "-" "python-requests/2.25.1"
198.51.100.88 - - [04/Oct/2025:06:18:21 +0000] "GET /static/js/app.js HTTP/1.1" 200 3329 "-" "Mozilla/5.0 (Windows NT 10.0; Win64; x64) AppleWebKit/537.36"
10.0.0.50 - - [04/Oct/2025:21:30:15 +0000] "GET /about.html HTTP/1.1" 200 5158 "-" "python-requests/2.25.1"
172.16.5.20 - - [04/Oct/2025:21:41:21 +0000] "GET /api/auth HTTP/1.1" 200 4183 "-" "Mozilla/5.0 (X11; Linux x86_64) AppleWebKit/537.36"
192.168.1.100 - - [04/Oct/2025:04:57:19 +0000] "GET /static/js/app.js HTTP/1.1" 200 1531 "-" "curl/7.68.0"
203.0.113.45 - - [04/Oct/2025:13:04:53 +0000] "GET /api/users HTTP/1.1" 200 2524 "-" "Mozilla/5.0 (X11; Linux x86_64) AppleWebKit/537.36"
172.16.5.20 - - [04/Oct/2025:19:53:08 +0000] "GET /contact.html HTTP/1.1" 404 1819 "-" "Mozilla/5.0 (X11; Linux x86_64) AppleWebKit/537.36"
203.0.113.45 - - [04/Oct/2025:12:47:50 +0000] "GET /index.html HTTP/1.1" 200 2893 "-" "python-requests/2.25.1"
172.16.5.20 - - [04/Oct/2025:04:59:35 +0000] "GET /contact.html HTTP/1.1" 200 2413 "-" "Mozilla/5.0 (Macintosh; Intel Mac OS X 10_15_7)"
172.16.5.20 - - [04/Oct/2025:13:04:31 +0000] "GET /api/users HTTP/1.1" 200 3112 "-" "python-requests/2.25.1"
10.0.0.50 - - [04/Oct/2025:23:02:16 +0000] "GET /contact.html HTTP/1.1" 200 3055 "-" "curl/7.68.0"
203.0.113.45 - - [04/Oct/2025:07:53:44 +0000] "GET /images/logo.png HTTP/1.1" 200 4810 "-" "Mozilla/5.0 (Windows NT 10.0; Win64; x64) AppleWebKit/537.36"
198.51.100.88 - - [04/Oct/2025:13:24:12 +0000] "GET /api/users HTTP/1.1" 200 4153 "-" "Mozilla/5.0 (X11; Linux x86_64) AppleWebKit/537.36"
203.0.113.45 - - [04/Oct/2025:00:22:05 +0000] "GET /api/users HTTP/1.1" 200 994 "-" "Mozilla/5.0 (Macintosh; Intel Mac OS X 10_15_7)"
203.0.113.45 - - [04/Oct/2025:21:40:23 +0000] "GET /api/auth HTTP/1.1" 200 1364 "-" "Mozilla/5.0 (Macintosh; Intel Mac OS X 10_15_7)"
192.168.1.100 - - [04/Oct/2025:12:01:12 +0000] "GET /images/logo.png HTTP/1.1" 200 2257 "-" "python-requests/2.25.1"
10.0.0.50 - - [04/Oct/2025:13:40:09 +0000] "GET /static/js/app.js HTTP/1.1" 200 2725 "-" "Mozilla/5.0 (Macintosh; Intel Mac OS X 10_15_7)"
198.51.100.88 - - [04/Oct/2025:16:56:35 +0000] "GET /images/logo.png HTTP/1.1" 200 2354 "-" "curl/7.68.0"
10.0.0.50 - - [04/Oct/2025:08:36:26 +0000] "GET /static/js/app.js HTTP/1.1" 200 1743 "-" "Mozilla/5.0 (X11; Linux x86_64) AppleWebKit/537.36"
172.16.5.20 - - [04/Oct/2025:20:05:22 +0000] "GET /index.html HTTP/1.1" 200 4736 "-" "curl/7.68.0"
10.0.0.50 - - [04/Oct/2025:22:43:50 +0000] "GET /contact.html HTTP/1.1" 200 5459 "-" "Mozilla/5.0 (X11; Linux x86_64) AppleWebKit/537.36"
10.0.0.50 - - [04/Oct/2025:01:19:07 +0000] "GET /index.html HTTP/1.1" 200 2029 "-" "Mozilla/5.0 (X11; Linux x86_64) AppleWebKit/537.36"
192.168.1.100 - - [04/Oct/2025:17:58:11 +0000] "GET /static/css/main.css HTTP/1.1" 200 4157 "-" "Mozilla/5.0 (Macintosh; Intel Mac OS X 10_15_7)"
192.168.1.100 - - [04/Oct/2025:00:54:38 +0000] "GET /about.html HTTP/1.1" 200 3301 "-" "curl/7.68.0"
192.168.1.100 - - [04/Oct/2025:15:33:48 +0000] "GET /index.html HTTP/1.1" 200 3730 "-" "Mozilla/5.0 (Windows NT 10.0; Win64; x64) AppleWebKit/537.36"
192.168.1.100 - - [04/Oct/2025:13:00:07 +0000] "GET /api/auth HTTP/1.1" 200 696 "-" "Mozilla/5.0 (X11; Linux x86_64) AppleWebKit/537.36"
10.0.0.50 - - [04/Oct/2025:18:59:52 +0000] "GET /api/users HTTP/1.1" 200 3489 "-" "Mozilla/5.0 (Windows NT 10.0; Win64; x64) AppleWebKit/537.36"
198.51.100.88 - - [04/Oct/2025:22:42:06 +0000] "GET /api/auth HTTP/1.1" 200 4556 "-" "Mozilla/5.0 (X11; Linux x86_64) AppleWebKit/537.36"
172.16.5.20 - - [04/Oct/2025:07:22:41 +0000] "GET /index.html HTTP/1.1" 200 5422 "-" "Mozilla/5.0 (Windows NT 10.0; Win64; x64) AppleWebKit/537.36"
172.16.5.20 - - [04/Oct/2025:22:01:51 +0000] "GET /index.html HTTP/1.1" 200 2435 "-" "Mozilla/5.0 (Windows NT 10.0; Win64; x64) AppleWebKit/537.36"
172.16.5.20 - - [04/Oct/2025:07:02:34 +0000] "GET /images/logo.png HTTP/1.1" 200 3430 "-" "python-requests/2.25.1"
10.0.0.50 - - [04/Oct/2025:20:04:02 +0000] "GET /static/css/main.css HTTP/1.1" 200 5167 "-" "Mozilla/5.0 (X11; Linux x86_64) AppleWebKit/537.36"
192.168.1.100 - - [04/Oct/2025:14:53:45 +0000] "GET /contact.html HTTP/1.1" 200 4401 "-" "Mozilla/5.0 (Macintosh; Intel Mac OS X 10_15_7)"
172.16.5.20 - - [04/Oct/2025:20:13:58 +0000] "GET /api/auth HTTP/1.1" 200 831 "-" "Mozilla/5.0 (Windows NT 10.0; Win64; x64) AppleWebKit/537.36"
10.0.0.50 - - [04/Oct/2025:12:16:37 +0000] "GET /about.html HTTP/1.1" 200 1534 "-" "python-requests/2.25.1"
192.168.1.100 - - [04/Oct/2025:13:23:23 +0000] "GET /about.html HTTP/1.1" 200 677 "-" "Mozilla/5.0 (Macintosh; Intel Mac OS X 10_15_7)"
203.0.113.45 - - [04/Oct/2025:18:01:01 +0000] "GET /index.html HTTP/1.1" 404 589 "-" "Mozilla/5.0 (X11; Linux x86_64) AppleWebKit/537.36"
203.0.113.45 - - [04/Oct/2025:03:56:04 +0000] "GET /about.html HTTP/1.1" 200 929 "-" "Mozilla/5.0 (X11; Linux x86_64) AppleWebKit/537.36"
10.0.0.50 - - [04/Oct/2025:18:45:14 +0000] "GET /api/auth HTTP/1.1" 200 1664 "-" "Mozilla/5.0 (Windows NT 10.0; Win64; x64) AppleWebKit/537.36"
192.168.1.100 - - [04/Oct/2025:01:48:10 +0000] "GET /static/css/main.css HTTP/1.1" 200 5172 "-" "Mozilla/5.0 (Macintosh; Intel Mac OS X 10_15_7)"
198.51.100.88 - - [04/Oct/2025:00:19:09 +0000] "GET /static/css/main.css HTTP/1.1" 200 4812 "-" "Mozilla/5.0 (X11; Linux x86_64) AppleWebKit/537.36"
172.16.5.20 - - [04/Oct/2025:01:24:53 +0000] "GET /api/users HTTP/1.1" 200 1922 "-" "Mozilla/5.0 (X11; Linux x86_64) AppleWebKit/537.36"
192.168.1.100 - - [04/Oct/2025:20:30:37 +0000] "GET /api/auth HTTP/1.1" 200 3202 "-" "Mozilla/5.0 (Windows NT 10.0; Win64; x64) AppleWebKit/537.36"
198.51.100.88 - - [04/Oct/2025:08:58:15 +0000] "GET /api/users HTTP/1.1" 404 3272 "-" "Mozilla/5.0 (Macintosh; Intel Mac OS X 10_15_7)"
203.0.113.45 - - [04/Oct/2025:00:15:34 +0000] "GET /images/logo.png HTTP/1.1" 200 1928 "-" "curl/7.68.0"
10.0.0.50 - - [04/Oct/2025:08:46:18 +0000] "GET /images/logo.png HTTP/1.1" 200 1737 "-" "Mozilla/5.0 (Macintosh; Intel Mac OS X 10_15_7)"
192.168.1.100 - - [04/Oct/2025:01:41:43 +0000] "GET /images/logo.png HTTP/1.1" 404 5055 "-" "curl/7.68.0"
10.0.0.50 - - [04/Oct/2025:07:29:21 +0000] "GET /index.html HTTP/1.1" 200 3262 "-" "Mozilla/5.0 (Macintosh; Intel Mac OS X 10_15_7)"
192.168.1.100 - - [04/Oct/2025:06:21:11 +0000] "GET /static/css/main.css HTTP/1.1" 404 5024 "-" "Mozilla/5.0 (X11; Linux x86_64) AppleWebKit/537.36"
198.51.100.88 - - [04/Oct/2025:00:50:19 +0000] "GET /index.html HTTP/1.1" 200 2298 "-" "curl/7.68.0"
172.16.5.20 - - [04/Oct/2025:22:20:00 +0000] "GET /images/logo.png HTTP/1.1" 200 5441 "-" "python-requests/2.25.1"
172.16.5.20 - - [04/Oct/2025:11:36:11 +0000] "GET /about.html HTTP/1.1" 200 4462 "-" "python-requests/2.25.1"
192.168.1.100 - - [04/Oct/2025:19:42:10 +0000] "GET /images/logo.png HTTP/1.1" 200 2706 "-" "Mozilla/5.0 (X11; Linux x86_64) AppleWebKit/537.36"
198.51.100.88 - - [04/Oct/2025:03:35:19 +0000] "GET /index.html HTTP/1.1" 200 3290 "-" "Mozilla/5.0 (Windows NT 10.0; Win64; x64) AppleWebKit/537.36"
192.168.1.100 - - [04/Oct/2025:23:32:58 +0000] "GET /images/logo.png HTTP/1.1" 200 1356 "-" "curl/7.68.0"
172.16.5.20 - - [04/Oct/2025:14:30:29 +0000] "GET /api/auth HTTP/1.1" 200 1901 "-" "curl/7.68.0"
10.0.0.50 - - [04/Oct/2025:20:55:20 +0000] "GET /images/logo.png HTTP/1.1" 200 5107 "-" "Mozilla/5.0 (Windows NT 10.0; Win64; x64) AppleWebKit/537.36"
198.51.100.88 - - [04/Oct/2025:01:07:49 +0000] "GET /api/users HTTP/1.1" 200 1332 "-" "Mozilla/5.0 (X11; Linux x86_64) AppleWebKit/537.36"
10.0.0.50 - - [04/Oct/2025:04:27:12 +0000] "GET /static/js/app.js HTTP/1.1" 200 5287 "-" "Mozilla/5.0 (Windows NT 10.0; Win64; x64) AppleWebKit/537.36"
172.16.5.20 - - [04/Oct/2025:13:01:12 +0000] "GET /api/auth HTTP/1.1" 200 4146 "-" "Mozilla/5.0 (Macintosh; Intel Mac OS X 10_15_7)"
198.51.100.88 - - [04/Oct/2025:05:30:28 +0000] "GET /api/auth HTTP/1.1" 200 1386 "-" "Mozilla/5.0 (Windows NT 10.0; Win64; x64) AppleWebKit/537.36"
10.0.0.50 - - [04/Oct/2025:14:00:42 +0000] "GET /images/logo.png HTTP/1.1" 200 2915 "-" "python-requests/2.25.1"
192.168.1.100 - - [04/Oct/2025:16:23:18 +0000] "GET /api/auth HTTP/1.1" 200 5027 "-" "Mozilla/5.0 (X11; Linux x86_64) AppleWebKit/537.36"
198.51.100.88 - - [04/Oct/2025:01:31:29 +0000] "GET /images/logo.png HTTP/1.1" 200 2835 "-" "python-requests/2.25.1"
203.0.113.45 - - [04/Oct/2025:21:45:04 +0000] "GET /contact.html HTTP/1.1" 200 5490 "-" "Mozilla/5.0 (X11; Linux x86_64) AppleWebKit/537.36"
203.0.113.45 - - [04/Oct/2025:23:40:47 +0000] "GET /images/logo.png HTTP/1.1" 200 3726 "-" "python-requests/2.25.1"
203.0.113.45 - - [04/Oct/2025:02:03:27 +0000] "GET /static/js/app.js HTTP/1.1" 200 1341 "-" "python-requests/2.25.1"
198.51.100.88 - - [04/Oct/2025:09:10:23 +0000] "GET /index.html HTTP/1.1" 200 2563 "-" "Mozilla/5.0 (Windows NT 10.0; Win64; x64) AppleWebKit/537.36"
192.168.1.100 - - [04/Oct/2025:07:17:58 +0000] "GET /contact.html HTTP/1.1" 200 4552 "-" "Mozilla/5.0 (Windows NT 10.0; Win64; x64) AppleWebKit/537.36"
192.168.1.100 - - [04/Oct/2025:15:05:42 +0000] "GET /static/css/main.css HTTP/1.1" 200 1045 "-" "curl/7.68.0"
192.168.1.100 - - [04/Oct/2025:20:39:03 +0000] "GET /api/users HTTP/1.1" 200 1328 "-" "Mozilla/5.0 (Windows NT 10.0; Win64; x64) AppleWebKit/537.36"
10.0.0.50 - - [04/Oct/2025:17:26:38 +0000] "GET /static/css/main.css HTTP/1.1" 200 578 "-" "Mozilla/5.0 (Macintosh; Intel Mac OS X 10_15_7)"
172.16.5.20 - - [04/Oct/2025:15:15:26 +0000] "GET /api/users HTTP/1.1" 200 2998 "-" "curl/7.68.0"
10.0.0.50 - - [04/Oct/2025:12:03:36 +0000] "GET /index.html HTTP/1.1" 404 2028 "-" "python-requests/2.25.1"
203.0.113.45 - - [04/Oct/2025:13:42:37 +0000] "GET /static/css/main.css HTTP/1.1" 200 2336 "-" "Mozilla/5.0 (Windows NT 10.0; Win64; x64) AppleWebKit/537.36"
172.16.5.20 - - [04/Oct/2025:15:59:52 +0000] "GET /static/css/main.css HTTP/1.1" 200 937 "-" "Mozilla/5.0 (X11; Linux x86_64) AppleWebKit/537.36"
203.0.113.45 - - [04/Oct/2025:23:30:31 +0000] "GET /api/users HTTP/1.1" 200 814 "-" "Mozilla/5.0 (Windows NT 10.0; Win64; x64) AppleWebKit/537.36"
10.0.0.50 - - [04/Oct/2025:17:16:07 +0000] "GET /contact.html HTTP/1.1" 200 2985 "-" "Mozilla/5.0 (X11; Linux x86_64) AppleWebKit/537.36"
172.16.5.20 - - [04/Oct/2025:16:49:40 +0000] "GET /about.html HTTP/1.1" 200 2276 "-" "Mozilla/5.0 (Windows NT 10.0; Win64; x64) AppleWebKit/537.36"
172.16.5.20 - - [04/Oct/2025:17:05:42 +0000] "GET /about.html HTTP/1.1" 200 2832 "-" "Mozilla/5.0 (Macintosh; Intel Mac OS X 10_15_7)"
172.16.5.20 - - [04/Oct/2025:04:01:52 +0000] "GET /images/logo.png HTTP/1.1" 200 5101 "-" "Mozilla/5.0 (Windows NT 10.0; Win64; x64) AppleWebKit/537.36"
10.0.0.50 - - [04/Oct/2025:13:55:06 +0000] "GET /static/css/main.css HTTP/1.1" 200 1188 "-" "Mozilla/5.0 (Macintosh; Intel Mac OS X 10_15_7)"
198.51.100.88 - - [04/Oct/2025:07:31:15 +0000] "GET /api/users HTTP/1.1" 200 1742 "-" "python-requests/2.25.1"
10.0.0.50 - - [04/Oct/2025:02:32:46 +0000] "GET /static/css/main.css HTTP/1.1" 200 1077 "-" "Mozilla/5.0 (Windows NT 10.0; Win64; x64) AppleWebKit/537.36"
198.51.100.88 - - [04/Oct/2025:02:32:42 +0000] "GET /about.html HTTP/1.1" 200 1606 "-" "Mozilla/5.0 (X11; Linux x86_64) AppleWebKit/537.36"
172.16.5.20 - - [04/Oct/2025:10:01:35 +0000] "GET /images/logo.png HTTP/1.1" 200 3325 "-" "Mozilla/5.0 (Macintosh; Intel Mac OS X 10_15_7)"
203.0.113.45 - - [04/Oct/2025:09:54:39 +0000] "GET /contact.html HTTP/1.1" 404 5121 "-" "Mozilla/5.0 (Macintosh; Intel Mac OS X 10_15_7)"
192.168.1.100 - - [04/Oct/2025:09:59:05 +0000] "GET /about.html HTTP/1.1" 200 2699 "-" "curl/7.68.0"
203.0.113.45 - - [04/Oct/2025:20:32:22 +0000] "GET /images/logo.png HTTP/1.1" 200 2591 "-" "Mozilla/5.0 (X11; Linux x86_64) AppleWebKit/537.36"
198.51.100.88 - - [04/Oct/2025:00:27:17 +0000] "GET /index.html HTTP/1.1" 200 564 "-" "python-requests/2.25.1"
172.16.5.20 - - [04/Oct/2025:03:41:16 +0000] "GET /index.html HTTP/1.1" 200 3461 "-" "Mozilla/5.0 (Macintosh; Intel Mac OS X 10_15_7)"
10.0.0.50 - - [04/Oct/2025:05:20:06 +0000] "GET /contact.html HTTP/1.1" 200 1725 "-" "Mozilla/5.0 (Macintosh; Intel Mac OS X 10_15_7)"
192.168.1.100 - - [04/Oct/2025:19:54:44 +0000] "GET /static/js/app.js HTTP/1.1" 200 3770 "-" "Mozilla/5.0 (X11; Linux x86_64) AppleWebKit/537.36"
192.168.1.100 - - [04/Oct/2025:05:02:06 +0000] "GET /api/users HTTP/1.1" 200 4147 "-" "python-requests/2.25.1"
203.0.113.45 - - [04/Oct/2025:06:29:58 +0000] "GET /static/css/main.css HTTP/1.1" 200 1059 "-" "Mozilla/5.0 (Macintosh; Intel Mac OS X 10_15_7)"
172.16.5.20 - - [04/Oct/2025:11:10:34 +0000] "GET /images/logo.png HTTP/1.1" 200 1800 "-" "curl/7.68.0"
10.0.0.50 - - [04/Oct/2025:07:55:28 +0000] "GET /about.html HTTP/1.1" 200 2349 "-" "Mozilla/5.0 (Macintosh; Intel Mac OS X 10_15_7)"
10.0.0.50 - - [04/Oct/2025:09:02:46 +0000] "GET /images/logo.png HTTP/1.1" 200 3379 "-" "Mozilla/5.0 (Windows NT 10.0; Win64; x64) AppleWebKit/537.36"
203.0.113.45 - - [04/Oct/2025:23:17:16 +0000] "GET /index.html HTTP/1.1" 200 3911 "-" "curl/7.68.0"
203.0.113.45 - - [04/Oct/2025:19:07:36 +0000] "GET /static/css/main.css HTTP/1.1" 200 4134 "-" "Mozilla/5.0 (X11; Linux x86_64) AppleWebKit/537.36"
192.168.1.100 - - [04/Oct/2025:15:40:20 +0000] "GET /api/users HTTP/1.1" 200 1723 "-" "Mozilla/5.0 (X11; Linux x86_64) AppleWebKit/537.36"
203.0.113.45 - - [04/Oct/2025:07:07:27 +0000] "GET /static/js/app.js HTTP/1.1" 200 1815 "-" "Mozilla/5.0 (X11; Linux x86_64) AppleWebKit/537.36"
198.51.100.88 - - [04/Oct/2025:11:57:26 +0000] "GET /images/logo.png HTTP/1.1" 200 5110 "-" "Mozilla/5.0 (X11; Linux x86_64) AppleWebKit/537.36"
203.0.113.45 - - [04/Oct/2025:03:40:25 +0000] "GET /static/js/app.js HTTP/1.1" 200 2569 "-" "curl/7.68.0"
192.168.1.100 - - [04/Oct/2025:17:00:56 +0000] "GET /api/auth HTTP/1.1" 200 2797 "-" "python-requests/2.25.1"
203.0.113.45 - - [04/Oct/2025:22:33:43 +0000] "GET /static/js/app.js HTTP/1.1" 200 1445 "-" "python-requests/2.25.1"
192.168.1.100 - - [04/Oct/2025:01:45:18 +0000] "GET /static/js/app.js HTTP/1.1" 200 562 "-" "python-requests/2.25.1"
203.0.113.45 - - [04/Oct/2025:00:19:59 +0000] "GET /about.html HTTP/1.1" 200 4149 "-" "Mozilla/5.0 (Macintosh; Intel Mac OS X 10_15_7)"
203.0.113.45 - - [04/Oct/2025:05:02:01 +0000] "GET /images/logo.png HTTP/1.1" 200 2657 "-" "Mozilla/5.0 (X11; Linux x86_64) AppleWebKit/537.36"
10.0.0.50 - - [04/Oct/2025:03:02:11 +0000] "GET /static/js/app.js HTTP/1.1" 200 600 "-" "Mozilla/5.0 (Windows NT 10.0; Win64; x64) AppleWebKit/537.36"
192.168.1.100 - - [04/Oct/2025:21:15:12 +0000] "GET /static/js/app.js HTTP/1.1" 200 4336 "-" "Mozilla/5.0 (Macintosh; Intel Mac OS X 10_15_7)"
203.0.113.45 - - [04/Oct/2025:04:59:33 +0000] "GET /index.html HTTP/1.1" 200 4449 "-" "Mozilla/5.0 (X11; Linux x86_64) AppleWebKit/537.36"
192.168.1.100 - - [04/Oct/2025:12:41:30 +0000] "GET /static/css/main.css HTTP/1.1" 200 2228 "-" "curl/7.68.0"
203.0.113.45 - - [04/Oct/2025:04:41:32 +0000] "GET /index.html HTTP/1.1" 200 3480 "-" "Mozilla/5.0 (Macintosh; Intel Mac OS X 10_15_7)"
10.0.0.50 - - [04/Oct/2025:12:08:28 +0000] "GET /api/auth HTTP/1.1" 404 3791 "-" "Mozilla/5.0 (Macintosh; Intel Mac OS X 10_15_7)"
172.16.5.20 - - [04/Oct/2025:10:31:10 +0000] "GET /api/users HTTP/1.1" 200 3635 "-" "Mozilla/5.0 (Macintosh; Intel Mac OS X 10_15_7)"
192.168.1.100 - - [04/Oct/2025:15:23:55 +0000] "GET /index.html HTTP/1.1" 200 5098 "-" "python-requests/2.25.1"
203.0.113.45 - - [04/Oct/2025:00:28:47 +0000] "GET /contact.html HTTP/1.1" 200 3571 "-" "Mozilla/5.0 (Macintosh; Intel Mac OS X 10_15_7)"
192.168.1.100 - - [04/Oct/2025:06:27:38 +0000] "GET /index.html HTTP/1.1" 404 2893 "-" "Mozilla/5.0 (Macintosh; Intel Mac OS X 10_15_7)"
10.0.0.50 - - [04/Oct/2025:12:26:05 +0000] "GET /static/css/main.css HTTP/1.1" 200 5267 "-" "Mozilla/5.0 (Windows NT 10.0; Win64; x64) AppleWebKit/537.36"
198.51.100.88 - - [04/Oct/2025:21:14:20 +0000] "GET /images/logo.png HTTP/1.1" 200 2722 "-" "python-requests/2.25.1"
198.51.100.88 - - [04/Oct/2025:08:05:49 +0000] "GET /index.html HTTP/1.1" 200 4455 "-" "Mozilla/5.0 (X11; Linux x86_64) AppleWebKit/537.36"
198.51.100.88 - - [04/Oct/2025:08:07:15 +0000] "GET /index.html HTTP/1.1" 404 733 "-" "Mozilla/5.0 (X11; Linux x86_64) AppleWebKit/537.36"
10.0.0.50 - - [04/Oct/2025:05:42:02 +0000] "GET /static/css/main.css HTTP/1.1" 200 810 "-" "curl/7.68.0"
10.0.0.50 - - [04/Oct/2025:23:43:46 +0000] "GET /contact.html HTTP/1.1" 200 3311 "-" "curl/7.68.0"
203.0.113.45 - - [04/Oct/2025:06:45:22 +0000] "GET /about.html HTTP/1.1" 200 3042 "-" "Mozilla/5.0 (X11; Linux x86_64) AppleWebKit/537.36"
10.0.0.50 - - [04/Oct/2025:20:22:12 +0000] "GET /api/users HTTP/1.1" 200 2676 "-" "Mozilla/5.0 (X11; Linux x86_64) AppleWebKit/537.36"
10.0.0.50 - - [04/Oct/2025:20:40:21 +0000] "GET /static/css/main.css HTTP/1.1" 200 5160 "-" "Mozilla/5.0 (Macintosh; Intel Mac OS X 10_15_7)"
203.0.113.45 - - [04/Oct/2025:23:48:14 +0000] "GET /static/js/app.js HTTP/1.1" 200 4796 "-" "curl/7.68.0"
198.51.100.88 - - [04/Oct/2025:17:24:09 +0000] "GET /static/js/app.js HTTP/1.1" 200 2058 "-" "Mozilla/5.0 (X11; Linux x86_64) AppleWebKit/537.36"
198.51.100.88 - - [04/Oct/2025:06:26:31 +0000] "GET /api/users HTTP/1.1" 200 966 "-" "curl/7.68.0"
203.0.113.45 - - [04/Oct/2025:08:20:05 +0000] "GET /contact.html HTTP/1.1" 200 2741 "-" "Mozilla/5.0 (X11; Linux x86_64) AppleWebKit/537.36"
192.168.1.100 - - [04/Oct/2025:13:28:26 +0000] "GET /static/css/main.css HTTP/1.1" 200 1154 "-" "Mozilla/5.0 (Macintosh; Intel Mac OS X 10_15_7)"
192.168.1.100 - - [04/Oct/2025:21:06:44 +0000] "GET /static/css/main.css HTTP/1.1" 200 3894 "-" "curl/7.68.0"
10.0.0.50 - - [04/Oct/2025:05:33:12 +0000] "GET /contact.html HTTP/1.1" 200 2597 "-" "Mozilla/5.0 (X11; Linux x86_64) AppleWebKit/537.36"
10.0.0.50 - - [04/Oct/2025:03:42:39 +0000] "GET /images/logo.png HTTP/1.1" 404 3727 "-" "Mozilla/5.0 (Windows NT 10.0; Win64; x64) AppleWebKit/537.36"
198.51.100.88 - - [04/Oct/2025:01:14:11 +0000] "GET /contact.html HTTP/1.1" 200 3133 "-" "Mozilla/5.0 (Windows NT 10.0; Win64; x64) AppleWebKit/537.36"
203.0.113.45 - - [04/Oct/2025:16:11:27 +0000] "GET /contact.html HTTP/1.1" 200 4915 "-" "python-requests/2.25.1"
10.0.0.50 - - [04/Oct/2025:14:25:15 +0000] "GET /api/auth HTTP/1.1" 200 4142 "-" "curl/7.68.0"
198.51.100.88 - - [04/Oct/2025:06:50:33 +0000] "GET /about.html HTTP/1.1" 200 5149 "-" "Mozilla/5.0 (Windows NT 10.0; Win64; x64) AppleWebKit/537.36"
192.168.1.100 - - [04/Oct/2025:06:58:39 +0000] "GET /contact.html HTTP/1.1" 200 673 "-" "curl/7.68.0"
203.0.113.45 - - [04/Oct/2025:07:51:06 +0000] "GET /about.html HTTP/1.1" 200 4320 "-" "curl/7.68.0"
10.0.0.50 - - [04/Oct/2025:06:15:52 +0000] "GET /api/users HTTP/1.1" 200 1403 "-" "Mozilla/5.0 (Windows NT 10.0; Win64; x64) AppleWebKit/537.36"
192.168.1.100 - - [04/Oct/2025:22:22:54 +0000] "GET /images/logo.png HTTP/1.1" 200 3955 "-" "curl/7.68.0"
198.51.100.88 - - [04/Oct/2025:10:08:02 +0000] "GET /index.html HTTP/1.1" 200 4135 "-" "Mozilla/5.0 (X11; Linux x86_64) AppleWebKit/537.36"
192.168.1.100 - - [04/Oct/2025:12:01:19 +0000] "GET /index.html HTTP/1.1" 200 2978 "-" "python-requests/2.25.1"
10.0.0.50 - - [04/Oct/2025:17:15:12 +0000] "GET /api/users HTTP/1.1" 200 4456 "-" "Mozilla/5.0 (Windows NT 10.0; Win64; x64) AppleWebKit/537.36"
203.0.113.45 - - [04/Oct/2025:02:00:43 +0000] "GET /about.html HTTP/1.1" 200 2681 "-" "python-requests/2.25.1"
172.16.5.20 - - [04/Oct/2025:22:16:39 +0000] "GET /api/auth HTTP/1.1" 200 623 "-" "Mozilla/5.0 (X11; Linux x86_64) AppleWebKit/537.36"
203.0.113.45 - - [04/Oct/2025:04:51:43 +0000] "GET /index.html HTTP/1.1" 200 5153 "-" "Mozilla/5.0 (X11; Linux x86_64) AppleWebKit/537.36"
203.0.113.45 - - [04/Oct/2025:12:35:57 +0000] "GET /api/users HTTP/1.1" 200 5072 "-" "Mozilla/5.0 (Windows NT 10.0; Win64; x64) AppleWebKit/537.36"
172.16.5.20 - - [04/Oct/2025:03:20:11 +0000] "GET /index.html HTTP/1.1" 200 3334 "-" "Mozilla/5.0 (Macintosh; Intel Mac OS X 10_15_7)"
198.51.100.88 - - [04/Oct/2025:03:52:34 +0000] "GET /contact.html HTTP/1.1" 200 4256 "-" "Mozilla/5.0 (X11; Linux x86_64) AppleWebKit/537.36"
172.16.5.20 - - [04/Oct/2025:08:39:08 +0000] "GET /images/logo.png HTTP/1.1" 200 2024 "-" "Mozilla/5.0 (X11; Linux x86_64) AppleWebKit/537.36"
203.0.113.45 - - [04/Oct/2025:17:48:12 +0000] "GET /api/users HTTP/1.1" 200 1522 "-" "curl/7.68.0"
10.0.0.50 - - [04/Oct/2025:13:51:46 +0000] "GET /about.html HTTP/1.1" 200 1874 "-" "Mozilla/5.0 (Macintosh; Intel Mac OS X 10_15_7)"
198.51.100.88 - - [04/Oct/2025:21:30:33 +0000] "GET /static/js/app.js HTTP/1.1" 404 2257 "-" "Mozilla/5.0 (X11; Linux x86_64) AppleWebKit/537.36"
192.168.1.100 - - [04/Oct/2025:16:33:40 +0000] "GET /static/js/app.js HTTP/1.1" 200 5021 "-" "curl/7.68.0"
203.0.113.45 - - [04/Oct/2025:05:55:39 +0000] "GET /api/users HTTP/1.1" 200 3092 "-" "python-requests/2.25.1"
192.168.1.100 - - [04/Oct/2025:15:09:11 +0000] "GET /index.html HTTP/1.1" 200 2779 "-" "python-requests/2.25.1"
203.0.113.45 - - [04/Oct/2025:07:32:15 +0000] "GET /index.html HTTP/1.1" 200 4155 "-" "Mozilla/5.0 (Windows NT 10.0; Win64; x64) AppleWebKit/537.36"
198.51.100.88 - - [04/Oct/2025:21:47:03 +0000] "GET /about.html HTTP/1.1" 200 1893 "-" "Mozilla/5.0 (Macintosh; Intel Mac OS X 10_15_7)"
10.0.0.50 - - [04/Oct/2025:20:58:19 +0000] "GET /index.html HTTP/1.1" 200 5359 "-" "Mozilla/5.0 (X11; Linux x86_64) AppleWebKit/537.36"
192.168.1.100 - - [04/Oct/2025:08:40:54 +0000] "GET /api/users HTTP/1.1" 200 5094 "-" "curl/7.68.0"
203.0.113.45 - - [04/Oct/2025:15:52:48 +0000] "GET /about.html HTTP/1.1" 200 2142 "-" "Mozilla/5.0 (X11; Linux x86_64) AppleWebKit/537.36"
172.16.5.20 - - [04/Oct/2025:11:35:41 +0000] "GET /static/js/app.js HTTP/1.1" 404 2035 "-" "python-requests/2.25.1"
198.51.100.88 - - [04/Oct/2025:19:54:23 +0000] "GET /contact.html HTTP/1.1" 200 2293 "-" "curl/7.68.0"
203.0.113.45 - - [04/Oct/2025:03:07:39 +0000] "GET /static/css/main.css HTTP/1.1" 200 2265 "-" "Mozilla/5.0 (Macintosh; Intel Mac OS X 10_15_7)"
172.16.5.20 - - [04/Oct/2025:00:47:25 +0000] "GET /index.html HTTP/1.1" 404 1299 "-" "Mozilla/5.0 (Macintosh; Intel Mac OS X 10_15_7)"
172.16.5.20 - - [04/Oct/2025:02:57:24 +0000] "GET /index.html HTTP/1.1" 200 4753 "-" "python-requests/2.25.1"
192.168.1.100 - - [04/Oct/2025:18:24:13 +0000] "GET /api/auth HTTP/1.1" 200 3584 "-" "python-requests/2.25.1"
203.0.113.45 - - [04/Oct/2025:08:57:42 +0000] "GET /static/js/app.js HTTP/1.1" 200 779 "-" "Mozilla/5.0 (Windows NT 10.0; Win64; x64) AppleWebKit/537.36"
203.0.113.45 - - [04/Oct/2025:15:02:33 +0000] "GET /static/js/app.js HTTP/1.1" 200 5195 "-" "curl/7.68.0"
10.0.0.50 - - [04/Oct/2025:16:27:47 +0000] "GET /static/css/main.css HTTP/1.1" 200 3199 "-" "Mozilla/5.0 (X11; Linux x86_64) AppleWebKit/537.36"
203.0.113.45 - - [04/Oct/2025:05:12:09 +0000] "GET /index.html HTTP/1.1" 200 2726 "-" "Mozilla/5.0 (Windows NT 10.0; Win64; x64) AppleWebKit/537.36"
198.51.100.88 - - [04/Oct/2025:08:21:15 +0000] "GET /contact.html HTTP/1.1" 200 3902 "-" "python-requests/2.25.1"
172.16.5.20 - - [04/Oct/2025:18:11:28 +0000] "GET /static/css/main.css HTTP/1.1" 200 3840 "-" "curl/7.68.0"
198.51.100.88 - - [04/Oct/2025:17:28:59 +0000] "GET /static/css/main.css HTTP/1.1" 200 5119 "-" "Mozilla/5.0 (X11; Linux x86_64) AppleWebKit/537.36"
198.51.100.88 - - [04/Oct/2025:02:08:39 +0000] "GET /static/js/app.js HTTP/1.1" 200 3684 "-" "Mozilla/5.0 (Windows NT 10.0; Win64; x64) AppleWebKit/537.36"
198.51.100.88 - - [04/Oct/2025:06:27:16 +0000] "GET /about.html HTTP/1.1" 200 3358 "-" "curl/7.68.0"
45.155.205.67 - - [04/Oct/2025:03:56:42 +0000] "POST /config.php HTTP/1.1" 403 523 "-" "curl/7.58.0 (scanner)"
91.234.56.78 - - [04/Oct/2025:03:46:16 +0000] "POST /wp-admin/ HTTP/1.1" 403 2045 "-" "sqlmap/1.5.2"
45.155.205.67 - - [04/Oct/2025:03:51:01 +0000] "POST /admin.php HTTP/1.1" 500 700 "-" "nmap NSE"
91.234.56.78 - - [04/Oct/2025:03:37:16 +0000] "POST /../../etc/passwd HTTP/1.1" 403 1117 "-" "sqlmap/1.5.2"
194.55.87.92 - - [04/Oct/2025:03:07:40 +0000] "POST /login.php' OR '1'='1 HTTP/1.1" 403 1612 "-" "masscan/1.0"
195.123.244.167 - - [04/Oct/2025:03:32:29 +0000] "POST /phpmyadmin/ HTTP/1.1" 500 1810 "-" "masscan/1.0"
194.55.87.92 - - [04/Oct/2025:03:15:00 +0000] "POST /admin.php HTTP/1.1" 403 1517 "-" "Nikto/2.1.6"
194.55.87.92 - - [04/Oct/2025:03:16:46 +0000] "POST /../../etc/passwd HTTP/1.1" 403 1021 "-" "' OR '1'='1"
37.187.96.66 - - [04/Oct/2025:03:10:42 +0000] "POST /api/users?id=1' UNION SELECT password HTTP/1.1" 403 1823 "-" "curl/7.58.0 (scanner)"
198.18.44.133 - - [04/Oct/2025:03:13:25 +0000] "POST /../../etc/passwd HTTP/1.1" 403 155 "-" "curl/7.58.0 (scanner)"
104.244.72.115 - - [04/Oct/2025:03:55:34 +0000] "POST /phpmyadmin/ HTTP/1.1" 403 1699 "-" "' OR '1'='1"
198.18.44.133 - - [04/Oct/2025:03:38:15 +0000] "POST /../../etc/passwd HTTP/1.1" 403 1386 "-" "' OR '1'='1"
91.234.56.78 - - [04/Oct/2025:03:21:12 +0000] "POST /admin.php HTTP/1.1" 403 996 "-" "sqlmap/1.5.2"
45.155.205.67 - - [04/Oct/2025:03:11:38 +0000] "POST /../../etc/passwd HTTP/1.1" 403 1905 "-" "nmap NSE"
185.220.101.47 - - [04/Oct/2025:03:46:53 +0000] "POST /.env HTTP/1.1" 403 1570 "-" "sqlmap/1.5.2"
37.187.96.66 - - [04/Oct/2025:03:16:33 +0000] "POST /phpmyadmin/ HTTP/1.1" 403 929 "-" "masscan/1.0"
185.220.101.47 - - [04/Oct/2025:03:02:25 +0000] "POST /admin.php HTTP/1.1" 403 457 "-" "Nikto/2.1.6"
104.244.72.115 - - [04/Oct/2025:03:44:14 +0000] "POST /login.php' OR '1'='1 HTTP/1.1" 403 721 "-" "masscan/1.0"
45.155.205.67 - - [04/Oct/2025:03:40:15 +0000] "POST /phpmyadmin/ HTTP/1.1" 403 699 "-" "nmap NSE"
194.55.87.92 - - [04/Oct/2025:03:46:52 +0000] "POST /admin/login.php HTTP/1.1" 403 2055 "-" "' OR '1'='1"
194.55.87.92 - - [04/Oct/2025:03:41:59 +0000] "POST /wp-admin/ HTTP/1.1" 403 1779 "-" "curl/7.58.0 (scanner)"
91.234.56.78 - - [04/Oct/2025:03:02:17 +0000] "POST /login.php' OR '1'='1 HTTP/1.1" 403 567 "-" "nmap NSE"
185.100.87.41 - - [04/Oct/2025:03:03:11 +0000] "POST /login.php' OR '1'='1 HTTP/1.1" 500 154 "-" "masscan/1.0"
198.18.44.133 - - [04/Oct/2025:03:57:14 +0000] "POST /admin.php HTTP/1.1" 500 228 "-" "curl/7.58.0 (scanner)"
37.187.96.66 - - [04/Oct/2025:03:53:07 +0000] "POST /api/users?id=1' UNION SELECT password HTTP/1.1" 403 774 "-" "curl/7.58.0 (scanner)"
37.187.96.66 - - [04/Oct/2025:03:06:58 +0000] "POST /../../etc/passwd HTTP/1.1" 403 1625 "-" "masscan/1.0"
45.155.205.67 - - [04/Oct/2025:03:19:18 +0000] "POST /config.php HTTP/1.1" 403 2006 "-" "masscan/1.0"
185.220.101.47 - - [04/Oct/2025:03:41:48 +0000] "POST /config.php HTTP/1.1" 403 1155 "-" "masscan/1.0"
159.89.123.45 - - [04/Oct/2025:03:44:37 +0000] "POST /../../etc/passwd HTTP/1.1" 403 2003 "-" "' OR '1'='1"
104.244.72.115 - - [04/Oct/2025:03:53:05 +0000] "POST /wp-admin/ HTTP/1.1" 500 239 "-" "masscan/1.0"
159.89.123.45 - - [04/Oct/2025:03:23:30 +0000] "POST /config.php HTTP/1.1" 403 1334 "-" "masscan/1.0"
185.220.101.47 - - [04/Oct/2025:03:08:20 +0000] "POST /admin.php HTTP/1.1" 403 164 "-" "sqlmap/1.5.2"
159.89.123.45 - - [04/Oct/2025:03:31:44 +0000] "POST /login.php' OR '1'='1 HTTP/1.1" 403 1507 "-" "nmap NSE"
194.55.87.92 - - [04/Oct/2025:03:08:15 +0000] "POST /api/users?id=1' UNION SELECT password HTTP/1.1" 500 867 "-" "masscan/1.0"
195.123.244.167 - - [04/Oct/2025:03:32:50 +0000] "POST /config.php HTTP/1.1" 403 432 "-" "nmap NSE"
185.100.87.41 - - [04/Oct/2025:03:41:16 +0000] "POST /wp-admin/ HTTP/1.1" 403 2043 "-" "' OR '1'='1"
185.220.101.47 - - [04/Oct/2025:03:52:45 +0000] "POST /admin/login.php HTTP/1.1" 403 1827 "-" "sqlmap/1.5.2"
37.187.96.66 - - [04/Oct/2025:03:25:01 +0000] "POST /../../etc/passwd HTTP/1.1" 403 656 "-" "masscan/1.0"
194.55.87.92 - - [04/Oct/2025:03:09:56 +0000] "POST /admin.php HTTP/1.1" 403 1765 "-" "' OR '1'='1"
45.155.205.67 - - [04/Oct/2025:03:31:08 +0000] "POST /../../etc/passwd HTTP/1.1" 500 706 "-" "sqlmap/1.5.2"
91.234.56.78 - - [04/Oct/2025:03:30:43 +0000] "POST /api/users?id=1' UNION SELECT password HTTP/1.1" 403 1504 "-" "curl/7.58.0 (scanner)"
185.220.101.47 - - [04/Oct/2025:03:53:51 +0000] "POST /wp-admin/ HTTP/1.1" 500 1161 "-" "sqlmap/1.5.2"
195.123.244.167 - - [04/Oct/2025:03:26:13 +0000] "POST /api/users?id=1' UNION SELECT password HTTP/1.1" 500 760 "-" "curl/7.58.0 (scanner)"
91.234.56.78 - - [04/Oct/2025:03:09:49 +0000] "POST /admin.php HTTP/1.1" 403 1129 "-" "curl/7.58.0 (scanner)"
104.244.72.115 - - [04/Oct/2025:03:42:38 +0000] "POST /admin/login.php HTTP/1.1" 403 1513 "-" "masscan/1.0"
198.18.44.133 - - [04/Oct/2025:03:41:23 +0000] "POST /admin/login.php HTTP/1.1" 403 1952 "-" "sqlmap/1.5.2"
45.155.205.67 - - [04/Oct/2025:03:59:49 +0000] "POST /config.php HTTP/1.1" 500 527 "-" "' OR '1'='1"
37.187.96.66 - - [04/Oct/2025:03:03:41 +0000] "POST /config.php HTTP/1.1" 403 768 "-" "' OR '1'='1"
185.220.101.47 - - [04/Oct/2025:03:19:43 +0000] "POST /api/users?id=1' UNION SELECT password HTTP/1.1" 403 1158 "-" "sqlmap/1.5.2"
45.155.205.67 - - [04/Oct/2025:03:27:21 +0000] "POST /../../etc/passwd HTTP/1.1" 403 340 "-" "curl/7.58.0 (scanner)"
45.155.205.67 - - [04/Oct/2025:03:46:40 +0000] "POST /config.php HTTP/1.1" 500 1421 "-" "nmap NSE"
185.220.101.47 - - [04/Oct/2025:03:56:17 +0000] "POST /../../etc/passwd HTTP/1.1" 403 1428 "-" "masscan/1.0"
159.89.123.45 - - [04/Oct/2025:03:35:02 +0000] "POST /.env HTTP/1.1" 403 404 "-" "masscan/1.0"
185.220.101.47 - - [04/Oct/2025:03:04:09 +0000] "POST /wp-admin/ HTTP/1.1" 500 2079 "-" "masscan/1.0"
159.89.123.45 - - [04/Oct/2025:03:08:02 +0000] "POST /.env HTTP/1.1" 403 687 "-" "Nikto/2.1.6"
91.234.56.78 - - [04/Oct/2025:03:06:39 +0000] "POST /login.php' OR '1'='1 HTTP/1.1" 403 1727 "-" "curl/7.58.0 (scanner)"
37.187.96.66 - - [04/Oct/2025:03:09:31 +0000] "POST /config.php HTTP/1.1" 403 329 "-" "' OR '1'='1"
37.187.96.66 - - [04/Oct/2025:03:55:06 +0000] "POST /api/users?id=1' UNION SELECT password HTTP/1.1" 403 1799 "-" "masscan/1.0"
185.100.87.41 - - [04/Oct/2025:03:11:33 +0000] "POST /api/users?id=1' UNION SELECT password HTTP/1.1" 403 831 "-" "Nikto/2.1.6"
45.155.205.67 - - [04/Oct/2025:03:24:20 +0000] "POST /.env HTTP/1.1" 403 1017 "-" "masscan/1.0"
37.187.96.66 - - [04/Oct/2025:03:01:18 +0000] "POST /.env HTTP/1.1" 403 1461 "-" "curl/7.58.0 (scanner)"
198.18.44.133 - - [04/Oct/2025:03:35:37 +0000] "POST /.env HTTP/1.1" 403 872 "-" "curl/7.58.0 (scanner)"
195.123.244.167 - - [04/Oct/2025:03:06:15 +0000] "POST /phpmyadmin/ HTTP/1.1" 500 774 "-" "masscan/1.0"
185.100.87.41 - - [04/Oct/2025:03:30:29 +0000] "POST /admin.php HTTP/1.1" 403 1697 "-" "masscan/1.0"
194.55.87.92 - - [04/Oct/2025:03:22:46 +0000] "POST /admin.php HTTP/1.1" 403 807 "-" "masscan/1.0"
37.187.96.66 - - [04/Oct/2025:03:45:21 +0000] "POST /phpmyadmin/ HTTP/1.1" 403 259 "-" "Nikto/2.1.6"
45.155.205.67 - - [04/Oct/2025:03:13:21 +0000] "POST /admin.php HTTP/1.1" 403 1017 "-" "masscan/1.0"
195.123.244.167 - - [04/Oct/2025:03:34:54 +0000] "POST /admin/login.php HTTP/1.1" 403 598 "-" "curl/7.58.0 (scanner)"
37.187.96.66 - - [04/Oct/2025:03:25:15 +0000] "POST /../../etc/passwd HTTP/1.1" 403 862 "-" "Nikto/2.1.6"
185.220.101.47 - - [04/Oct/2025:03:02:23 +0000] "POST /admin.php HTTP/1.1" 403 1269 "-" "masscan/1.0"
194.55.87.92 - - [04/Oct/2025:03:29:23 +0000] "POST /login.php' OR '1'='1 HTTP/1.1" 403 1278 "-" "nmap NSE"
185.100.87.41 - - [04/Oct/2025:03:19:46 +0000] "POST /.env HTTP/1.1" 500 494 "-" "curl/7.58.0 (scanner)"
185.100.87.41 - - [04/Oct/2025:03:17:33 +0000] "POST /login.php' OR '1'='1 HTTP/1.1" 403 216 "-" "nmap NSE"
104.244.72.115 - - [04/Oct/2025:03:58:27 +0000] "POST /wp-admin/ HTTP/1.1" 403 1402 "-" "nmap NSE"
104.244.72.115 - - [04/Oct/2025:03:21:12 +0000] "POST /api/users?id=1' UNION SELECT password HTTP/1.1" 403 747 "-" "' OR '1'='1"
45.155.205.67 - - [04/Oct/2025:03:45:57 +0000] "POST /login.php' OR '1'='1 HTTP/1.1" 403 223 "-" "sqlmap/1.5.2"
185.100.87.41 - - [04/Oct/2025:03:29:25 +0000] "POST /../../etc/passwd HTTP/1.1" 403 1883 "-" "Nikto/2.1.6"
91.234.56.78 - - [04/Oct/2025:03:30:13 +0000] "POST /admin.php HTTP/1.1" 500 585 "-" "sqlmap/1.5.2"
91.234.56.78 - - [04/Oct/2025:03:00:47 +0000] "POST /admin.php HTTP/1.1" 403 305 "-" "nmap NSE"
37.187.96.66 - - [04/Oct/2025:03:32:00 +0000] "POST /phpmyadmin/ HTTP/1.1" 403 1681 "-" "curl/7.58.0 (scanner)"
159.89.123.45 - - [04/Oct/2025:03:03:56 +0000] "POST /../../etc/passwd HTTP/1.1" 403 1390 "-" "nmap NSE"
45.155.205.67 - - [04/Oct/2025:03:35:12 +0000] "POST /config.php HTTP/1.1" 500 1219 "-" "curl/7.58.0 (scanner)"
185.100.87.41 - - [04/Oct/2025:03:59:07 +0000] "POST /config.php HTTP/1.1" 403 697 "-" "masscan/1.0"
37.187.96.66 - - [04/Oct/2025:03:11:43 +0000] "POST /.env HTTP/1.1" 403 619 "-" "nmap NSE"
91.234.56.78 - - [04/Oct/2025:03:50:00 +0000] "POST /admin/login.php HTTP/1.1" 500 943 "-" "nmap NSE"
198.18.44.133 - - [04/Oct/2025:03:28:21 +0000] "POST /login.php' OR '1'='1 HTTP/1.1" 403 183 "-" "Nikto/2.1.6"
37.187.96.66 - - [04/Oct/2025:03:24:09 +0000] "POST /login.php' OR '1'='1 HTTP/1.1" 500 339 "-" "masscan/1.0"
45.155.205.67 - - [04/Oct/2025:03:22:37 +0000] "POST /login.php' OR '1'='1 HTTP/1.1" 403 121 "-" "' OR '1'='1"
37.187.96.66 - - [04/Oct/2025:03:03:33 +0000] "POST /admin/login.php HTTP/1.1" 403 1599 "-" "Nikto/2.1.6"
37.187.96.66 - - [04/Oct/2025:03:09:10 +0000] "POST /admin.php HTTP/1.1" 403 1467 "-" "nmap NSE"
104.244.72.115 - - [04/Oct/2025:03:51:34 +0000] "POST /.env HTTP/1.1" 403 726 "-" "Nikto/2.1.6"
195.123.244.167 - - [04/Oct/2025:03:32:51 +0000] "POST /../../etc/passwd HTTP/1.1" 403 526 "-" "curl/7.58.0 (scanner)"
159.89.123.45 - - [04/Oct/2025:03:42:16 +0000] "POST /../../etc/passwd HTTP/1.1" 500 270 "-" "Nikto/2.1.6"
198.18.44.133 - - [04/Oct/2025:03:31:47 +0000] "POST /.env HTTP/1.1" 403 476 "-" "curl/7.58.0 (scanner)"
91.234.56.78 - - [04/Oct/2025:03:34:23 +0000] "POST /admin/login.php HTTP/1.1" 403 940 "-" "curl/7.58.0 (scanner)"
195.123.244.167 - - [04/Oct/2025:03:16:17 +0000] "POST /.env HTTP/1.1" 403 1553 "-" "curl/7.58.0 (scanner)"
37.187.96.66 - - [04/Oct/2025:03:43:56 +0000] "POST /admin/login.php HTTP/1.1" 403 830 "-" "curl/7.58.0 (scanner)"
159.89.123.45 - - [04/Oct/2025:03:24:39 +0000] "POST /api/users?id=1' UNION SELECT password HTTP/1.1" 403 1131 "-" "nmap NSE"
45.155.205.67 - - [04/Oct/2025:03:20:54 +0000] "POST /admin.php HTTP/1.1" 403 1229 "-" "Nikto/2.1.6"
185.220.101.47 - - [04/Oct/2025:03:15:15 +0000] "POST /config.php HTTP/1.1" 403 887 "-" "curl/7.58.0 (scanner)"
198.18.44.133 - - [04/Oct/2025:03:55:00 +0000] "POST /../../etc/passwd HTTP/1.1" 500 904 "-" "sqlmap/1.5.2"
104.244.72.115 - - [04/Oct/2025:03:33:31 +0000] "POST /admin/login.php HTTP/1.1" 500 2054 "-" "sqlmap/1.5.2"
37.187.96.66 - - [04/Oct/2025:03:27:38 +0000] "POST /admin/login.php HTTP/1.1" 403 1015 "-" "sqlmap/1.5.2"
91.234.56.78 - - [04/Oct/2025:03:17:45 +0000] "POST /login.php' OR '1'='1 HTTP/1.1" 500 2084 "-" "' OR '1'='1"
159.89.123.45 - - [04/Oct/2025:03:58:41 +0000] "POST /config.php HTTP/1.1" 403 1311 "-" "curl/7.58.0 (scanner)"
159.89.123.45 - - [04/Oct/2025:03:30:16 +0000] "POST /admin/login.php HTTP/1.1" 403 1970 "-" "Nikto/2.1.6"
194.55.87.92 - - [04/Oct/2025:03:51:12 +0000] "POST /phpmyadmin/ HTTP/1.1" 403 507 "-" "Nikto/2.1.6"
159.89.123.45 - - [04/Oct/2025:03:58:47 +0000] "POST /wp-admin/ HTTP/1.1" 403 1412 "-" "' OR '1'='1"
104.244.72.115 - - [04/Oct/2025:03:44:00 +0000] "POST /admin/login.php HTTP/1.1" 403 1860 "-" "sqlmap/1.5.2"
45.155.205.67 - - [04/Oct/2025:03:58:48 +0000] "POST /config.php HTTP/1.1" 403 221 "-" "nmap NSE"
91.234.56.78 - - [04/Oct/2025:03:13:10 +0000] "POST /.env HTTP/1.1" 403 1907 "-" "curl/7.58.0 (scanner)"
159.89.123.45 - - [04/Oct/2025:03:43:40 +0000] "POST /.env HTTP/1.1" 403 931 "-" "Nikto/2.1.6"
91.234.56.78 - - [04/Oct/2025:03:05:15 +0000] "POST /../../etc/passwd HTTP/1.1" 403 1196 "-" "nmap NSE"
195.123.244.167 - - [04/Oct/2025:03:00:47 +0000] "POST /api/users?id=1' UNION SELECT password HTTP/1.1" 403 1322 "-" "Nikto/2.1.6"
195.123.244.167 - - [04/Oct/2025:03:03:34 +0000] "POST /admin.php HTTP/1.1" 403 512 "-" "curl/7.58.0 (scanner)"
185.220.101.47 - - [04/Oct/2025:03:23:01 +0000] "POST /config.php HTTP/1.1" 403 1925 "-" "sqlmap/1.5.2"
185.220.101.47 - - [04/Oct/2025:03:26:41 +0000] "POST /admin.php HTTP/1.1" 403 836 "-" "curl/7.58.0 (scanner)"
