192.168.1.100 - - [04/Oct/2025:19:48:43 +0000] "GET /images/logo.png HTTP/1.1" 200 747 "-" "curl/7.68.0"
172.16.5.20 - - [04/Oct/2025:07:46:37 +0000] "GET /index.html HTTP/1.1" 200 1733 "-" "python-requests/2.25.1"
198.51.100.88 - - [04/Oct/2025:10:18:47 +0000] "GET /about.html HTTP/1.1" 200 4628 "-" "Mozilla/5.0 (Windows NT 10.0; Win64; x64) AppleWebKit/537.36"
172.16.5.20 - - [04/Oct/2025:12:36:17 +0000] "GET /static/css/main.css HTTP/1.1" 200 2601 "-" "curl/7.68.0"
10.0.0.50 - - [04/Oct/2025:09:23:28 +0000] "GET /images/logo.png HTTP/1.1" 200 3435 "-" "Mozilla/5.0 (X11; Linux x86_64) AppleWebKit/537.36"
192.168.1.100 - - [04/Oct/2025:02:46:00 +0000] "GET /contact.html HTTP/1.1" 200 4666 "-" "python-requests/2.25.1"
192.168.1.100 - - [04/Oct/2025:21:39:09 +0000] "GET /api/users HTTP/1.1" 200 1815 "-" "Mozilla/5.0 (Macintosh; Intel Mac OS X 10_15_7)"
10.0.0.50 - - [04/Oct/2025:17:55:09 +0000] "GET /api/auth HTTP/1.1" 200 3065 "-" "Mozilla/5.0 (Macintosh; Intel Mac OS X 10_15_7)"
172.16.5.20 - - [04/Oct/2025:13:36:45 +0000] "GET /about.html HTTP/1.1" 404 1036 "-" "Mozilla/5.0 (Windows NT 10.0; Win64; x64) AppleWebKit/537.36"
198.51.100.88 - - [04/Oct/2025:07:26:00 +0000] "GET /index.html HTTP/1.1" 200 4504 "-" "Mozilla/5.0 (X11; Linux x86_64) AppleWebKit/537.36"
203.0.113.45 - - [04/Oct/2025:20:27:11 +0000] "GET /images/logo.png HTTP/1.1" 200 5465 "-" "Mozilla/5.0 (Macintosh; Intel Mac OS X 10_15_7)"
10.0.0.50 - - [04/Oct/2025:23:12:06 +0000] "GET /index.html HTTP/1.1" 200 1672 "-" "Mozilla/5.0 (Windows NT 10.0; Win64; x64) AppleWebKit/537.36"
192.168.1.100 - - [04/Oct/2025:05:26:39 +0000] "GET /static/js/app.js HTTP/1.1" 200 3519 "-" "curl/7.68.0"
10.0.0.50 - - [04/Oct/2025:18:11:26 +0000] "GET /index.html HTTP/1.1" 200 3429 "-" "curl/7.68.0"
10.0.0.50 - - [04/Oct/2025:04:18:58 +0000] "GET /api/users HTTP/1.1" 200 1776 "-" "curl/7.68.0"
192.168.1.100 - - [04/Oct/2025:02:41:45 +0000] "GET /static/css/main.css HTTP/1.1" 200 1944 "-" "Mozilla/5.0 (X11; Linux x86_64) AppleWebKit/537.36"
203.0.113.45 - - [04/Oct/2025:09:03:54 +0000] "GET /api/auth HTTP/1.1" 200 3894 "-" "curl/7.68.0"
203.0.113.45 - - [04/Oct/2025:09:36:09 +0000] "GET /index.html HTTP/1.1" 200 545 "-" "curl/7.68.0"
172.16.5.20 - - [04/Oct/2025:02:25:33 +0000] "GET /api/auth HTTP/1.1" 200 599 "-" "python-requests/2.25.1"
172.16.5.20 - - [04/Oct/2025:17:56:04 +0000] "GET /api/auth HTTP/1.1" 200 5353 "-" "python-requests/2.25.1"
10.0.0.50 - - [04/Oct/2025:17:26:14 +0000] "GET /index.html HTTP/1.1" 200 1750 "-" "Mozilla/5.0 (Windows NT 10.0; Win64; x64) AppleWebKit/537.36"
10.0.0.50 - - [04/Oct/2025:09:15:02 +0000] "GET /images/logo.png HTTP/1.1" 200 877 "-" "Mozilla/5.0 (Macintosh; Intel Mac OS X 10_15_7)"
203.0.113.45 - - [04/Oct/2025:17:16:48 +0000] "GET /api/auth HTTP/1.1" 200 2905 "-" "Mozilla/5.0 (Windows NT 10.0; Win64; x64) AppleWebKit/537.36"
192.168.1.100 - - [04/Oct/2025:21:51:09 +0000] "GET /api/auth HTTP/1.1" 200 3337 "-" "python-requests/2.25.1"
203.0.113.45 - - [04/Oct/2025:21:04:27 +0000] "GET /api/auth HTTP/1.1" 200 3181 "-" "Mozilla/5.0 (Windows NT 10.0; Win64; x64) AppleWebKit/537.36"
192.168.1.100 - - [04/Oct/2025:18:33:35 +0000] "GET /api/users HTTP/1.1" 200 3122 "-" "Mozilla/5.0 (Macintosh; Intel Mac OS X 10_15_7)"
198.51.100.88 - - [04/Oct/2025:06:36:10 +0000] "GET /contact.html HTTP/1.1" 200 4830 "-" "Mozilla/5.0 (X11; Linux x86_64) AppleWebKit/537.36"
198.51.100.88 - - [04/Oct/2025:03:07:34 +0000] "GET /images/logo.png HTTP/1.1" 200 1273 "-" "Mozilla/5.0 (X11; Linux x86_64) AppleWebKit/537.36"
203.0.113.45 - - [04/Oct/2025:23:36:30 +0000] "GET /api/users HTTP/1.1" 200 2193 "-" "Mozilla/5.0 (Windows NT 10.0; Win64; x64) AppleWebKit/537.36"
10.0.0.50 - - [04/Oct/2025:17:11:35 +0000] "GET /index.html HTTP/1.1" 200 4021 "-" "Mozilla/5.0 (X11; Linux x86_64) AppleWebKit/537.36"
198.51.100.88 - - [04/Oct/2025:18:22:13 +0000] "GET /api/auth HTTP/1.1" 200 3091 "-" "Mozilla/5.0 (Macintosh; Intel Mac OS X 10_15_7)"
192.168.1.100 - - [04/Oct/2025:14:51:36 +0000] "GET /contact.html HTTP/1.1" 200 5025 "-" "Mozilla/5.0 (Macintosh; Intel Mac OS X 10_15_7)"
203.0.113.45 - - [04/Oct/2025:22:05:40 +0000] "GET /static/css/main.css HTTP/1.1" 200 2278 "-" "Mozilla/5.0 (Windows NT 10.0; Win64; x64) AppleWebKit/537.36"
10.0.0.50 - - [04/Oct/2025:01:57:30 +0000] "GET /api/auth HTTP/1.1" 200 1677 "-" "Mozilla/5.0 (Macintosh; Intel Mac OS X 10_15_7)"
198.51.100.88 - - [04/Oct/2025:14:27:03 +0000] "GET /static/js/app.js HTTP/1.1" 404 1510 "-" "Mozilla/5.0 (Windows NT 10.0; Win64; x64) AppleWebKit/537.36"
198.51.100.88 - - [04/Oct/2025:13:34:48 +0000] "GET /static/js/app.js HTTP/1.1" 200 3853 "-" "Mozilla/5.0 (Windows NT 10.0; Win64; x64) AppleWebKit/537.36"
172.16.5.20 - - [04/Oct/2025:06:55:41 +0000] "GET /about.html HTTP/1.1" 200 4109 "-" "Mozilla/5.0 (X11; Linux x86_64) AppleWebKit/537.36"
198.51.100.88 - - [04/Oct/2025:07:08:58 +0000] "GET /contact.html HTTP/1.1" 200 3711 "-" "python-requests/2.25.1"
203.0.113.45 - - [04/Oct/2025:22:46:05 +0000] "GET /about.html HTTP/1.1" 200 2077 "-" "Mozilla/5.0 (Macintosh; Intel Mac OS X 10_15_7)"
203.0.113.45 - - [04/Oct/2025:05:00:15 +0000] "GET /api/auth HTTP/1.1" 200 1295 "-" "Mozilla/5.0 (Macintosh; Intel Mac OS X 10_15_7)"
10.0.0.50 - - [04/Oct/2025:14:22:35 +0000] "GET /about.html HTTP/1.1" 404 1354 "-" "Mozilla/5.0 (X11; Linux x86_64) AppleWebKit/537.36"
172.16.5.20 - - [04/Oct/2025:10:08:36 +0000] "GET /api/users HTTP/1.1" 200 4997 "-" "Mozilla/5.0 (X11; Linux x86_64) AppleWebKit/537.36"
198.51.100.88 - - [04/Oct/2025:04:16:48 +0000] "GET /static/css/main.css HTTP/1.1" 200 1135 "-" "curl/7.68.0"
203.0.113.45 - - [04/Oct/2025:19:17:39 +0000] "GET /api/users HTTP/1.1" 200 2274 "-" "curl/7.68.0"
10.0.0.50 - - [04/Oct/2025:21:17:38 +0000] "GET /index.html HTTP/1.1" 200 3109 "-" "python-requests/2.25.1"
203.0.113.45 - - [04/Oct/2025:17:22:21 +0000] "GET /index.html HTTP/1.1" 200 3066 "-" "Mozilla/5.0 (Macintosh; Intel Mac OS X 10_15_7)"
10.0.0.50 - - [04/Oct/2025:11:31:41 +0000] "GET /contact.html HTTP/1.1" 200 912 "-" "curl/7.68.0"
192.168.1.100 - - [04/Oct/2025:19:27:36 +0000] "GET /static/css/main.css HTTP/1.1" 200 2448 "-" "Mozilla/5.0 (X11; Linux x86_64) AppleWebKit/537.36"
192.168.1.100 - - [04/Oct/2025:01:57:43 +0000] "GET /about.html HTTP/1.1" 200 3607 "-" "Mozilla/5.0 (Windows NT 10.0; Win64; x64) AppleWebKit/537.36"
198.51.100.88 - - [04/Oct/2025:21:38:24 +0000] "GET /api/users HTTP/1.1" 200 4978 "-" "Mozilla/5.0 (Windows NT 10.0; Win64; x64) AppleWebKit/537.36"
203.0.113.45 - - [04/Oct/2025:23:07:06 +0000] "GET /contact.html HTTP/1.1" 200 1448 "-" "Mozilla/5.0 (Macintosh; Intel Mac OS X 10_15_7)"
172.16.5.20 - - [04/Oct/2025:01:51:07 +0000] "GET /about.html HTTP/1.1" 200 2212 "-" "Mozilla/5.0 (Windows NT 10.0; Win64; x64) AppleWebKit/537.36"
198.51.100.88 - - [04/Oct/2025:00:27:15 +0000] "GET /about.html HTTP/1.1" 200 3372 "-" "curl/7.68.0"
172.16.5.20 - - [04/Oct/2025:03:43:15 +0000] "GET /contact.html HTTP/1.1" 200 881 "-" "python-requests/2.25.1"
10.0.0.50 - - [04/Oct/2025:13:18:33 +0000] "GET /static/js/app.js HTTP/1.1" 200 2169 "-" "Mozilla/5.0 (Macintosh; Intel Mac OS X 10_15_7)"
10.0.0.50 - - [04/Oct/2025:11:58:52 +0000] "GET /api/users HTTP/1.1" 200 5468 "-" "Mozilla/5.0 (X11; Linux x86_64) AppleWebKit/537.36"
10.0.0.50 - - [04/Oct/2025:05:10:38 +0000] "GET /images/logo.png HTTP/1.1" 200 4937 "-" "curl/7.68.0"
172.16.5.20 - - [04/Oct/2025:18:14:11 +0000] "GET /index.html HTTP/1.1" 200 795 "-" "python-requests/2.25.1"
203.0.113.45 - - [04/Oct/2025:06:30:39 +0000] "GET /contact.html HTTP/1.1" 404 2822 "-" "Mozilla/5.0 (Windows NT 10.0; Win64; x64) AppleWebKit/537.36"
192.168.1.100 - - [04/Oct/2025:01:40:35 +0000] "GET /index.html HTTP/1.1" 200 4467 "-" "Mozilla/5.0 (Macintosh; Intel Mac OS X 10_15_7)"
10.0.0.50 - - [04/Oct/2025:21:22:07 +0000] "GET /contact.html HTTP/1.1" 200 968 "-" "curl/7.68.0"
203.0.113.45 - - [04/Oct/2025:06:35:20 +0000] "GET /api/users HTTP/1.1" 200 4251 "-" "Mozilla/5.0 (X11; Linux x86_64) AppleWebKit/537.36"
192.168.1.100 - - [04/Oct/2025:10:33:43 +0000] "GET /contact.html HTTP/1.1" 200 3643 "-" "Mozilla/5.0 (Macintosh; Intel Mac OS X 10_15_7)"
192.168.1.100 - - [04/Oct/2025:07:39:25 +0000] "GET /static/css/main.css HTTP/1.1" 200 3802 "-" "curl/7.68.0"
192.168.1.100 - - [04/Oct/2025:03:51:33 +0000] "GET /contact.html HTTP/1.1" 200 3954 "-" "Mozilla/5.0 (Macintosh; Intel Mac OS X 10_15_7)"
203.0.113.45 - - [04/Oct/2025:06:33:07 +0000] "GET /index.html HTTP/1.1" 200 1015 "-" "Mozilla/5.0 (Macintosh; Intel Mac OS X 10_15_7)"
203.0.113.45 - - [04/Oct/2025:03:41:45 +0000] "GET /index.html HTTP/1.1" 200 2713 "-" "Mozilla/5.0 (Macintosh; Intel Mac OS X 10_15_7)"
192.168.1.100 - - [04/Oct/2025:06:21:13 +0000] "GET /images/logo.png HTTP/1.1" 200 2364 "-" "Mozilla/5.0 (X11; Linux x86_64) AppleWebKit/537.36"
203.0.113.45 - - [04/Oct/2025:02:06:39 +0000] "GET /api/users HTTP/1.1" 200 1790 "-" "Mozilla/5.0 (Windows NT 10.0; Win64; x64) AppleWebKit/537.36"
192.168.1.100 - - [04/Oct/2025:13:46:27 +0000] "GET /images/logo.png HTTP/1.1" 200 984 "-" "Mozilla/5.0 (Windows NT 10.0; Win64; x64) AppleWebKit/537.36"
10.0.0.50 - - [04/Oct/2025:15:03:17 +0000] "GET /about.html HTTP/1.1" 200 1421 "-" "Mozilla/5.0 (Windows NT 10.0; Win64; x64) AppleWebKit/537.36"
203.0.113.45 - - [04/Oct/2025:18:08:06 +0000] "GET /api/users HTTP/1.1" 200 1521 "-" "Mozilla/5.0 (Macintosh; Intel Mac OS X 10_15_7)"
198.51.100.88 - - [04/Oct/2025:22:41:41 +0000] "GET /static/js/app.js HTTP/1.1" 200 1901 "-" "python-requests/2.25.1"
203.0.113.45 - - [04/Oct/2025:00:23:53 +0000] "GET /static/js/app.js HTTP/1.1" 200 2274 "-" "Mozilla/5.0 (X11; Linux x86_64) AppleWebKit/537.36"
172.16.5.20 - - [04/Oct/2025:09:41:09 +0000] "GET /api/auth HTTP/1.1" 200 658 "-" "python-requests/2.25.1"
192.168.1.100 - - [04/Oct/2025:15:08:07 +0000] "GET /api/auth HTTP/1.1" 200 2822 "-" "Mozilla/5.0 (Windows NT 10.0; Win64; x64) AppleWebKit/537.36"
203.0.113.45 - - [04/Oct/2025:02:53:20 +0000] "GET /about.html HTTP/1.1" 200 3092 "-" "curl/7.68.0"
172.16.5.20 - - [04/Oct/2025:20:06:42 +0000] "GET /api/users HTTP/1.1" 200 3875 "-" "curl/7.68.0"
198.51.100.88 - - [04/Oct/2025:11:54:55 +0000] "GET /api/auth HTTP/1.1" 200 1702 "-" "Mozilla/5.0 (Windows NT 10.0; Win64; x64) AppleWebKit/537.36"
203.0.113.45 - - [04/Oct/2025:01:45:54 +0000] "GET /index.html HTTP/1.1" 404 5172 "-" "Mozilla/5.0 (Windows NT 10.0; Win64; x64) AppleWebKit/537.36"
192.168.1.100 - - [04/Oct/2025:22:50:56 +0000] "GET /api/users HTTP/1.1" 200 4780 "-" "python-requests/2.25.1"
203.0.113.45 - - [04/Oct/2025:21:05:27 +0000] "GET /images/logo.png HTTP/1.1" 200 1269 "-" "Mozilla/5.0 (X11; Linux x86_64) AppleWebKit/537.36"
198.51.100.88 - - [04/Oct/2025:16:27:18 +0000] "GET /static/js/app.js HTTP/1.1" 200 2645 "-" "Mozilla/5.0 (X11; Linux x86_64) AppleWebKit/537.36"
198.51.100.88 - - [04/Oct/2025:17:51:00 +0000] "GET /index.html HTTP/1.1" 200 1671 "-" "Mozilla/5.0 (Windows NT 10.0; Win64; x64) AppleWebKit/537.36"
172.16.5.20 - - [04/Oct/2025:14:53:09 +0000] "GET /images/logo.png HTTP/1.1" 200 5180 "-" "python-requests/2.25.1"
172.16.5.20 - - [04/Oct/2025:01:18:53 +0000] "GET /contact.html HTTP/1.1" 200 788 "-" "Mozilla/5.0 (Macintosh; Intel Mac OS X 10_15_7)"
198.51.100.88 - - [04/Oct/2025:11:32:02 +0000] "GET /images/logo.png HTTP/1.1" 200 1474 "-" "python-requests/2.25.1"
172.16.5.20 - - [04/Oct/2025:11:36:24 +0000] "GET /static/js/app.js HTTP/1.1" 200 2224 "-" "curl/7.68.0"
192.168.1.100 - - [04/Oct/2025:13:30:30 +0000] "GET /index.html HTTP/1.1" 404 1265 "-" "Mozilla/5.0 (X11; Linux x86_64) AppleWebKit/537.36"
172.16.5.20 - - [04/Oct/2025:10:19:01 +0000] "GET /api/users HTTP/1.1" 200 629 "-" "Mozilla/5.0 (X11; Linux x86_64) AppleWebKit/537.36"
172.16.5.20 - - [04/Oct/2025:03:37:57 +0000] "GET /api/users HTTP/1.1" 404 2283 "-" "Mozilla/5.0 (Windows NT 10.0; Win64; x64) AppleWebKit/537.36"
203.0.113.45 - - [04/Oct/2025:02:25:53 +0000] "GET /api/users HTTP/1.1" 200 2001 "-" "Mozilla/5.0 (Macintosh; Intel Mac OS X 10_15_7)"
198.51.100.88 - - [04/Oct/2025:09:54:45 +0000] "GET /images/logo.png HTTP/1.1" 200 1042 "-" "curl/7.68.0"
198.51.100.88 - - [04/Oct/2025:05:10:05 +0000] "GET /about.html HTTP/1.1" 200 1334 "-" "python-requests/2.25.1"
198.51.100.88 - - [04/Oct/2025:04:36:23 +0000] "GET /about.html HTTP/1.1" 200 1479 "-" "curl/7.68.0"
192.168.1.100 - - [04/Oct/2025:12:39:58 +0000] "GET /index.html HTTP/1.1" 200 3089 "-" "Mozilla/5.0 (Windows NT 10.0; Win64; x64) AppleWebKit/537.36"
10.0.0.50 - - [04/Oct/2025:22:16:08 +0000] "GET /images/logo.png HTTP/1.1" 200 2908 "-" "python-requests/2.25.1"
198.51.100.88 - - [04/Oct/2025:23:45:52 +0000] "GET /api/auth HTTP/1.1" 200 5342 "-" "python-requests/2.25.1"
192.168.1.100 - - [04/Oct/2025:11:15:21 +0000] "GET /static/css/main.css HTTP/1.1" 200 3918 "-" "Mozilla/5.0 (Windows NT 10.0; Win64; x64) AppleWebKit/537.36"
203.0.113.45 - - [04/Oct/2025:13:07:09 +0000] "GET /images/logo.png HTTP/1.1" 200 1533 "-" "Mozilla/5.0 (X11; Linux x86_64) AppleWebKit/537.36"
203.0.113.45 - - [04/Oct/2025:19:02:27 +0000] "GET /index.html HTTP/1.1" 200 3303 "-" "python-requests/2.25.1"
10.0.0.50 - - [04/Oct/2025:01:19:06 +0000] "GET /about.html HTTP/1.1" 200 3120 "-" "Mozilla/5.0 (Windows NT 10.0; Win64; x64) AppleWebKit/537.36"
172.16.5.20 - - [04/Oct/2025:19:57:57 +0000] "GET /static/js/app.js HTTP/1.1" 200 4431 "-" "Mozilla/5.0 (X11; Linux x86_64) AppleWebKit/537.36"
192.168.1.100 - - [04/Oct/2025:12:36:47 +0000] "GET /api/auth HTTP/1.1" 200 592 "-" "curl/7.68.0"
198.51.100.88 - - [04/Oct/2025:05:11:37 +0000] "GET /static/js/app.js HTTP/1.1" 200 1234 "-" "Mozilla/5.0 (Windows NT 10.0; Win64; x64) AppleWebKit/537.36"
198.51.100.88 - - [04/Oct/2025:22:19:30 +0000] "GET /contact.html HTTP/1.1" 200 4743 "-" "Mozilla/5.0 (Windows NT 10.0; Win64; x64) AppleWebKit/537.36"
192.168.1.100 - - [04/Oct/2025:17:02:54 +0000] "GET /static/js/app.js HTTP/1.1" 200 3444 "-" "Mozilla/5.0 (Macintosh; Intel Mac OS X 10_15_7)"
203.0.113.45 - - [04/Oct/2025:19:18:13 +0000] "GET /about.html HTTP/1.1" 404 4735 "-" "Mozilla/5.0 (Windows NT 10.0; Win64; x64) AppleWebKit/537.36"
172.16.5.20 - - [04/Oct/2025:12:30:55 +0000] "GET /index.html HTTP/1.1" 200 721 "-" "Mozilla/5.0 (X11; Linux x86_64) AppleWebKit/537.36"
198.51.100.88 - - [04/Oct/2025:13:33:52 +0000] "GET /index.html HTTP/1.1" 200 2859 "-" "python-requests/2.25.1"
203.0.113.45 - - [04/Oct/2025:09:51:36 +0000] "GET /static/js/app.js HTTP/1.1" 200 3185 "-" "Mozilla/5.0 (X11; Linux x86_64) AppleWebKit/537.36"
172.16.5.20 - - [04/Oct/2025:07:04:55 +0000] "GET /api/auth HTTP/1.1" 200 964 "-" "python-requests/2.25.1"
192.168.1.100 - - [04/Oct/2025:19:30:53 +0000] "GET /images/logo.png HTTP/1.1" 200 759 "-" "Mozilla/5.0 (Macintosh; Intel Mac OS X 10_15_7)"
192.168.1.100 - - [04/Oct/2025:18:27:41 +0000] "GET /static/css/main.css HTTP/1.1" 404 3321 "-" "Mozilla/5.0 (X11; Linux x86_64) AppleWebKit/537.36"
203.0.113.45 - - [04/Oct/2025:22:36:59 +0000] "GET /index.html HTTP/1.1" 200 1659 "-" "python-requests/2.25.1"
172.16.5.20 - - [04/Oct/2025:20:58:10 +0000] "GET /images/logo.png HTTP/1.1" 200 2016 "-" "Mozilla/5.0 (X11; Linux x86_64) AppleWebKit/537.36"
10.0.0.50 - - [04/Oct/2025:16:47:36 +0000] "GET /api/users HTTP/1.1" 200 1480 "-" "python-requests/2.25.1"
172.16.5.20 - - [04/Oct/2025:05:36:03 +0000] "GET /contact.html HTTP/1.1" 200 1868 "-" "python-requests/2.25.1"
10.0.0.50 - - [04/Oct/2025:23:03:34 +0000] "GET /api/auth HTTP/1.1" 404 1888 "-" "python-requests/2.25.1"
172.16.5.20 - - [04/Oct/2025:00:38:30 +0000] "GET /api/auth HTTP/1.1" 200 4404 "-" "Mozilla/5.0 (Windows NT 10.0; Win64; x64) AppleWebKit/537.36"
198.51.100.88 - - [04/Oct/2025:17:11:43 +0000] "GET /contact.html HTTP/1.1" 200 2863 "-" "Mozilla/5.0 (Macintosh; Intel Mac OS X 10_15_7)"
10.0.0.50 - - [04/Oct/2025:09:24:23 +0000] "GET /contact.html HTTP/1.1" 200 3402 "-" "Mozilla/5.0 (Macintosh; Intel Mac OS X 10_15_7)"
198.51.100.88 - - [04/Oct/2025:11:56:27 +0000] "GET /contact.html HTTP/1.1" 200 2849 "-" "curl/7.68.0"
172.16.5.20 - - [04/Oct/2025:13:47:59 +0000] "GET /about.html HTTP/1.1" 200 5132 "-" "Mozilla/5.0 (Macintosh; Intel Mac OS X 10_15_7)"
203.0.113.45 - - [04/Oct/2025:09:19:55 +0000] "GET /static/js/app.js HTTP/1.1" 200 3219 "-" "Mozilla/5.0 (Macintosh; Intel Mac OS X 10_15_7)"
192.168.1.100 - - [04/Oct/2025:08:55:59 +0000] "GET /api/auth HTTP/1.1" 404 1234 "-" "Mozilla/5.0 (Windows NT 10.0; Win64; x64) AppleWebKit/537.36"
172.16.5.20 - - [04/Oct/2025:10:45:01 +0000] "GET /images/logo.png HTTP/1.1" 200 1877 "-" "Mozilla/5.0 (Macintosh; Intel Mac OS X 10_15_7)"
10.0.0.50 - - [04/Oct/2025:23:20:33 +0000] "GET /about.html HTTP/1.1" 200 4014 "-" "Mozilla/5.0 (Windows NT 10.0; Win64; x64) AppleWebKit/537.36"
198.51.100.88 - - [04/Oct/2025:14:04:24 +0000] "GET /images/logo.png HTTP/1.1" 200 3135 "-" "Mozilla/5.0 (X11; Linux x86_64) AppleWebKit/537.36"
198.51.100.88 - - [04/Oct/2025:09:58:21 +0000] "GET /contact.html HTTP/1.1" 200 5026 "-" "curl/7.68.0"
192.168.1.100 - - [04/Oct/2025:21:03:29 +0000] "GET /images/logo.png HTTP/1.1" 200 1041 "-" "Mozilla/5.0 (X11; Linux x86_64) AppleWebKit/537.36"
198.51.100.88 - - [04/Oct/2025:18:59:15 +0000] "GET /images/logo.png HTTP/1.1" 200 2019 "-" "Mozilla/5.0 (Windows NT 10.0; Win64; x64) AppleWebKit/537.36"
192.168.1.100 - - [04/Oct/2025:13:15:08 +0000] "GET /api/auth HTTP/1.1" 404 5150 "-" "python-requests/2.25.1"
198.51.100.88 - - [04/Oct/2025:12:19:19 +0000] "GET /static/css/main.css HTTP/1.1" 200 522 "-" "Mozilla/5.0 (X11; Linux x86_64) AppleWebKit/537.36"
10.0.0.50 - - [04/Oct/2025:18:46:24 +0000] "GET /api/auth HTTP/1.1" 200 3727 "-" "python-requests/2.25.1"
203.0.113.45 - - [04/Oct/2025:14:58:58 +0000] "GET /api/users HTTP/1.1" 200 3564 "-" "curl/7.68.0"
198.51.100.88 - - [04/Oct/2025:19:56:19 +0000] "GET /contact.html HTTP/1.1" 200 3995 "-" "curl/7.68.0"
10.0.0.50 - - [04/Oct/2025:01:33:11 +0000] "GET /api/auth HTTP/1.1" 200 3585 "-" "Mozilla/5.0 (Macintosh; Intel Mac OS X 10_15_7)"
203.0.113.45 - - [04/Oct/2025:05:40:04 +0000] "GET /api/users HTTP/1.1" 200 4022 "-" "Mozilla/5.0 (Windows NT 10.0; Win64; x64) AppleWebKit/537.36"
10.0.0.50 - - [04/Oct/2025:01:47:22 +0000] "GET /images/logo.png HTTP/1.1" 200 2980 "-" "curl/7.68.0"
198.51.100.88 - - [04/Oct/2025:02:22:05 +0000] "GET /contact.html HTTP/1.1" 200 3316 "-" "python-requests/2.25.1"
203.0.113.45 - - [04/Oct/2025:13:43:55 +0000] "GET /static/js/app.js HTTP/1.1" 404 4898 "-" "Mozilla/5.0 (Windows NT 10.0; Win64; x64) AppleWebKit/537.36"
192.168.1.100 - - [04/Oct/2025:05:26:02 +0000] "GET /about.html HTTP/1.1" 200 3719 "-" "python-requests/2.25.1"
203.0.113.45 - - [04/Oct/2025:23:41:30 +0000] "GET /contact.html HTTP/1.1" 200 2540 "-" "Mozilla/5.0 (Windows NT 10.0; Win64; x64) AppleWebKit/537.36"
10.0.0.50 - - [04/Oct/2025:06:45:39 +0000] "GET /contact.html HTTP/1.1" 200 3894 "-" "Mozilla/5.0 (Macintosh; Intel Mac OS X 10_15_7)"
198.51.100.88 - - [04/Oct/2025:18:11:47 +0000] "GET /images/logo.png HTTP/1.1" 200 1815 "-" "curl/7.68.0"
10.0.0.50 - - [04/Oct/2025:12:29:51 +0000] "GET /images/logo.png HTTP/1.1" 200 4533 "-" "Mozilla/5.0 (Macintosh; Intel Mac OS X 10_15_7)"
172.16.5.20 - - [04/Oct/2025:11:23:36 +0000] "GET /static/js/app.js HTTP/1.1" 200 3300 "-" "Mozilla/5.0 (Macintosh; Intel Mac OS X 10_15_7)"
203.0.113.45 - - [04/Oct/2025:12:07:32 +0000] "GET /images/logo.png HTTP/1.1" 200 1283 "-" "Mozilla/5.0 (Windows NT 10.0; Win64; x64) AppleWebKit/537.36"
172.16.5.20 - - [04/Oct/2025:19:57:27 +0000] "GET /api/users HTTP/1.1" 200 3844 "-" "Mozilla/5.0 (X11; Linux x86_64) AppleWebKit/537.36"
198.51.100.88 - - [04/Oct/2025:12:47:33 +0000] "GET /about.html HTTP/1.1" 200 4346 "-" "Mozilla/5.0 (Macintosh; Intel Mac OS X 10_15_7)"
203.0.113.45 - - [04/Oct/2025:07:03:40 +0000] "GET /static/js/app.js HTTP/1.1" 200 2577 "-" "curl/7.68.0"
192.168.1.100 - - [04/Oct/2025:08:22:54 +0000] "GET /api/auth HTTP/1.1" 200 4854 "-" "Mozilla/5.0 (X11; Linux x86_64) AppleWebKit/537.36"
10.0.0.50 - - [04/Oct/2025:07:32:05 +0000] "GET /static/js/app.js HTTP/1.1" 200 657 "-" "python-requests/2.25.1"
10.0.0.50 - - [04/Oct/2025:23:32:36 +0000] "GET /static/js/app.js HTTP/1.1" 404 2669 "-" "python-requests/2.25.1"
10.0.0.50 - - [04/Oct/2025:22:02:49 +0000] "GET /images/logo.png HTTP/1.1" 200 2340 "-" "python-requests/2.25.1"
198.51.100.88 - - [04/Oct/2025:07:25:38 +0000] "GET /about.html HTTP/1.1" 200 4624 "-" "Mozilla/5.0 (X11; Linux x86_64) AppleWebKit/537.36"
198.51.100.88 - - [04/Oct/2025:20:16:45 +0000] "GET /about.html HTTP/1.1" 200 1575 "-" "Mozilla/5.0 (Windows NT 10.0; Win64; x64) AppleWebKit/537.36"
192.168.1.100 - - [04/Oct/2025:03:04:48 +0000] "GET /contact.html HTTP/1.1" 404 5086 "-" "python-requests/2.25.1"
172.16.5.20 - - [04/Oct/2025:03:17:27 +0000] "GET /images/logo.png HTTP/1.1" 404 5295 "-" "curl/7.68.0"
203.0.113.45 - - [04/Oct/2025:21:30:20 +0000] "GET /api/auth HTTP/1.1" 200 2355 "-" "Mozilla/5.0 (Macintosh; Intel Mac OS X 10_15_7)"
172.16.5.20 - - [04/Oct/2025:11:56:04 +0000] "GET /about.html HTTP/1.1" 200 4220 "-" "Mozilla/5.0 (Macintosh; Intel Mac OS X 10_15_7)"
198.51.100.88 - - [04/Oct/2025:23:59:36 +0000] "GET /static/css/main.css HTTP/1.1" 200 1001 "-" "Mozilla/5.0 (X11; Linux x86_64) AppleWebKit/537.36"
198.51.100.88 - - [04/Oct/2025:00:30:50 +0000] "GET /static/css/main.css HTTP/1.1" 200 4349 "-" "Mozilla/5.0 (Windows NT 10.0; Win64; x64) AppleWebKit/537.36"
198.51.100.88 - - [04/Oct/2025:22:43:09 +0000] "GET /api/auth HTTP/1.1" 200 2412 "-" "Mozilla/5.0 (X11; Linux x86_64) AppleWebKit/537.36"
10.0.0.50 - - [04/Oct/2025:17:47:31 +0000] "GET /contact.html HTTP/1.1" 200 2023 "-" "python-requests/2.25.1"
198.51.100.88 - - [04/Oct/2025:08:08:07 +0000] "GET /api/users HTTP/1.1" 200 2725 "-" "Mozilla/5.0 (Macintosh; Intel Mac OS X 10_15_7)"
198.51.100.88 - - [04/Oct/2025:20:13:21 +0000] "GET /api/auth HTTP/1.1" 200 4499 "-" "Mozilla/5.0 (X11; Linux x86_64) AppleWebKit/537.36"
203.0.113.45 - - [04/Oct/2025:13:14:46 +0000] "GET /static/css/main.css HTTP/1.1" 200 2282 "-" "Mozilla/5.0 (X11; Linux x86_64) AppleWebKit/537.36"
203.0.113.45 - - [04/Oct/2025:18:08:00 +0000] "GET /about.html HTTP/1.1" 200 3710 "-" "python-requests/2.25.1"
192.168.1.100 - - [04/Oct/2025:01:13:32 +0000] "GET /index.html HTTP/1.1" 200 2675 "-" "python-requests/2.25.1"
172.16.5.20 - - [04/Oct/2025:09:01:46 +0000] "GET /contact.html HTTP/1.1" 200 4112 "-" "Mozilla/5.0 (Macintosh; Intel Mac OS X 10_15_7)"
198.51.100.88 - - [04/Oct/2025:02:28:24 +0000] "GET /about.html HTTP/1.1" 200 940 "-" "Mozilla/5.0 (X11; Linux x86_64) AppleWebKit/537.36"
203.0.113.45 - - [04/Oct/2025:16:15:23 +0000] "GET /index.html HTTP/1.1" 200 4011 "-" "Mozilla/5.0 (Windows NT 10.0; Win64; x64) AppleWebKit/537.36"
172.16.5.20 - - [04/Oct/2025:01:05:31 +0000] "GET /static/js/app.js HTTP/1.1" 200 4521 "-" "Mozilla/5.0 (Windows NT 10.0; Win64; x64) AppleWebKit/537.36"
203.0.113.45 - - [04/Oct/2025:10:51:10 +0000] "GET /api/auth HTTP/1.1" 200 1124 "-" "Mozilla/5.0 (Macintosh; Intel Mac OS X 10_15_7)"
10.0.0.50 - - [04/Oct/2025:18:27:44 +0000] "GET /index.html HTTP/1.1" 200 2597 "-" "python-requests/2.25.1"
192.168.1.100 - - [04/Oct/2025:09:48:13 +0000] "GET /index.html HTTP/1.1" 404 607 "-" "Mozilla/5.0 (Macintosh; Intel Mac OS X 10_15_7)"
10.0.0.50 - - [04/Oct/2025:16:42:20 +0000] "GET /images/logo.png HTTP/1.1" 200 4952 "-" "Mozilla/5.0 (X11; Linux x86_64) AppleWebKit/537.36"
203.0.113.45 - - [04/Oct/2025:17:40:07 +0000] "GET /about.html HTTP/1.1" 200 980 "-" "python-requests/2.25.1"
203.0.113.45 - - [04/Oct/2025:15:13:43 +0000] "GET /contact.html HTTP/1.1" 200 1461 "-" "Mozilla/5.0 (Macintosh; Intel Mac OS X 10_15_7)"
172.16.5.20 - - [04/Oct/2025:13:12:26 +0000] "GET /images/logo.png HTTP/1.1" 200 5038 "-" "curl/7.68.0"
203.0.113.45 - - [04/Oct/2025:21:10:09 +0000] "GET /api/users HTTP/1.1" 200 3028 "-" "Mozilla/5.0 (Windows NT 10.0; Win64; x64) AppleWebKit/537.36"
192.168.1.100 - - [04/Oct/2025:03:21:17 +0000] "GET /api/users HTTP/1.1" 200 2654 "-" "curl/7.68.0"
172.16.5.20 - - [04/Oct/2025:11:18:03 +0000] "GET /api/users HTTP/1.1" 200 2000 "-" "Mozilla/5.0 (X11; Linux x86_64) AppleWebKit/537.36"
198.51.100.88 - - [04/Oct/2025:18:01:39 +0000] "GET /contact.html HTTP/1.1" 200 1400 "-" "Mozilla/5.0 (Macintosh; Intel Mac OS X 10_15_7)"
203.0.113.45 - - [04/Oct/2025:08:43:46 +0000] "GET /images/logo.png HTTP/1.1" 200 3116 "-" "Mozilla/5.0 (X11; Linux x86_64) AppleWebKit/537.36"
192.168.1.100 - - [04/Oct/2025:03:08:15 +0000] "GET /about.html HTTP/1.1" 200 4771 "-" "Mozilla/5.0 (Macintosh; Intel Mac OS X 10_15_7)"
192.168.1.100 - - [04/Oct/2025:21:01:49 +0000] "GET /images/logo.png HTTP/1.1" 200 4355 "-" "Mozilla/5.0 (Windows NT 10.0; Win64; x64) AppleWebKit/537.36"
192.168.1.100 - - [04/Oct/2025:05:00:25 +0000] "GET /static/css/main.css HTTP/1.1" 200 1429 "-" "Mozilla/5.0 (Windows NT 10.0; Win64; x64) AppleWebKit/537.36"
198.51.100.88 - - [04/Oct/2025:00:40:02 +0000] "GET /static/js/app.js HTTP/1.1" 200 544 "-" "curl/7.68.0"
172.16.5.20 - - [04/Oct/2025:15:02:22 +0000] "GET /images/logo.png HTTP/1.1" 200 1724 "-" "python-requests/2.25.1"
192.168.1.100 - - [04/Oct/2025:16:29:56 +0000] "GET /static/css/main.css HTTP/1.1" 200 4693 "-" "curl/7.68.0"
10.0.0.50 - - [04/Oct/2025:08:52:57 +0000] "GET /index.html HTTP/1.1" 200 2074 "-" "curl/7.68.0"
192.168.1.100 - - [04/Oct/2025:18:58:53 +0000] "GET /images/logo.png HTTP/1.1" 404 2630 "-" "Mozilla/5.0 (Macintosh; Intel Mac OS X 10_15_7)"
203.0.113.45 - - [04/Oct/2025:06:21:21 +0000] "GET /contact.html HTTP/1.1" 404 2405 "-" "Mozilla/5.0 (Windows NT 10.0; Win64; x64) AppleWebKit/537.36"
172.16.5.20 - - [04/Oct/2025:07:00:21 +0000] "GET /contact.html HTTP/1.1" 200 4900 "-" "Mozilla/5.0 (Windows NT 10.0; Win64; x64) AppleWebKit/537.36"
172.16.5.20 - - [04/Oct/2025:23:39:56 +0000] "GET /index.html HTTP/1.1" 200 4613 "-" "Mozilla/5.0 (Windows NT 10.0; Win64; x64) AppleWebKit/537.36"
10.0.0.50 - - [04/Oct/2025:20:54:39 +0000] "GET /static/css/main.css HTTP/1.1" 404 4837 "-" "Mozilla/5.0 (Windows NT 10.0; Win64; x64) AppleWebKit/537.36"
203.0.113.45 - - [04/Oct/2025:11:58:13 +0000] "GET /api/auth HTTP/1.1" 200 1720 "-" "python-requests/2.25.1"
198.51.100.88 - - [04/Oct/2025:14:21:38 +0000] "GET /api/auth HTTP/1.1" 200 2378 "-" "Mozilla/5.0 (X11; Linux x86_64) AppleWebKit/537.36"
192.168.1.100 - - [04/Oct/2025:10:30:04 +0000] "GET /contact.html HTTP/1.1" 200 2949 "-" "Mozilla/5.0 (X11; Linux x86_64) AppleWebKit/537.36"
10.0.0.50 - - [04/Oct/2025:23:13:19 +0000] "GET /static/js/app.js HTTP/1.1" 200 1622 "-" "Mozilla/5.0 (Windows NT 10.0; Win64; x64) AppleWebKit/537.36"
198.51.100.88 - - [04/Oct/2025:10:29:20 +0000] "GET /api/auth HTTP/1.1" 200 2289 "-" "python-requests/2.25.1"
172.16.5.20 - - [04/Oct/2025:08:37:03 +0000] "GET /static/css/main.css HTTP/1.1" 200 2827 "-" "Mozilla/5.0 (Windows NT 10.0; Win64; x64) AppleWebKit/537.36"
172.16.5.20 - - [04/Oct/2025:09:36:35 +0000] "GET /api/users HTTP/1.1" 200 5175 "-" "Mozilla/5.0 (Macintosh; Intel Mac OS X 10_15_7)"
172.16.5.20 - - [04/Oct/2025:07:06:58 +0000] "GET /about.html HTTP/1.1" 200 4791 "-" "Mozilla/5.0 (Macintosh; Intel Mac OS X 10_15_7)"
198.51.100.88 - - [04/Oct/2025:00:17:18 +0000] "GET /about.html HTTP/1.1" 404 2003 "-" "curl/7.68.0"
203.0.113.45 - - [04/Oct/2025:07:18:27 +0000] "GET /api/auth HTTP/1.1" 200 3194 "-" "Mozilla/5.0 (X11; Linux x86_64) AppleWebKit/537.36"
172.16.5.20 - - [04/Oct/2025:16:01:19 +0000] "GET /index.html HTTP/1.1" 200 3510 "-" "Mozilla/5.0 (Macintosh; Intel Mac OS X 10_15_7)"
192.168.1.100 - - [04/Oct/2025:00:55:07 +0000] "GET /static/js/app.js HTTP/1.1" 200 1719 "-" "curl/7.68.0"
10.0.0.50 - - [04/Oct/2025:10:57:51 +0000] "GET /about.html HTTP/1.1" 200 4923 "-" "python-requests/2.25.1"
192.168.1.100 - - [04/Oct/2025:16:45:16 +0000] "GET /static/css/main.css HTTP/1.1" 200 4305 "-" "Mozilla/5.0 (X11; Linux x86_64) AppleWebKit/537.36"
203.0.113.45 - - [04/Oct/2025:02:22:27 +0000] "GET /index.html HTTP/1.1" 200 3985 "-" "Mozilla/5.0 (Windows NT 10.0; Win64; x64) AppleWebKit/537.36"
10.0.0.50 - - [04/Oct/2025:14:05:25 +0000] "GET /api/users HTTP/1.1" 200 509 "-" "Mozilla/5.0 (Windows NT 10.0; Win64; x64) AppleWebKit/537.36"
10.0.0.50 - - [04/Oct/2025:21:45:55 +0000] "GET /index.html HTTP/1.1" 200 2784 "-" "curl/7.68.0"
10.0.0.50 - - [04/Oct/2025:16:00:45 +0000] "GET /about.html HTTP/1.1" 200 991 "-" "Mozilla/5.0 (Macintosh; Intel Mac OS X 10_15_7)"
203.0.113.45 - - [04/Oct/2025:03:11:39 +0000] "GET /api/auth HTTP/1.1" 200 3008 "-" "Mozilla/5.0 (X11; Linux x86_64) AppleWebKit/537.36"
198.51.100.88 - - [04/Oct/2025:20:21:01 +0000] "GET /images/logo.png HTTP/1.1" 200 5144 "-" "Mozilla/5.0 (Windows NT 10.0; Win64; x64) AppleWebKit/537.36"
203.0.113.45 - - [04/Oct/2025:09:22:02 +0000] "GET /static/js/app.js HTTP/1.1" 200 3164 "-" "python-requests/2.25.1"
192.168.1.100 - - [04/Oct/2025:01:16:27 +0000] "GET /images/logo.png HTTP/1.1" 200 3204 "-" "Mozilla/5.0 (Windows NT 10.0; Win64; x64) AppleWebKit/537.36"
10.0.0.50 - - [04/Oct/2025:21:21:49 +0000] "GET /static/js/app.js HTTP/1.1" 404 3716 "-" "Mozilla/5.0 (Macintosh; Intel Mac OS X 10_15_7)"
10.0.0.50 - - [04/Oct/2025:06:58:07 +0000] "GET /contact.html HTTP/1.1" 200 1100 "-" "Mozilla/5.0 (X11; Linux x86_64) AppleWebKit/537.36"
10.0.0.50 - - [04/Oct/2025:22:02:57 +0000] "GET /static/js/app.js HTTP/1.1" 200 557 "-" "Mozilla/5.0 (Macintosh; Intel Mac OS X 10_15_7)"
203.0.113.45 - - [04/Oct/2025:10:21:03 +0000] "GET /index.html HTTP/1.1" 200 1656 "-" "Mozilla/5.0 (X11; Linux x86_64) AppleWebKit/537.36"
10.0.0.50 - - [04/Oct/2025:08:21:26 +0000] "GET /images/logo.png HTTP/1.1" 200 2612 "-" "python-requests/2.25.1"
203.0.113.45 - - [04/Oct/2025:15:33:10 +0000] "GET /static/js/app.js HTTP/1.1" 200 3098 "-" "curl/7.68.0"
172.16.5.20 - - [04/Oct/2025:02:39:29 +0000] "GET /static/css/main.css HTTP/1.1" 200 4271 "-" "Mozilla/5.0 (X11; Linux x86_64) AppleWebKit/537.36"
10.0.0.50 - - [04/Oct/2025:15:09:08 +0000] "GET /api/auth HTTP/1.1" 200 1753 "-" "python-requests/2.25.1"
172.16.5.20 - - [04/Oct/2025:13:55:04 +0000] "GET /index.html HTTP/1.1" 200 874 "-" "python-requests/2.25.1"
172.16.5.20 - - [04/Oct/2025:23:52:37 +0000] "GET /static/css/main.css HTTP/1.1" 200 3991 "-" "Mozilla/5.0 (Windows NT 10.0; Win64; x64) AppleWebKit/537.36"
10.0.0.50 - - [04/Oct/2025:02:17:48 +0000] "GET /static/css/main.css HTTP/1.1" 404 3308 "-" "Mozilla/5.0 (Macintosh; Intel Mac OS X 10_15_7)"
10.0.0.50 - - [04/Oct/2025:16:57:10 +0000] "GET /api/auth HTTP/1.1" 200 4967 "-" "Mozilla/5.0 (Windows NT 10.0; Win64; x64) AppleWebKit/537.36"
198.51.100.88 - - [04/Oct/2025:05:39:51 +0000] "GET /images/logo.png HTTP/1.1" 200 3438 "-" "Mozilla/5.0 (X11; Linux x86_64) AppleWebKit/537.36"
203.0.113.45 - - [04/Oct/2025:16:35:58 +0000] "GET /images/logo.png HTTP/1.1" 200 766 "-" "Mozilla/5.0 (Macintosh; Intel Mac OS X 10_15_7)"
172.16.5.20 - - [04/Oct/2025:18:52:44 +0000] "GET /static/css/main.css HTTP/1.1" 200 4009 "-" "python-requests/2.25.1"
203.0.113.45 - - [04/Oct/2025:06:20:02 +0000] "GET /api/auth HTTP/1.1" 200 2206 "-" "Mozilla/5.0 (Macintosh; Intel Mac OS X 10_15_7)"
172.16.5.20 - - [04/Oct/2025:04:45:33 +0000] "GET /static/css/main.css HTTP/1.1" 404 707 "-" "curl/7.68.0"
192.168.1.100 - - [04/Oct/2025:18:18:08 +0000] "GET /about.html HTTP/1.1" 200 2572 "-" "curl/7.68.0"
198.51.100.88 - - [04/Oct/2025:12:54:37 +0000] "GET /api/users HTTP/1.1" 200 5029 "-" "Mozilla/5.0 (X11; Linux x86_64) AppleWebKit/537.36"
172.16.5.20 - - [04/Oct/2025:07:44:16 +0000] "GET /api/auth HTTP/1.1" 200 3029 "-" "curl/7.68.0"
192.168.1.100 - - [04/Oct/2025:04:13:56 +0000] "GET /static/js/app.js HTTP/1.1" 404 3516 "-" "Mozilla/5.0 (Windows NT 10.0; Win64; x64) AppleWebKit/537.36"
192.168.1.100 - - [04/Oct/2025:21:25:36 +0000] "GET /api/auth HTTP/1.1" 200 4730 "-" "Mozilla/5.0 (Windows NT 10.0; Win64; x64) AppleWebKit/537.36"
172.16.5.20 - - [04/Oct/2025:02:47:21 +0000] "GET /api/auth HTTP/1.1" 404 2811 "-" "Mozilla/5.0 (Windows NT 10.0; Win64; x64) AppleWebKit/537.36"
203.0.113.45 - - [04/Oct/2025:04:16:49 +0000] "GET /contact.html HTTP/1.1" 200 2429 "-" "python-requests/2.25.1"
192.168.1.100 - - [04/Oct/2025:18:32:48 +0000] "GET /api/users HTTP/1.1" 200 3630 "-" "curl/7.68.0"
172.16.5.20 - - [04/Oct/2025:00:03:58 +0000] "GET /static/css/main.css HTTP/1.1" 200 2819 "-" "Mozilla/5.0 (Macintosh; Intel Mac OS X 10_15_7)"
172.16.5.20 - - [04/Oct/2025:09:37:38 +0000] "GET /static/css/main.css HTTP/1.1" 200 1484 "-" "python-requests/2.25.1"
10.0.0.50 - - [04/Oct/2025:04:05:51 +0000] "GET /about.html HTTP/1.1" 200 1469 "-" "Mozilla/5.0 (X11; Linux x86_64) AppleWebKit/537.36"
203.0.113.45 - - [04/Oct/2025:16:47:45 +0000] "GET /about.html HTTP/1.1" 200 5351 "-" "python-requests/2.25.1"
198.51.100.88 - - [04/Oct/2025:19:56:56 +0000] "GET /api/users HTTP/1.1" 200 1310 "-" "Mozilla/5.0 (X11; Linux x86_64) AppleWebKit/537.36"
10.0.0.50 - - [04/Oct/2025:07:25:19 +0000] "GET /static/css/main.css HTTP/1.1" 200 2600 "-" "Mozilla/5.0 (Windows NT 10.0; Win64; x64) AppleWebKit/537.36"
192.168.1.100 - - [04/Oct/2025:12:31:22 +0000] "GET /static/js/app.js HTTP/1.1" 200 2448 "-" "curl/7.68.0"
192.168.1.100 - - [04/Oct/2025:20:33:36 +0000] "GET /images/logo.png HTTP/1.1" 200 2345 "-" "Mozilla/5.0 (Macintosh; Intel Mac OS X 10_15_7)"
172.16.5.20 - - [04/Oct/2025:01:22:41 +0000] "GET /images/logo.png HTTP/1.1" 200 1338 "-" "python-requests/2.25.1"
198.51.100.88 - - [04/Oct/2025:15:07:12 +0000] "GET /static/js/app.js HTTP/1.1" 404 5237 "-" "Mozilla/5.0 (Macintosh; Intel Mac OS X 10_15_7)"
172.16.5.20 - - [04/Oct/2025:19:17:06 +0000] "GET /static/js/app.js HTTP/1.1" 200 1592 "-" "Mozilla/5.0 (Macintosh; Intel Mac OS X 10_15_7)"
192.168.1.100 - - [04/Oct/2025:18:17:24 +0000] "GET /images/logo.png HTTP/1.1" 200 1294 "-" "curl/7.68.0"
10.0.0.50 - - [04/Oct/2025:23:32:51 +0000] "GET /contact.html HTTP/1.1" 200 1189 "-" "Mozilla/5.0 (Windows NT 10.0; Win64; x64) AppleWebKit/537.36"
203.0.113.45 - - [04/Oct/2025:00:29:45 +0000] "GET /images/logo.png HTTP/1.1" 200 1011 "-" "python-requests/2.25.1"
198.51.100.88 - - [04/Oct/2025:22:55:35 +0000] "GET /about.html HTTP/1.1" 404 2725 "-" "curl/7.68.0"
192.168.1.100 - - [04/Oct/2025:22:16:12 +0000] "GET /static/css/main.css HTTP/1.1" 404 5146 "-" "Mozilla/5.0 (X11; Linux x86_64) AppleWebKit/537.36"
10.0.0.50 - - [04/Oct/2025:20:44:45 +0000] "GET /images/logo.png HTTP/1.1" 200 2103 "-" "curl/7.68.0"
192.168.1.100 - - [04/Oct/2025:21:32:23 +0000] "GET /api/auth HTTP/1.1" 200 2070 "-" "python-requests/2.25.1"
10.0.0.50 - - [04/Oct/2025:13:49:27 +0000] "GET /static/css/main.css HTTP/1.1" 200 3621 "-" "Mozilla/5.0 (Windows NT 10.0; Win64; x64) AppleWebKit/537.36"
198.51.100.88 - - [04/Oct/2025:12:04:28 +0000] "GET /static/js/app.js HTTP/1.1" 200 1133 "-" "curl/7.68.0"
192.168.1.100 - - [04/Oct/2025:06:24:04 +0000] "GET /api/users HTTP/1.1" 404 1244 "-" "Mozilla/5.0 (Windows NT 10.0; Win64; x64) AppleWebKit/537.36"
198.51.100.88 - - [04/Oct/2025:03:42:04 +0000] "GET /api/users HTTP/1.1" 200 3352 "-" "curl/7.68.0"
198.51.100.88 - - [04/Oct/2025:16:20:26 +0000] "GET /contact.html HTTP/1.1" 404 1169 "-" "Mozilla/5.0 (X11; Linux x86_64) AppleWebKit/537.36"
198.51.100.88 - - [04/Oct/2025:09:05:34 +0000] "GET /images/logo.png HTTP/1.1" 200 5003 "-" "python-requests/2.25.1"
10.0.0.50 - - [04/Oct/2025:20:22:56 +0000] "GET /static/css/main.css HTTP/1.1" 200 5274 "-" "curl/7.68.0"
172.16.5.20 - - [04/Oct/2025:08:49:22 +0000] "GET /contact.html HTTP/1.1" 200 5463 "-" "Mozilla/5.0 (Windows NT 10.0; Win64; x64) AppleWebKit/537.36"
10.0.0.50 - - [04/Oct/2025:08:55:34 +0000] "GET /images/logo.png HTTP/1.1" 200 3667 "-" "Mozilla/5.0 (Macintosh; Intel Mac OS X 10_15_7)"
10.0.0.50 - - [04/Oct/2025:08:38:57 +0000] "GET /api/auth HTTP/1.1" 200 1394 "-" "Mozilla/5.0 (Macintosh; Intel Mac OS X 10_15_7)"
10.0.0.50 - - [04/Oct/2025:23:10:36 +0000] "GET /api/users HTTP/1.1" 200 770 "-" "curl/7.68.0"
192.168.1.100 - - [04/Oct/2025:05:58:51 +0000] "GET /index.html HTTP/1.1" 404 4984 "-" "curl/7.68.0"
10.0.0.50 - - [04/Oct/2025:20:01:05 +0000] "GET /about.html HTTP/1.1" 200 1258 "-" "Mozilla/5.0 (X11; Linux x86_64) AppleWebKit/537.36"
198.51.100.88 - - [04/Oct/2025:15:47:30 +0000] "GET /api/users HTTP/1.1" 200 675 "-" "curl/7.68.0"
198.51.100.88 - - [04/Oct/2025:05:11:25 +0000] "GET /images/logo.png HTTP/1.1" 200 2848 "-" "Mozilla/5.0 (X11; Linux x86_64) AppleWebKit/537.36"
198.51.100.88 - - [04/Oct/2025:22:08:43 +0000] "GET /index.html HTTP/1.1" 200 2961 "-" "Mozilla/5.0 (X11; Linux x86_64) AppleWebKit/537.36"
198.51.100.88 - - [04/Oct/2025:16:52:45 +0000] "GET /api/users HTTP/1.1" 200 4362 "-" "curl/7.68.0"
192.168.1.100 - - [04/Oct/2025:14:54:18 +0000] "GET /api/auth HTTP/1.1" 200 5017 "-" "Mozilla/5.0 (Windows NT 10.0; Win64; x64) AppleWebKit/537.36"
172.16.5.20 - - [04/Oct/2025:12:41:45 +0000] "GET /static/js/app.js HTTP/1.1" 200 2085 "-" "Mozilla/5.0 (Windows NT 10.0; Win64; x64) AppleWebKit/537.36"
198.51.100.88 - - [04/Oct/2025:08:31:50 +0000] "GET /static/js/app.js HTTP/1.1" 200 5401 "-" "Mozilla/5.0 (Macintosh; Intel Mac OS X 10_15_7)"
198.51.100.88 - - [04/Oct/2025:20:12:48 +0000] "GET /about.html HTTP/1.1" 200 4896 "-" "python-requests/2.25.1"
203.0.113.45 - - [04/Oct/2025:12:01:00 +0000] "GET /about.html HTTP/1.1" 200 2965 "-" "Mozilla/5.0 (X11; Linux x86_64) AppleWebKit/537.36"
192.168.1.100 - - [04/Oct/2025:11:52:56 +0000] "GET /api/users HTTP/1.1" 200 708 "-" "Mozilla/5.0 (Windows NT 10.0; Win64; x64) AppleWebKit/537.36"
172.16.5.20 - - [04/Oct/2025:01:08:33 +0000] "GET /static/js/app.js HTTP/1.1" 200 4825 "-" "Mozilla/5.0 (Windows NT 10.0; Win64; x64) AppleWebKit/537.36"
203.0.113.45 - - [04/Oct/2025:16:10:37 +0000] "GET /api/users HTTP/1.1" 200 3032 "-" "Mozilla/5.0 (Windows NT 10.0; Win64; x64) AppleWebKit/537.36"
172.16.5.20 - - [04/Oct/2025:17:55:04 +0000] "GET /images/logo.png HTTP/1.1" 200 3656 "-" "Mozilla/5.0 (Windows NT 10.0; Win64; x64) AppleWebKit/537.36"
10.0.0.50 - - [04/Oct/2025:18:36:56 +0000] "GET /static/css/main.css HTTP/1.1" 200 3668 "-" "python-requests/2.25.1"
172.16.5.20 - - [04/Oct/2025:21:14:55 +0000] "GET /contact.html HTTP/1.1" 200 804 "-" "curl/7.68.0"
192.168.1.100 - - [04/Oct/2025:16:30:41 +0000] "GET /images/logo.png HTTP/1.1" 200 2144 "-" "Mozilla/5.0 (X11; Linux x86_64) AppleWebKit/537.36"
192.168.1.100 - - [04/Oct/2025:22:12:28 +0000] "GET /index.html HTTP/1.1" 200 3399 "-" "Mozilla/5.0 (X11; Linux x86_64) AppleWebKit/537.36"
10.0.0.50 - - [04/Oct/2025:05:40:15 +0000] "GET /static/js/app.js HTTP/1.1" 200 1435 "-" "Mozilla/5.0 (Macintosh; Intel Mac OS X 10_15_7)"
10.0.0.50 - - [04/Oct/2025:07:19:30 +0000] "GET /about.html HTTP/1.1" 200 1666 "-" "Mozilla/5.0 (Macintosh; Intel Mac OS X 10_15_7)"
172.16.5.20 - - [04/Oct/2025:05:58:05 +0000] "GET /contact.html HTTP/1.1" 200 4575 "-" "Mozilla/5.0 (Macintosh; Intel Mac OS X 10_15_7)"
172.16.5.20 - - [04/Oct/2025:18:42:20 +0000] "GET /about.html HTTP/1.1" 200 3560 "-" "Mozilla/5.0 (X11; Linux x86_64) AppleWebKit/537.36"
10.0.0.50 - - [04/Oct/2025:20:39:19 +0000] "GET /index.html HTTP/1.1" 200 1501 "-" "Mozilla/5.0 (Windows NT 10.0; Win64; x64) AppleWebKit/537.36"
198.51.100.88 - - [04/Oct/2025:07:34:41 +0000] "GET /static/css/main.css HTTP/1.1" 200 5104 "-" "Mozilla/5.0 (X11; Linux x86_64) AppleWebKit/537.36"
172.16.5.20 - - [04/Oct/2025:05:02:40 +0000] "GET /index.html HTTP/1.1" 200 5008 "-" "curl/7.68.0"
203.0.113.45 - - [04/Oct/2025:20:24:47 +0000] "GET /api/users HTTP/1.1" 200 2602 "-" "Mozilla/5.0 (Windows NT 10.0; Win64; x64) AppleWebKit/537.36"
172.16.5.20 - - [04/Oct/2025:13:37:16 +0000] "GET /contact.html HTTP/1.1" 200 5112 "-" "Mozilla/5.0 (Windows NT 10.0; Win64; x64) AppleWebKit/537.36"
192.168.1.100 - - [04/Oct/2025:04:42:33 +0000] "GET /static/js/app.js HTTP/1.1" 200 813 "-" "curl/7.68.0"
192.168.1.100 - - [04/Oct/2025:22:48:26 +0000] "GET /static/css/main.css HTTP/1.1" 200 3713 "-" "Mozilla/5.0 (Windows NT 10.0; Win64; x64) AppleWebKit/537.36"
192.168.1.100 - - [04/Oct/2025:07:08:02 +0000] "GET /index.html HTTP/1.1" 200 2905 "-" "Mozilla/5.0 (X11; Linux x86_64) AppleWebKit/537.36"
10.0.0.50 - - [04/Oct/2025:11:19:20 +0000] "GET /api/auth HTTP/1.1" 200 2539 "-" "python-requests/2.25.1"
203.0.113.45 - - [04/Oct/2025:21:23:10 +0000] "GET /static/css/main.css HTTP/1.1" 200 530 "-" "Mozilla/5.0 (X11; Linux x86_64) AppleWebKit/537.36"
192.168.1.100 - - [04/Oct/2025:13:11:00 +0000] "GET /images/logo.png HTTP/1.1" 200 4491 "-" "Mozilla/5.0 (Macintosh; Intel Mac OS X 10_15_7)"
198.51.100.88 - - [04/Oct/2025:10:25:09 +0000] "GET /static/js/app.js HTTP/1.1" 200 3768 "-" "Mozilla/5.0 (X11; Linux x86_64) AppleWebKit/537.36"
192.168.1.100 - - [04/Oct/2025:00:35:57 +0000] "GET /about.html HTTP/1.1" 200 5347 "-" "Mozilla/5.0 (X11; Linux x86_64) AppleWebKit/537.36"
203.0.113.45 - - [04/Oct/2025:04:59:45 +0000] "GET /index.html HTTP/1.1" 200 835 "-" "python-requests/2.25.1"
198.51.100.88 - - [04/Oct/2025:03:19:12 +0000] "GET /about.html HTTP/1.1" 200 1852 "-" "python-requests/2.25.1"
10.0.0.50 - - [04/Oct/2025:09:23:52 +0000] "GET /about.html HTTP/1.1" 200 5290 "-" "Mozilla/5.0 (Windows NT 10.0; Win64; x64) AppleWebKit/537.36"
198.51.100.88 - - [04/Oct/2025:05:31:31 +0000] "GET /images/logo.png HTTP/1.1" 200 4063 "-" "Mozilla/5.0 (Windows NT 10.0; Win64; x64) AppleWebKit/537.36"
192.168.1.100 - - [04/Oct/2025:09:00:04 +0000] "GET /api/auth HTTP/1.1" 200 5365 "-" "python-requests/2.25.1"
203.0.113.45 - - [04/Oct/2025:06:35:01 +0000] "GET /static/js/app.js HTTP/1.1" 200 2910 "-" "curl/7.68.0"
192.168.1.100 - - [04/Oct/2025:20:27:04 +0000] "GET /index.html HTTP/1.1" 200 4540 "-" "Mozilla/5.0 (Macintosh; Intel Mac OS X 10_15_7)"
172.16.5.20 - - [04/Oct/2025:17:03:57 +0000] "GET /contact.html HTTP/1.1" 200 1825 "-" "curl/7.68.0"
172.16.5.20 - - [04/Oct/2025:16:25:44 +0000] "GET /static/js/app.js HTTP/1.1" 200 3065 "-" "python-requests/2.25.1"
10.0.0.50 - - [04/Oct/2025:10:14:27 +0000] "GET /static/js/app.js HTTP/1.1" 200 2939 "-" "Mozilla/5.0 (Macintosh; Intel Mac OS X 10_15_7)"
198.51.100.88 - - [04/Oct/2025:01:31:22 +0000] "GET /index.html HTTP/1.1" 200 2999 "-" "Mozilla/5.0 (Windows NT 10.0; Win64; x64) AppleWebKit/537.36"
10.0.0.50 - - [04/Oct/2025:02:51:00 +0000] "GET /contact.html HTTP/1.1" 200 2060 "-" "Mozilla/5.0 (X11; Linux x86_64) AppleWebKit/537.36"
198.51.100.88 - - [04/Oct/2025:20:29:42 +0000] "GET /api/users HTTP/1.1" 200 3452 "-" "python-requests/2.25.1"
172.16.5.20 - - [04/Oct/2025:11:23:26 +0000] "GET /static/js/app.js HTTP/1.1" 200 3104 "-" "curl/7.68.0"
192.168.1.100 - - [04/Oct/2025:15:17:14 +0000] "GET /static/js/app.js HTTP/1.1" 200 2368 "-" "python-requests/2.25.1"
198.51.100.88 - - [04/Oct/2025:05:32:28 +0000] "GET /static/js/app.js HTTP/1.1" 200 739 "-" "python-requests/2.25.1"
10.0.0.50 - - [04/Oct/2025:02:30:28 +0000] "GET /static/js/app.js HTTP/1.1" 200 2483 "-" "python-requests/2.25.1"
198.51.100.88 - - [04/Oct/2025:14:02:37 +0000] "GET /api/users HTTP/1.1" 200 4146 "-" "Mozilla/5.0 (X11; Linux x86_64) AppleWebKit/537.36"
10.0.0.50 - - [04/Oct/2025:12:45:28 +0000] "GET /static/js/app.js HTTP/1.1" 200 4282 "-" "Mozilla/5.0 (Windows NT 10.0; Win64; x64) AppleWebKit/537.36"
192.168.1.100 - - [04/Oct/2025:20:48:35 +0000] "GET /index.html HTTP/1.1" 200 4735 "-" "Mozilla/5.0 (X11; Linux x86_64) AppleWebKit/537.36"
10.0.0.50 - - [04/Oct/2025:12:46:24 +0000] "GET /api/users HTTP/1.1" 200 1633 "-" "curl/7.68.0"
192.168.1.100 - - [04/Oct/2025:23:29:11 +0000] "GET /about.html HTTP/1.1" 200 2947 "-" "Mozilla/5.0 (Windows NT 10.0; Win64; x64) AppleWebKit/537.36"
10.0.0.50 - - [04/Oct/2025:04:10:48 +0000] "GET /contact.html HTTP/1.1" 200 3850 "-" "curl/7.68.0"
203.0.113.45 - - [04/Oct/2025:07:33:18 +0000] "GET /about.html HTTP/1.1" 200 3688 "-" "Mozilla/5.0 (Windows NT 10.0; Win64; x64) AppleWebKit/537.36"
10.0.0.50 - - [04/Oct/2025:11:19:34 +0000] "GET /static/js/app.js HTTP/1.1" 200 4475 "-" "Mozilla/5.0 (Windows NT 10.0; Win64; x64) AppleWebKit/537.36"
203.0.113.45 - - [04/Oct/2025:02:50:32 +0000] "GET /static/js/app.js HTTP/1.1" 404 3013 "-" "Mozilla/5.0 (X11; Linux x86_64) AppleWebKit/537.36"
192.168.1.100 - - [04/Oct/2025:21:28:44 +0000] "GET /index.html HTTP/1.1" 200 4014 "-" "python-requests/2.25.1"
198.51.100.88 - - [04/Oct/2025:23:28:01 +0000] "GET /api/auth HTTP/1.1" 200 704 "-" "Mozilla/5.0 (Macintosh; Intel Mac OS X 10_15_7)"
198.51.100.88 - - [04/Oct/2025:13:22:14 +0000] "GET /images/logo.png HTTP/1.1" 200 1716 "-" "python-requests/2.25.1"
10.0.0.50 - - [04/Oct/2025:01:18:04 +0000] "GET /images/logo.png HTTP/1.1" 200 1403 "-" "Mozilla/5.0 (Windows NT 10.0; Win64; x64) AppleWebKit/537.36"
198.51.100.88 - - [04/Oct/2025:20:50:30 +0000] "GET /images/logo.png HTTP/1.1" 200 3894 "-" "Mozilla/5.0 (Macintosh; Intel Mac OS X 10_15_7)"
192.168.1.100 - - [04/Oct/2025:00:40:25 +0000] "GET /images/logo.png HTTP/1.1" 200 1491 "-" "Mozilla/5.0 (X11; Linux x86_64) AppleWebKit/537.36"
203.0.113.45 - - [04/Oct/2025:00:36:55 +0000] "GET /static/css/main.css HTTP/1.1" 200 3623 "-" "python-requests/2.25.1"
198.51.100.88 - - [04/Oct/2025:13:50:05 +0000] "GET /contact.html HTTP/1.1" 404 3072 "-" "python-requests/2.25.1"
203.0.113.45 - - [04/Oct/2025:10:39:37 +0000] "GET /contact.html HTTP/1.1" 200 5098 "-" "curl/7.68.0"
172.16.5.20 - - [04/Oct/2025:14:08:31 +0000] "GET /static/css/main.css HTTP/1.1" 200 3133 "-" "curl/7.68.0"
172.16.5.20 - - [04/Oct/2025:00:10:42 +0000] "GET /about.html HTTP/1.1" 200 4492 "-" "Mozilla/5.0 (X11; Linux x86_64) AppleWebKit/537.36"
192.168.1.100 - - [04/Oct/2025:10:20:33 +0000] "GET /api/users HTTP/1.1" 200 3740 "-" "curl/7.68.0"
192.168.1.100 - - [04/Oct/2025:16:19:03 +0000] "GET /api/users HTTP/1.1" 200 4827 "-" "Mozilla/5.0 (X11; Linux x86_64) AppleWebKit/537.36"
203.0.113.45 - - [04/Oct/2025:06:20:08 +0000] "GET /static/js/app.js HTTP/1.1" 404 4890 "-" "Mozilla/5.0 (Windows NT 10.0; Win64; x64) AppleWebKit/537.36"
198.51.100.88 - - [04/Oct/2025:22:13:12 +0000] "GET /api/auth HTTP/1.1" 200 4622 "-" "Mozilla/5.0 (Windows NT 10.0; Win64; x64) AppleWebKit/537.36"
172.16.5.20 - - [04/Oct/2025:04:32:42 +0000] "GET /static/css/main.css HTTP/1.1" 200 2058 "-" "Mozilla/5.0 (X11; Linux x86_64) AppleWebKit/537.36"
203.0.113.45 - - [04/Oct/2025:06:17:22 +0000] "GET /static/css/main.css HTTP/1.1" 200 4257 "-" "Mozilla/5.0 (Windows NT 10.0; Win64; x64) AppleWebKit/537.36"
192.168.1.100 - - [04/Oct/2025:20:03:45 +0000] "GET /static/css/main.css HTTP/1.1" 200 591 "-" "curl/7.68.0"
198.51.100.88 - - [04/Oct/2025:12:39:50 +0000] "GET /contact.html HTTP/1.1" 200 736 "-" "Mozilla/5.0 (Macintosh; Intel Mac OS X 10_15_7)"
10.0.0.50 - - [04/Oct/2025:14:26:08 +0000] "GET /images/logo.png HTTP/1.1" 404 3040 "-" "curl/7.68.0"
192.168.1.100 - - [04/Oct/2025:07:00:25 +0000] "GET /api/users HTTP/1.1" 404 2599 "-" "curl/7.68.0"
192.168.1.100 - - [04/Oct/2025:13:50:31 +0000] "GET /about.html HTTP/1.1" 200 3992 "-" "Mozilla/5.0 (X11; Linux x86_64) AppleWebKit/537.36"
10.0.0.50 - - [04/Oct/2025:11:47:36 +0000] "GET /api/auth HTTP/1.1" 200 2026 "-" "Mozilla/5.0 (Macintosh; Intel Mac OS X 10_15_7)"
192.168.1.100 - - [04/Oct/2025:01:17:36 +0000] "GET /about.html HTTP/1.1" 404 921 "-" "Mozilla/5.0 (X11; Linux x86_64) AppleWebKit/537.36"
198.51.100.88 - - [04/Oct/2025:02:22:49 +0000] "GET /index.html HTTP/1.1" 200 4336 "-" "Mozilla/5.0 (Windows NT 10.0; Win64; x64) AppleWebKit/537.36"
198.51.100.88 - - [04/Oct/2025:15:23:43 +0000] "GET /index.html HTTP/1.1" 200 2057 "-" "python-requests/2.25.1"
203.0.113.45 - - [04/Oct/2025:01:56:13 +0000] "GET /contact.html HTTP/1.1" 404 1110 "-" "Mozilla/5.0 (Windows NT 10.0; Win64; x64) AppleWebKit/537.36"
172.16.5.20 - - [04/Oct/2025:10:37:26 +0000] "GET /static/js/app.js HTTP/1.1" 200 2310 "-" "Mozilla/5.0 (Macintosh; Intel Mac OS X 10_15_7)"
192.168.1.100 - - [04/Oct/2025:03:57:24 +0000] "GET /static/js/app.js HTTP/1.1" 200 1402 "-" "python-requests/2.25.1"
203.0.113.45 - - [04/Oct/2025:09:06:48 +0000] "GET /contact.html HTTP/1.1" 200 1005 "-" "python-requests/2.25.1"
198.51.100.88 - - [04/Oct/2025:14:33:06 +0000] "GET /about.html HTTP/1.1" 200 3076 "-" "Mozilla/5.0 (X11; Linux x86_64) AppleWebKit/537.36"
203.0.113.45 - - [04/Oct/2025:05:17:21 +0000] "GET /index.html HTTP/1.1" 404 4693 "-" "Mozilla/5.0 (Macintosh; Intel Mac OS X 10_15_7)"
203.0.113.45 - - [04/Oct/2025:05:30:23 +0000] "GET /contact.html HTTP/1.1" 200 4723 "-" "python-requests/2.25.1"
192.168.1.100 - - [04/Oct/2025:20:48:33 +0000] "GET /static/css/main.css HTTP/1.1" 200 4365 "-" "Mozilla/5.0 (Macintosh; Intel Mac OS X 10_15_7)"
172.16.5.20 - - [04/Oct/2025:01:29:37 +0000] "GET /api/users HTTP/1.1" 200 1064 "-" "Mozilla/5.0 (Windows NT 10.0; Win64; x64) AppleWebKit/537.36"
203.0.113.45 - - [04/Oct/2025:04:09:30 +0000] "GET /static/css/main.css HTTP/1.1" 200 2667 "-" "curl/7.68.0"
203.0.113.45 - - [04/Oct/2025:14:11:07 +0000] "GET /api/auth HTTP/1.1" 200 1998 "-" "Mozilla/5.0 (X11; Linux x86_64) AppleWebKit/537.36"
172.16.5.20 - - [04/Oct/2025:00:26:21 +0000] "GET /contact.html HTTP/1.1" 200 2604 "-" "curl/7.68.0"
172.16.5.20 - - [04/Oct/2025:15:09:08 +0000] "GET /about.html HTTP/1.1" 200 1428 "-" "Mozilla/5.0 (Macintosh; Intel Mac OS X 10_15_7)"
192.168.1.100 - - [04/Oct/2025:10:28:27 +0000] "GET /about.html HTTP/1.1" 200 790 "-" "Mozilla/5.0 (Macintosh; Intel Mac OS X 10_15_7)"
203.0.113.45 - - [04/Oct/2025:19:59:21 +0000] "GET /static/js/app.js HTTP/1.1" 200 1495 "-" "Mozilla/5.0 (X11; Linux x86_64) AppleWebKit/537.36"
10.0.0.50 - - [04/Oct/2025:12:45:45 +0000] "GET /index.html HTTP/1.1" 200 2302 "-" "python-requests/2.25.1"
203.0.113.45 - - [04/Oct/2025:17:10:06 +0000] "GET /index.html HTTP/1.1" 200 664 "-" "Mozilla/5.0 (X11; Linux x86_64) AppleWebKit/537.36"
10.0.0.50 - - [04/Oct/2025:17:16:26 +0000] "GET /images/logo.png HTTP/1.1" 200 5102 "-" "Mozilla/5.0 (Macintosh; Intel Mac OS X 10_15_7)"
203.0.113.45 - - [04/Oct/2025:05:08:46 +0000] "GET /images/logo.png HTTP/1.1" 200 4442 "-" "python-requests/2.25.1"
203.0.113.45 - - [04/Oct/2025:00:19:56 +0000] "GET /about.html HTTP/1.1" 404 4589 "-" "Mozilla/5.0 (X11; Linux x86_64) AppleWebKit/537.36"
